---
http_interactions:
- request:
    method: get
    uri: https://packages.chef.io/api/v1/build/delivery
    body:
      encoding: US-ASCII
      string: ''
    headers:
      Accept-Encoding:
      - gzip;q=1.0,deflate;q=0.6,identity;q=0.3
      Accept:
      - "*/*"
      User-Agent:
      - Ruby
  response:
    status:
      code: 200
      message: OK
    headers:
      Content-Type:
      - application/vnd.org.jfrog.build.BuildsByName+json
      Server:
      - nginx
      X-Artifactory-Id:
      - c1ec6ca2696a3944:3eed5ced:156c20cd259:-7f6b
      Via:
      - 1.1 varnish
      - 1.1 varnish
      Fastly-Debug-Digest:
      - 47f1cb5017feef3679800d0eafd89dd0aedeb36b64328492857ae4dc952e13fe
      Content-Length:
      - '7337'
      Accept-Ranges:
      - bytes
      Date:
      - Thu, 01 Sep 2016 21:18:44 GMT
      Age:
      - '0'
      Connection:
      - keep-alive
      X-Served-By:
      - cache-sjc3148-SJC, cache-den6022-DEN
      X-Cache:
      - MISS, MISS
      X-Cache-Hits:
      - 0, 0
      X-Timer:
      - S1472764723.938624,VS0,VE259
    body:
      encoding: UTF-8
      string: |-
        {
          "buildsNumbers" : [ {
            "uri" : "/0.5.180",
            "started" : "2016-08-25T15:50:01.590+0000"
          }, {
            "uri" : "/0.5.185",
            "started" : "2016-08-25T23:51:39.866+0000"
          }, {
            "uri" : "/0.5.167",
            "started" : "2016-08-22T19:20:32.850+0000"
          }, {
            "uri" : "/0.5.200",
            "started" : "2016-08-31T15:05:35.002+0000"
          }, {
            "uri" : "/0.3.240",
            "started" : "2015-08-26T20:11:27.272+0000"
          }, {
            "uri" : "/0.5.174",
            "started" : "2016-08-24T20:10:07.542+0000"
          }, {
            "uri" : "/0.5.207+git.1.6d19052",
            "started" : "2016-09-01T21:02:02.703+0000"
          }, {
            "uri" : "/0.3.210",
            "started" : "2015-08-14T02:40:35.926+0000"
          }, {
            "uri" : "/0.5.197",
            "started" : "2016-08-30T18:42:03.800+0000"
          }, {
            "uri" : "/0.5.1",
            "started" : "2016-07-12T03:26:52.495+0000"
          }, {
            "uri" : "/0.5.195",
            "started" : "2016-08-30T16:38:07.550+0000"
          }, {
            "uri" : "/0.5.189",
            "started" : "2016-08-29T21:31:18.593+0000"
          }, {
            "uri" : "/0.3.519",
            "started" : "2016-01-12T19:10:54.992+0000"
          }, {
            "uri" : "/0.5.192",
            "started" : "2016-08-30T01:57:57.665+0000"
          }, {
            "uri" : "/0.5.118",
            "started" : "2016-08-11T21:43:44.624+0000"
          }, {
            "uri" : "/0.3.640",
            "started" : "2016-02-19T22:38:12.027+0000"
          }, {
            "uri" : "/0.3.304",
            "started" : "2015-09-24T17:47:24.318+0000"
          }, {
            "uri" : "/0.4.437",
            "started" : "2016-06-13T22:21:47.845+0000"
          }, {
            "uri" : "/0.4.199",
            "started" : "2016-04-14T19:41:18.173+0000"
          }, {
            "uri" : "/0.5.206",
            "started" : "2016-09-01T14:25:52.954+0000"
          }, {
            "uri" : "/0.3.374",
            "started" : "2015-10-31T16:26:45.269+0000"
          }, {
            "uri" : "/0.5.198",
            "started" : "2016-08-31T01:28:43.711+0000"
          }, {
            "uri" : "/0.5.203",
            "started" : "2016-08-31T21:35:03.415+0000"
          }, {
            "uri" : "/0.5.140",
            "started" : "2016-08-16T20:15:33.410+0000"
          }, {
            "uri" : "/0.4.132",
            "started" : "2016-03-29T18:52:29.116+0000"
          }, {
            "uri" : "/0.3.554",
            "started" : "2016-01-21T23:23:34.748+0000"
          }, {
            "uri" : "/0.3.224",
            "started" : "2015-08-19T17:31:49.030+0000"
          }, {
            "uri" : "/0.5.115",
            "started" : "2016-08-11T17:37:23.263+0000"
          }, {
            "uri" : "/0.3.467",
            "started" : "2015-12-04T00:57:05.440+0000"
          }, {
            "uri" : "/0.5.204",
            "started" : "2016-08-31T23:43:48.327+0000"
          }, {
            "uri" : "/0.5.89",
            "started" : "2016-08-08T17:27:35.254+0000"
          }, {
            "uri" : "/0.5.61",
            "started" : "2016-08-02T22:08:13.752+0000"
          }, {
            "uri" : "/0.4.299",
            "started" : "2016-05-17T08:57:27.324+0000"
          }, {
            "uri" : "/0.5.108",
            "started" : "2016-08-10T20:56:41.259+0000"
          }, {
            "uri" : "/0.5.193",
            "started" : "2016-08-30T14:46:49.979+0000"
          }, {
            "uri" : "/0.5.116",
            "started" : "2016-08-11T18:03:32.842+0000"
          }, {
            "uri" : "/0.3.358",
            "started" : "2015-10-28T00:03:31.211+0000"
          }, {
            "uri" : "/0.5.183",
            "started" : "2016-08-25T19:38:01.036+0000"
          }, {
            "uri" : "/0.5.77",
            "started" : "2016-08-04T20:54:34.208+0000"
          }, {
            "uri" : "/0.3.522",
            "started" : "2016-01-13T22:06:14.725+0000"
          }, {
            "uri" : "/0.3.186",
            "started" : "2015-08-04T22:47:17.711+0000"
          }, {
            "uri" : "/0.5.184",
            "started" : "2016-08-25T22:48:34.827+0000"
          }, {
            "uri" : "/0.5.201",
            "started" : "2016-08-31T18:51:35.251+0000"
          }, {
            "uri" : "/0.5.182",
            "started" : "2016-08-25T18:17:55.278+0000"
          }, {
            "uri" : "/0.5.158",
            "started" : "2016-08-19T20:55:03.600+0000"
          }, {
            "uri" : "/0.5.152",
            "started" : "2016-08-18T19:51:09.945+0000"
          }, {
            "uri" : "/0.5.83",
            "started" : "2016-08-05T19:19:06.777+0000"
          }, {
            "uri" : "/0.3.390",
            "started" : "2015-11-04T18:37:07.283+0000"
          }, {
            "uri" : "/0.3.201",
            "started" : "2015-08-12T16:39:31.151+0000"
          }, {
            "uri" : "/0.3.278",
            "started" : "2015-09-14T23:45:00.258+0000"
          }, {
            "uri" : "/0.3.334",
            "started" : "2015-10-14T01:11:38.441+0000"
          }, {
            "uri" : "/0.3.435",
            "started" : "2015-11-19T20:49:15.340+0000"
          }, {
            "uri" : "/0.5.186",
            "started" : "2016-08-26T00:51:33.082+0000"
          }, {
            "uri" : "/0.4.522",
            "started" : "2016-06-24T23:36:08.024+0000"
          }, {
            "uri" : "/0.3.391",
            "started" : "2015-11-04T23:42:42.046+0000"
          }, {
            "uri" : "/0.5.179",
            "started" : "2016-08-25T15:14:57.907+0000"
          }, {
            "uri" : "/0.5.131",
            "started" : "2016-08-15T18:30:32.331+0000"
          }, {
            "uri" : "/0.5.190",
            "started" : "2016-08-29T22:22:30.299+0000"
          }, {
            "uri" : "/0.4.6",
            "started" : "2016-02-23T02:48:15.187+0000"
          }, {
            "uri" : "/0.5.181",
            "started" : "2016-08-25T16:52:00.772+0000"
          }, {
            "uri" : "/0.5.64",
            "started" : "2016-08-03T16:30:50.775+0000"
          }, {
            "uri" : "/0.3.341",
            "started" : "2015-10-21T15:53:09.136+0000"
          }, {
            "uri" : "/0.5.205",
            "started" : "2016-09-01T04:24:12.689+0000"
          }, {
            "uri" : "/0.5.196",
            "started" : "2016-08-30T17:36:39.768+0000"
          }, {
            "uri" : "/0.5.169",
            "started" : "2016-08-23T20:00:05.803+0000"
          }, {
            "uri" : "/0.5.191",
            "started" : "2016-08-30T00:15:14.593+0000"
          }, {
            "uri" : "/0.3.251",
            "started" : "2015-09-01T23:54:53.311+0000"
          }, {
            "uri" : "/0.5.73",
            "started" : "2016-08-04T17:03:26.483+0000"
          }, {
            "uri" : "/0.5.91",
            "started" : "2016-08-08T21:44:12.172+0000"
          }, {
            "uri" : "/0.4.235",
            "started" : "2016-04-27T17:16:26.827+0000"
          }, {
            "uri" : "/0.3.450",
            "started" : "2015-11-30T21:42:21.804+0000"
          }, {
            "uri" : "/0.3.369",
            "started" : "2015-10-29T20:50:08.966+0000"
          }, {
            "uri" : "/0.3.314",
            "started" : "2015-10-01T00:37:24.203+0000"
          }, {
            "uri" : "/0.4.404",
            "started" : "2016-06-07T16:58:37.897+0000"
          }, {
            "uri" : "/0.3.338",
            "started" : "2015-10-17T00:05:49.294+0000"
          }, {
            "uri" : "/0.3.493",
            "started" : "2015-12-11T22:16:40.585+0000"
          }, {
            "uri" : "/0.3.606",
            "started" : "2016-02-05T16:51:57.455+0000"
          }, {
            "uri" : "/0.3.227",
            "started" : "2015-08-20T00:14:47.865+0000"
          }, {
            "uri" : "/0.3.243",
            "started" : "2015-08-28T23:08:25.281+0000"
          }, {
            "uri" : "/0.4.113",
            "started" : "2016-03-22T20:53:50.699+0000"
          }, {
            "uri" : "/0.5.96",
            "started" : "2016-08-09T17:24:15.381+0000"
          }, {
            "uri" : "/0.4.75",
            "started" : "2016-03-12T01:06:18.939+0000"
          }, {
            "uri" : "/0.3.256",
            "started" : "2015-09-03T16:00:58.046+0000"
          }, {
            "uri" : "/0.5.146",
            "started" : "2016-08-17T19:40:34.315+0000"
          }, {
            "uri" : "/0.4.600",
            "started" : "2016-07-08T02:46:42.970+0000"
          }, {
            "uri" : "/0.5.188",
            "started" : "2016-08-26T06:01:03.860+0000"
          }, {
            "uri" : "/0.5.194",
            "started" : "2016-08-30T16:06:59.181+0000"
          }, {
            "uri" : "/0.5.199",
            "started" : "2016-08-31T02:14:14.754+0000"
          }, {
            "uri" : "/0.4.58",
            "started" : "2016-03-09T18:08:31.560+0000"
          }, {
            "uri" : "/0.5.207",
            "started" : "2016-09-01T15:44:46.744+0000"
          }, {
            "uri" : "/0.5.202",
            "started" : "2016-08-31T21:00:25.064+0000"
          }, {
            "uri" : "/0.3.195",
            "started" : "2015-08-11T03:38:50.450+0000"
          }, {
            "uri" : "/0.5.125",
            "started" : "2016-08-12T19:41:22.741+0000"
          } ],
          "uri" : "https://packages.chef.io/api/build/delivery"
        }
    http_version: 
  recorded_at: Thu, 01 Sep 2016 21:18:48 GMT
- request:
    method: get
    uri: https://packages.chef.io/api/v1/unstable/delivery/0.5.207+git.1.6d19052/artifacts
    body:
      encoding: US-ASCII
      string: ''
    headers:
      Accept-Encoding:
      - gzip;q=1.0,deflate;q=0.6,identity;q=0.3
      Accept:
      - "*/*"
      User-Agent:
      - Ruby
  response:
    status:
      code: 404
      message: Not Found
    headers:
      Content-Type:
      - text/html
      Server:
      - nginx
      Via:
      - 1.1 varnish
      - 1.1 varnish
      Fastly-Debug-Digest:
      - b02d4897b9a38d337be11b9ef3f12823cd500784223c5a79989699ec2145f53c
      Content-Length:
      - '162'
      Accept-Ranges:
      - bytes
      Date:
      - Thu, 01 Sep 2016 21:18:44 GMT
      Age:
      - '0'
      Connection:
      - keep-alive
      X-Served-By:
      - cache-sjc3122-SJC, cache-den6024-DEN
      X-Cache:
      - MISS, MISS
      X-Cache-Hits:
      - 0, 0
      X-Timer:
      - S1472764724.252718,VS0,VE49
    body:
      encoding: UTF-8
      string: "<html>\r\n<head><title>404 Not Found</title></head>\r\n<body bgcolor=\"white\">\r\n<center><h1>404
        Not Found</h1></center>\r\n<hr><center>nginx</center>\r\n</body>\r\n</html>\r\n"
    http_version: 
  recorded_at: Thu, 01 Sep 2016 21:18:48 GMT
- request:
    method: get
    uri: https://packages.chef.io/api/v1/unstable/delivery/0.5.207/artifacts
    body:
      encoding: US-ASCII
      string: ''
    headers:
      Accept-Encoding:
      - gzip;q=1.0,deflate;q=0.6,identity;q=0.3
      Accept:
      - "*/*"
      User-Agent:
      - Ruby
  response:
    status:
      code: 200
      message: OK
    headers:
      Content-Type:
      - application/json
      Server:
      - nginx
      X-Artifactory-Id:
      - c1ec6ca2696a3944:3eed5ced:156c20cd259:-7f6b
      Via:
      - 1.1 varnish
      - 1.1 varnish
      Fastly-Debug-Digest:
      - bd67e77cc30c2d2b9c8a954013050ecd001421aaddcf8c0b2b2be8ce27eb1b2e
      Content-Length:
      - '6959'
      Accept-Ranges:
      - bytes
      Date:
      - Thu, 01 Sep 2016 21:18:44 GMT
      Age:
      - '0'
      Connection:
      - keep-alive
      X-Served-By:
      - cache-sjc3123-SJC, cache-den6022-DEN
      X-Cache:
      - MISS, MISS
      X-Cache-Hits:
      - 0, 0
      X-Timer:
      - S1472764724.329120,VS0,VE88
    body:
      encoding: UTF-8
      string: |2

        {
        "results" : [ {
          "repo" : "omnibus-unstable-local",
          "path" : "com/getchef/delivery/0.5.207/ubuntu/12.04",
          "name" : "delivery_0.5.207-1_amd64.deb",
          "properties" : [ {
            "key" : "omnibus.md5",
            "value" : "a46b4d015cd43e86286fe5daae5c6ba0"
          }, {
            "key" : "omnibus.sha256",
            "value" : "3fa8e3341253174bc0fb916e39db37c5ba9ce7ca04d9b6e4ad6af17679838d68"
          }, {
            "key" : "omnibus.iteration",
            "value" : "1"
          }, {
            "key" : "omnibus.project",
            "value" : "delivery"
          }, {
            "key" : "omnibus.sha512",
            "value" : "0ff4e21b7b3150964446c8f34398f973167aba37b29eb0959ca28f9adf577545a2393ad51e5b997e9968804f4341f1cc051a70444d80a8a44f3727139855ab91"
          }, {
            "key" : "delivery.change",
            "value" : "01a6be36-743a-4089-a6e9-2c61f80a24ad"
          }, {
            "key" : "omnibus.architecture",
            "value" : "x86_64"
          }, {
            "key" : "build.number",
            "value" : "0.5.207"
          }, {
            "key" : "build.name",
            "value" : "delivery"
          }, {
            "key" : "omnibus.sha1",
            "value" : "371f4f891bb8727d558aa3d0b20970d802543d66"
          }, {
            "key" : "omnibus.platform",
            "value" : "ubuntu"
          }, {
            "key" : "omnibus.platform_version",
            "value" : "12.04"
          }, {
            "key" : "omnibus.license",
            "value" : "Chef MLSA"
          }, {
            "key" : "delivery.sha",
            "value" : "be975f0b00fec47efb965e66cca522cb7745aded"
          }, {
            "key" : "omnibus.version",
            "value" : "0.5.207"
          } ]
        },{
          "repo" : "omnibus-unstable-local",
          "path" : "com/getchef/delivery/0.5.207/ubuntu/14.04",
          "name" : "delivery_0.5.207-1_amd64.deb",
          "properties" : [ {
            "key" : "omnibus.iteration",
            "value" : "1"
          }, {
            "key" : "omnibus.sha512",
            "value" : "0ff4e21b7b3150964446c8f34398f973167aba37b29eb0959ca28f9adf577545a2393ad51e5b997e9968804f4341f1cc051a70444d80a8a44f3727139855ab91"
          }, {
            "key" : "omnibus.md5",
            "value" : "a46b4d015cd43e86286fe5daae5c6ba0"
          }, {
            "key" : "omnibus.project",
            "value" : "delivery"
          }, {
            "key" : "omnibus.platform_version",
            "value" : "14.04"
          }, {
            "key" : "build.name",
            "value" : "delivery"
          }, {
            "key" : "delivery.change",
            "value" : "01a6be36-743a-4089-a6e9-2c61f80a24ad"
          }, {
            "key" : "omnibus.architecture",
            "value" : "x86_64"
          }, {
            "key" : "omnibus.sha256",
            "value" : "3fa8e3341253174bc0fb916e39db37c5ba9ce7ca04d9b6e4ad6af17679838d68"
          }, {
            "key" : "delivery.sha",
            "value" : "be975f0b00fec47efb965e66cca522cb7745aded"
          }, {
            "key" : "omnibus.platform",
            "value" : "ubuntu"
          }, {
            "key" : "omnibus.version",
            "value" : "0.5.207"
          }, {
            "key" : "omnibus.license",
            "value" : "Chef MLSA"
          }, {
            "key" : "build.number",
            "value" : "0.5.207"
          }, {
            "key" : "omnibus.sha1",
            "value" : "371f4f891bb8727d558aa3d0b20970d802543d66"
          } ]
        },{
          "repo" : "omnibus-unstable-local",
          "path" : "com/getchef/delivery/0.5.207/ubuntu/16.04",
          "name" : "delivery_0.5.207-1_amd64.deb",
          "properties" : [ {
            "key" : "omnibus.project",
            "value" : "delivery"
          }, {
            "key" : "delivery.change",
            "value" : "01a6be36-743a-4089-a6e9-2c61f80a24ad"
          }, {
            "key" : "omnibus.architecture",
            "value" : "x86_64"
          }, {
            "key" : "omnibus.license",
            "value" : "Chef MLSA"
          }, {
            "key" : "omnibus.platform",
            "value" : "ubuntu"
          }, {
            "key" : "omnibus.iteration",
            "value" : "1"
          }, {
            "key" : "omnibus.md5",
            "value" : "a46b4d015cd43e86286fe5daae5c6ba0"
          }, {
            "key" : "omnibus.sha1",
            "value" : "371f4f891bb8727d558aa3d0b20970d802543d66"
          }, {
            "key" : "omnibus.sha512",
            "value" : "0ff4e21b7b3150964446c8f34398f973167aba37b29eb0959ca28f9adf577545a2393ad51e5b997e9968804f4341f1cc051a70444d80a8a44f3727139855ab91"
          }, {
            "key" : "delivery.sha",
            "value" : "be975f0b00fec47efb965e66cca522cb7745aded"
          }, {
            "key" : "omnibus.version",
            "value" : "0.5.207"
          }, {
            "key" : "build.name",
            "value" : "delivery"
          }, {
            "key" : "build.number",
            "value" : "0.5.207"
          }, {
            "key" : "omnibus.sha256",
            "value" : "3fa8e3341253174bc0fb916e39db37c5ba9ce7ca04d9b6e4ad6af17679838d68"
          }, {
            "key" : "omnibus.platform_version",
            "value" : "16.04"
          } ]
        },{
          "repo" : "omnibus-unstable-local",
          "path" : "com/getchef/delivery/0.5.207/el/7",
          "name" : "delivery-0.5.207-1.el7.x86_64.rpm",
          "properties" : [ {
            "key" : "omnibus.md5",
            "value" : "ca56d2a66a6ce11f7b8ec3bd16cb34eb"
          }, {
            "key" : "omnibus.platform_version",
            "value" : "7"
          }, {
            "key" : "omnibus.version",
            "value" : "0.5.207"
          }, {
            "key" : "build.number",
            "value" : "0.5.207"
          }, {
            "key" : "omnibus.sha512",
            "value" : "53250233f9f014111ee60236246a1177d4b5605815c8285ac94bddc3fd915efd612862aa23210cc9e25521bf345270fb44b842de8f68ffde429862260e014adc"
          }, {
            "key" : "delivery.sha",
            "value" : "be975f0b00fec47efb965e66cca522cb7745aded"
          }, {
            "key" : "omnibus.sha256",
            "value" : "ef510a27ea126a701d09ba3b42ca6a7c1b95f6aba54e95fe99edc7a345cb4aaa"
          }, {
            "key" : "omnibus.iteration",
            "value" : "1"
          }, {
            "key" : "omnibus.license",
            "value" : "Chef MLSA"
          }, {
            "key" : "omnibus.platform",
            "value" : "el"
          }, {
            "key" : "build.name",
            "value" : "delivery"
          }, {
            "key" : "delivery.change",
            "value" : "01a6be36-743a-4089-a6e9-2c61f80a24ad"
          }, {
            "key" : "omnibus.project",
            "value" : "delivery"
          }, {
            "key" : "omnibus.sha1",
            "value" : "cb0750856ea668174127baca95219e441cb29fa5"
          }, {
            "key" : "omnibus.architecture",
            "value" : "x86_64"
          } ]
        },{
          "repo" : "omnibus-unstable-local",
          "path" : "com/getchef/delivery/0.5.207/el/6",
          "name" : "delivery-0.5.207-1.el6.x86_64.rpm",
          "properties" : [ {
            "key" : "build.number",
            "value" : "0.5.207"
          }, {
            "key" : "omnibus.sha256",
            "value" : "7dd709a699c58f688166667f6bcf792838d1e467f2ad5f398d23a82bdc01248f"
          }, {
            "key" : "delivery.sha",
            "value" : "be975f0b00fec47efb965e66cca522cb7745aded"
          }, {
            "key" : "omnibus.platform",
            "value" : "el"
          }, {
            "key" : "omnibus.license",
            "value" : "Chef MLSA"
          }, {
            "key" : "build.name",
            "value" : "delivery"
          }, {
            "key" : "delivery.change",
            "value" : "01a6be36-743a-4089-a6e9-2c61f80a24ad"
          }, {
            "key" : "omnibus.architecture",
            "value" : "x86_64"
          }, {
            "key" : "omnibus.sha1",
            "value" : "475fc58c6f91a671cae6c77fb646adf25aa69583"
          }, {
            "key" : "omnibus.project",
            "value" : "delivery"
          }, {
            "key" : "omnibus.md5",
            "value" : "b5630c274be21e2a6b32b72b248cf99f"
          }, {
            "key" : "omnibus.platform_version",
            "value" : "6"
          }, {
            "key" : "omnibus.version",
            "value" : "0.5.207"
          }, {
            "key" : "omnibus.iteration",
            "value" : "1"
          }, {
            "key" : "omnibus.sha512",
            "value" : "d5bff8987682839fc51911601edd5f9c70653c853bffc9144ae8695ec6ecadab54c20bd3dba7938ebc990f6be3e88a2f26a9231ed3797c7273f8f135213e3d60"
          } ]
        } ],
        "range" : {
          "start_pos" : 0,
          "end_pos" : 5,
          "total" : 5
        }
        }
    http_version: 
  recorded_at: Thu, 01 Sep 2016 21:18:48 GMT
- request:
    method: get
    uri: https://packages.chef.io/api/v1/build/delivery
    body:
      encoding: US-ASCII
      string: ''
    headers:
      Accept-Encoding:
      - gzip;q=1.0,deflate;q=0.6,identity;q=0.3
      Accept:
      - "*/*"
      User-Agent:
      - Ruby
  response:
    status:
      code: 200
      message: OK
    headers:
      Content-Type:
      - application/vnd.org.jfrog.build.BuildsByName+json
      Server:
      - nginx
      X-Artifactory-Id:
      - c1ec6ca2696a3944:3eed5ced:156c20cd259:-7f6b
      Via:
      - 1.1 varnish
      - 1.1 varnish
      Fastly-Debug-Digest:
      - 47f1cb5017feef3679800d0eafd89dd0aedeb36b64328492857ae4dc952e13fe
      Content-Length:
      - '7337'
      Accept-Ranges:
      - bytes
      Date:
      - Thu, 01 Sep 2016 21:18:44 GMT
      Age:
      - '0'
      Connection:
      - keep-alive
      X-Served-By:
      - cache-sjc3148-SJC, cache-den6027-DEN
      X-Cache:
      - MISS, HIT
      X-Cache-Hits:
      - 0, 1
      X-Timer:
      - S1472764724.444407,VS0,VE0
    body:
      encoding: UTF-8
      string: |-
        {
          "buildsNumbers" : [ {
            "uri" : "/0.5.180",
            "started" : "2016-08-25T15:50:01.590+0000"
          }, {
            "uri" : "/0.5.185",
            "started" : "2016-08-25T23:51:39.866+0000"
          }, {
            "uri" : "/0.5.167",
            "started" : "2016-08-22T19:20:32.850+0000"
          }, {
            "uri" : "/0.5.200",
            "started" : "2016-08-31T15:05:35.002+0000"
          }, {
            "uri" : "/0.3.240",
            "started" : "2015-08-26T20:11:27.272+0000"
          }, {
            "uri" : "/0.5.174",
            "started" : "2016-08-24T20:10:07.542+0000"
          }, {
            "uri" : "/0.5.207+git.1.6d19052",
            "started" : "2016-09-01T21:02:02.703+0000"
          }, {
            "uri" : "/0.3.210",
            "started" : "2015-08-14T02:40:35.926+0000"
          }, {
            "uri" : "/0.5.197",
            "started" : "2016-08-30T18:42:03.800+0000"
          }, {
            "uri" : "/0.5.1",
            "started" : "2016-07-12T03:26:52.495+0000"
          }, {
            "uri" : "/0.5.195",
            "started" : "2016-08-30T16:38:07.550+0000"
          }, {
            "uri" : "/0.5.189",
            "started" : "2016-08-29T21:31:18.593+0000"
          }, {
            "uri" : "/0.3.519",
            "started" : "2016-01-12T19:10:54.992+0000"
          }, {
            "uri" : "/0.5.192",
            "started" : "2016-08-30T01:57:57.665+0000"
          }, {
            "uri" : "/0.5.118",
            "started" : "2016-08-11T21:43:44.624+0000"
          }, {
            "uri" : "/0.3.640",
            "started" : "2016-02-19T22:38:12.027+0000"
          }, {
            "uri" : "/0.3.304",
            "started" : "2015-09-24T17:47:24.318+0000"
          }, {
            "uri" : "/0.4.437",
            "started" : "2016-06-13T22:21:47.845+0000"
          }, {
            "uri" : "/0.4.199",
            "started" : "2016-04-14T19:41:18.173+0000"
          }, {
            "uri" : "/0.5.206",
            "started" : "2016-09-01T14:25:52.954+0000"
          }, {
            "uri" : "/0.3.374",
            "started" : "2015-10-31T16:26:45.269+0000"
          }, {
            "uri" : "/0.5.198",
            "started" : "2016-08-31T01:28:43.711+0000"
          }, {
            "uri" : "/0.5.203",
            "started" : "2016-08-31T21:35:03.415+0000"
          }, {
            "uri" : "/0.5.140",
            "started" : "2016-08-16T20:15:33.410+0000"
          }, {
            "uri" : "/0.4.132",
            "started" : "2016-03-29T18:52:29.116+0000"
          }, {
            "uri" : "/0.3.554",
            "started" : "2016-01-21T23:23:34.748+0000"
          }, {
            "uri" : "/0.3.224",
            "started" : "2015-08-19T17:31:49.030+0000"
          }, {
            "uri" : "/0.5.115",
            "started" : "2016-08-11T17:37:23.263+0000"
          }, {
            "uri" : "/0.3.467",
            "started" : "2015-12-04T00:57:05.440+0000"
          }, {
            "uri" : "/0.5.204",
            "started" : "2016-08-31T23:43:48.327+0000"
          }, {
            "uri" : "/0.5.89",
            "started" : "2016-08-08T17:27:35.254+0000"
          }, {
            "uri" : "/0.5.61",
            "started" : "2016-08-02T22:08:13.752+0000"
          }, {
            "uri" : "/0.4.299",
            "started" : "2016-05-17T08:57:27.324+0000"
          }, {
            "uri" : "/0.5.108",
            "started" : "2016-08-10T20:56:41.259+0000"
          }, {
            "uri" : "/0.5.193",
            "started" : "2016-08-30T14:46:49.979+0000"
          }, {
            "uri" : "/0.5.116",
            "started" : "2016-08-11T18:03:32.842+0000"
          }, {
            "uri" : "/0.3.358",
            "started" : "2015-10-28T00:03:31.211+0000"
          }, {
            "uri" : "/0.5.183",
            "started" : "2016-08-25T19:38:01.036+0000"
          }, {
            "uri" : "/0.5.77",
            "started" : "2016-08-04T20:54:34.208+0000"
          }, {
            "uri" : "/0.3.522",
            "started" : "2016-01-13T22:06:14.725+0000"
          }, {
            "uri" : "/0.3.186",
            "started" : "2015-08-04T22:47:17.711+0000"
          }, {
            "uri" : "/0.5.184",
            "started" : "2016-08-25T22:48:34.827+0000"
          }, {
            "uri" : "/0.5.201",
            "started" : "2016-08-31T18:51:35.251+0000"
          }, {
            "uri" : "/0.5.182",
            "started" : "2016-08-25T18:17:55.278+0000"
          }, {
            "uri" : "/0.5.158",
            "started" : "2016-08-19T20:55:03.600+0000"
          }, {
            "uri" : "/0.5.152",
            "started" : "2016-08-18T19:51:09.945+0000"
          }, {
            "uri" : "/0.5.83",
            "started" : "2016-08-05T19:19:06.777+0000"
          }, {
            "uri" : "/0.3.390",
            "started" : "2015-11-04T18:37:07.283+0000"
          }, {
            "uri" : "/0.3.201",
            "started" : "2015-08-12T16:39:31.151+0000"
          }, {
            "uri" : "/0.3.278",
            "started" : "2015-09-14T23:45:00.258+0000"
          }, {
            "uri" : "/0.3.334",
            "started" : "2015-10-14T01:11:38.441+0000"
          }, {
            "uri" : "/0.3.435",
            "started" : "2015-11-19T20:49:15.340+0000"
          }, {
            "uri" : "/0.5.186",
            "started" : "2016-08-26T00:51:33.082+0000"
          }, {
            "uri" : "/0.4.522",
            "started" : "2016-06-24T23:36:08.024+0000"
          }, {
            "uri" : "/0.3.391",
            "started" : "2015-11-04T23:42:42.046+0000"
          }, {
            "uri" : "/0.5.179",
            "started" : "2016-08-25T15:14:57.907+0000"
          }, {
            "uri" : "/0.5.131",
            "started" : "2016-08-15T18:30:32.331+0000"
          }, {
            "uri" : "/0.5.190",
            "started" : "2016-08-29T22:22:30.299+0000"
          }, {
            "uri" : "/0.4.6",
            "started" : "2016-02-23T02:48:15.187+0000"
          }, {
            "uri" : "/0.5.181",
            "started" : "2016-08-25T16:52:00.772+0000"
          }, {
            "uri" : "/0.5.64",
            "started" : "2016-08-03T16:30:50.775+0000"
          }, {
            "uri" : "/0.3.341",
            "started" : "2015-10-21T15:53:09.136+0000"
          }, {
            "uri" : "/0.5.205",
            "started" : "2016-09-01T04:24:12.689+0000"
          }, {
            "uri" : "/0.5.196",
            "started" : "2016-08-30T17:36:39.768+0000"
          }, {
            "uri" : "/0.5.169",
            "started" : "2016-08-23T20:00:05.803+0000"
          }, {
            "uri" : "/0.5.191",
            "started" : "2016-08-30T00:15:14.593+0000"
          }, {
            "uri" : "/0.3.251",
            "started" : "2015-09-01T23:54:53.311+0000"
          }, {
            "uri" : "/0.5.73",
            "started" : "2016-08-04T17:03:26.483+0000"
          }, {
            "uri" : "/0.5.91",
            "started" : "2016-08-08T21:44:12.172+0000"
          }, {
            "uri" : "/0.4.235",
            "started" : "2016-04-27T17:16:26.827+0000"
          }, {
            "uri" : "/0.3.450",
            "started" : "2015-11-30T21:42:21.804+0000"
          }, {
            "uri" : "/0.3.369",
            "started" : "2015-10-29T20:50:08.966+0000"
          }, {
            "uri" : "/0.3.314",
            "started" : "2015-10-01T00:37:24.203+0000"
          }, {
            "uri" : "/0.4.404",
            "started" : "2016-06-07T16:58:37.897+0000"
          }, {
            "uri" : "/0.3.338",
            "started" : "2015-10-17T00:05:49.294+0000"
          }, {
            "uri" : "/0.3.493",
            "started" : "2015-12-11T22:16:40.585+0000"
          }, {
            "uri" : "/0.3.606",
            "started" : "2016-02-05T16:51:57.455+0000"
          }, {
            "uri" : "/0.3.227",
            "started" : "2015-08-20T00:14:47.865+0000"
          }, {
            "uri" : "/0.3.243",
            "started" : "2015-08-28T23:08:25.281+0000"
          }, {
            "uri" : "/0.4.113",
            "started" : "2016-03-22T20:53:50.699+0000"
          }, {
            "uri" : "/0.5.96",
            "started" : "2016-08-09T17:24:15.381+0000"
          }, {
            "uri" : "/0.4.75",
            "started" : "2016-03-12T01:06:18.939+0000"
          }, {
            "uri" : "/0.3.256",
            "started" : "2015-09-03T16:00:58.046+0000"
          }, {
            "uri" : "/0.5.146",
            "started" : "2016-08-17T19:40:34.315+0000"
          }, {
            "uri" : "/0.4.600",
            "started" : "2016-07-08T02:46:42.970+0000"
          }, {
            "uri" : "/0.5.188",
            "started" : "2016-08-26T06:01:03.860+0000"
          }, {
            "uri" : "/0.5.194",
            "started" : "2016-08-30T16:06:59.181+0000"
          }, {
            "uri" : "/0.5.199",
            "started" : "2016-08-31T02:14:14.754+0000"
          }, {
            "uri" : "/0.4.58",
            "started" : "2016-03-09T18:08:31.560+0000"
          }, {
            "uri" : "/0.5.207",
            "started" : "2016-09-01T15:44:46.744+0000"
          }, {
            "uri" : "/0.5.202",
            "started" : "2016-08-31T21:00:25.064+0000"
          }, {
            "uri" : "/0.3.195",
            "started" : "2015-08-11T03:38:50.450+0000"
          }, {
            "uri" : "/0.5.125",
            "started" : "2016-08-12T19:41:22.741+0000"
          } ],
          "uri" : "https://packages.chef.io/api/build/delivery"
        }
    http_version: 
  recorded_at: Thu, 01 Sep 2016 21:18:48 GMT
- request:
    method: get
    uri: https://packages.chef.io/api/v1/unstable/delivery/0.5.207+git.1.6d19052/artifacts
    body:
      encoding: US-ASCII
      string: ''
    headers:
      Accept-Encoding:
      - gzip;q=1.0,deflate;q=0.6,identity;q=0.3
      Accept:
      - "*/*"
      User-Agent:
      - Ruby
  response:
    status:
      code: 404
      message: Not Found
    headers:
      Content-Type:
      - text/html
      Server:
      - nginx
      Via:
      - 1.1 varnish
      - 1.1 varnish
      Fastly-Debug-Digest:
      - b02d4897b9a38d337be11b9ef3f12823cd500784223c5a79989699ec2145f53c
      Content-Length:
      - '162'
      Accept-Ranges:
      - bytes
      Date:
      - Thu, 01 Sep 2016 21:18:44 GMT
      Age:
      - '0'
      Connection:
      - keep-alive
      X-Served-By:
      - cache-sjc3122-SJC, cache-den6023-DEN
      X-Cache:
      - MISS, HIT
      X-Cache-Hits:
      - 0, 1
      X-Timer:
      - S1472764724.469269,VS0,VE0
    body:
      encoding: UTF-8
      string: "<html>\r\n<head><title>404 Not Found</title></head>\r\n<body bgcolor=\"white\">\r\n<center><h1>404
        Not Found</h1></center>\r\n<hr><center>nginx</center>\r\n</body>\r\n</html>\r\n"
    http_version: 
  recorded_at: Thu, 01 Sep 2016 21:18:48 GMT
- request:
    method: get
    uri: https://packages.chef.io/api/v1/unstable/delivery/0.5.207/artifacts
    body:
      encoding: US-ASCII
      string: ''
    headers:
      Accept-Encoding:
      - gzip;q=1.0,deflate;q=0.6,identity;q=0.3
      Accept:
      - "*/*"
      User-Agent:
      - Ruby
  response:
    status:
      code: 200
      message: OK
    headers:
      Content-Type:
      - application/json
      Server:
      - nginx
      X-Artifactory-Id:
      - c1ec6ca2696a3944:3eed5ced:156c20cd259:-7f6b
      Via:
      - 1.1 varnish
      - 1.1 varnish
      Fastly-Debug-Digest:
      - bd67e77cc30c2d2b9c8a954013050ecd001421aaddcf8c0b2b2be8ce27eb1b2e
      Content-Length:
      - '6959'
      Accept-Ranges:
      - bytes
      Date:
      - Thu, 01 Sep 2016 21:18:44 GMT
      Age:
      - '0'
      Connection:
      - keep-alive
      X-Served-By:
      - cache-sjc3123-SJC, cache-den6021-DEN
      X-Cache:
      - MISS, HIT
      X-Cache-Hits:
      - 0, 1
      X-Timer:
      - S1472764724.494109,VS0,VE0
    body:
      encoding: UTF-8
      string: |2

        {
        "results" : [ {
          "repo" : "omnibus-unstable-local",
          "path" : "com/getchef/delivery/0.5.207/ubuntu/12.04",
          "name" : "delivery_0.5.207-1_amd64.deb",
          "properties" : [ {
            "key" : "omnibus.md5",
            "value" : "a46b4d015cd43e86286fe5daae5c6ba0"
          }, {
            "key" : "omnibus.sha256",
            "value" : "3fa8e3341253174bc0fb916e39db37c5ba9ce7ca04d9b6e4ad6af17679838d68"
          }, {
            "key" : "omnibus.iteration",
            "value" : "1"
          }, {
            "key" : "omnibus.project",
            "value" : "delivery"
          }, {
            "key" : "omnibus.sha512",
            "value" : "0ff4e21b7b3150964446c8f34398f973167aba37b29eb0959ca28f9adf577545a2393ad51e5b997e9968804f4341f1cc051a70444d80a8a44f3727139855ab91"
          }, {
            "key" : "delivery.change",
            "value" : "01a6be36-743a-4089-a6e9-2c61f80a24ad"
          }, {
            "key" : "omnibus.architecture",
            "value" : "x86_64"
          }, {
            "key" : "build.number",
            "value" : "0.5.207"
          }, {
            "key" : "build.name",
            "value" : "delivery"
          }, {
            "key" : "omnibus.sha1",
            "value" : "371f4f891bb8727d558aa3d0b20970d802543d66"
          }, {
            "key" : "omnibus.platform",
            "value" : "ubuntu"
          }, {
            "key" : "omnibus.platform_version",
            "value" : "12.04"
          }, {
            "key" : "omnibus.license",
            "value" : "Chef MLSA"
          }, {
            "key" : "delivery.sha",
            "value" : "be975f0b00fec47efb965e66cca522cb7745aded"
          }, {
            "key" : "omnibus.version",
            "value" : "0.5.207"
          } ]
        },{
          "repo" : "omnibus-unstable-local",
          "path" : "com/getchef/delivery/0.5.207/ubuntu/14.04",
          "name" : "delivery_0.5.207-1_amd64.deb",
          "properties" : [ {
            "key" : "omnibus.iteration",
            "value" : "1"
          }, {
            "key" : "omnibus.sha512",
            "value" : "0ff4e21b7b3150964446c8f34398f973167aba37b29eb0959ca28f9adf577545a2393ad51e5b997e9968804f4341f1cc051a70444d80a8a44f3727139855ab91"
          }, {
            "key" : "omnibus.md5",
            "value" : "a46b4d015cd43e86286fe5daae5c6ba0"
          }, {
            "key" : "omnibus.project",
            "value" : "delivery"
          }, {
            "key" : "omnibus.platform_version",
            "value" : "14.04"
          }, {
            "key" : "build.name",
            "value" : "delivery"
          }, {
            "key" : "delivery.change",
            "value" : "01a6be36-743a-4089-a6e9-2c61f80a24ad"
          }, {
            "key" : "omnibus.architecture",
            "value" : "x86_64"
          }, {
            "key" : "omnibus.sha256",
            "value" : "3fa8e3341253174bc0fb916e39db37c5ba9ce7ca04d9b6e4ad6af17679838d68"
          }, {
            "key" : "delivery.sha",
            "value" : "be975f0b00fec47efb965e66cca522cb7745aded"
          }, {
            "key" : "omnibus.platform",
            "value" : "ubuntu"
          }, {
            "key" : "omnibus.version",
            "value" : "0.5.207"
          }, {
            "key" : "omnibus.license",
            "value" : "Chef MLSA"
          }, {
            "key" : "build.number",
            "value" : "0.5.207"
          }, {
            "key" : "omnibus.sha1",
            "value" : "371f4f891bb8727d558aa3d0b20970d802543d66"
          } ]
        },{
          "repo" : "omnibus-unstable-local",
          "path" : "com/getchef/delivery/0.5.207/ubuntu/16.04",
          "name" : "delivery_0.5.207-1_amd64.deb",
          "properties" : [ {
            "key" : "omnibus.project",
            "value" : "delivery"
          }, {
            "key" : "delivery.change",
            "value" : "01a6be36-743a-4089-a6e9-2c61f80a24ad"
          }, {
            "key" : "omnibus.architecture",
            "value" : "x86_64"
          }, {
            "key" : "omnibus.license",
            "value" : "Chef MLSA"
          }, {
            "key" : "omnibus.platform",
            "value" : "ubuntu"
          }, {
            "key" : "omnibus.iteration",
            "value" : "1"
          }, {
            "key" : "omnibus.md5",
            "value" : "a46b4d015cd43e86286fe5daae5c6ba0"
          }, {
            "key" : "omnibus.sha1",
            "value" : "371f4f891bb8727d558aa3d0b20970d802543d66"
          }, {
            "key" : "omnibus.sha512",
            "value" : "0ff4e21b7b3150964446c8f34398f973167aba37b29eb0959ca28f9adf577545a2393ad51e5b997e9968804f4341f1cc051a70444d80a8a44f3727139855ab91"
          }, {
            "key" : "delivery.sha",
            "value" : "be975f0b00fec47efb965e66cca522cb7745aded"
          }, {
            "key" : "omnibus.version",
            "value" : "0.5.207"
          }, {
            "key" : "build.name",
            "value" : "delivery"
          }, {
            "key" : "build.number",
            "value" : "0.5.207"
          }, {
            "key" : "omnibus.sha256",
            "value" : "3fa8e3341253174bc0fb916e39db37c5ba9ce7ca04d9b6e4ad6af17679838d68"
          }, {
            "key" : "omnibus.platform_version",
            "value" : "16.04"
          } ]
        },{
          "repo" : "omnibus-unstable-local",
          "path" : "com/getchef/delivery/0.5.207/el/7",
          "name" : "delivery-0.5.207-1.el7.x86_64.rpm",
          "properties" : [ {
            "key" : "omnibus.md5",
            "value" : "ca56d2a66a6ce11f7b8ec3bd16cb34eb"
          }, {
            "key" : "omnibus.platform_version",
            "value" : "7"
          }, {
            "key" : "omnibus.version",
            "value" : "0.5.207"
          }, {
            "key" : "build.number",
            "value" : "0.5.207"
          }, {
            "key" : "omnibus.sha512",
            "value" : "53250233f9f014111ee60236246a1177d4b5605815c8285ac94bddc3fd915efd612862aa23210cc9e25521bf345270fb44b842de8f68ffde429862260e014adc"
          }, {
            "key" : "delivery.sha",
            "value" : "be975f0b00fec47efb965e66cca522cb7745aded"
          }, {
            "key" : "omnibus.sha256",
            "value" : "ef510a27ea126a701d09ba3b42ca6a7c1b95f6aba54e95fe99edc7a345cb4aaa"
          }, {
            "key" : "omnibus.iteration",
            "value" : "1"
          }, {
            "key" : "omnibus.license",
            "value" : "Chef MLSA"
          }, {
            "key" : "omnibus.platform",
            "value" : "el"
          }, {
            "key" : "build.name",
            "value" : "delivery"
          }, {
            "key" : "delivery.change",
            "value" : "01a6be36-743a-4089-a6e9-2c61f80a24ad"
          }, {
            "key" : "omnibus.project",
            "value" : "delivery"
          }, {
            "key" : "omnibus.sha1",
            "value" : "cb0750856ea668174127baca95219e441cb29fa5"
          }, {
            "key" : "omnibus.architecture",
            "value" : "x86_64"
          } ]
        },{
          "repo" : "omnibus-unstable-local",
          "path" : "com/getchef/delivery/0.5.207/el/6",
          "name" : "delivery-0.5.207-1.el6.x86_64.rpm",
          "properties" : [ {
            "key" : "build.number",
            "value" : "0.5.207"
          }, {
            "key" : "omnibus.sha256",
            "value" : "7dd709a699c58f688166667f6bcf792838d1e467f2ad5f398d23a82bdc01248f"
          }, {
            "key" : "delivery.sha",
            "value" : "be975f0b00fec47efb965e66cca522cb7745aded"
          }, {
            "key" : "omnibus.platform",
            "value" : "el"
          }, {
            "key" : "omnibus.license",
            "value" : "Chef MLSA"
          }, {
            "key" : "build.name",
            "value" : "delivery"
          }, {
            "key" : "delivery.change",
            "value" : "01a6be36-743a-4089-a6e9-2c61f80a24ad"
          }, {
            "key" : "omnibus.architecture",
            "value" : "x86_64"
          }, {
            "key" : "omnibus.sha1",
            "value" : "475fc58c6f91a671cae6c77fb646adf25aa69583"
          }, {
            "key" : "omnibus.project",
            "value" : "delivery"
          }, {
            "key" : "omnibus.md5",
            "value" : "b5630c274be21e2a6b32b72b248cf99f"
          }, {
            "key" : "omnibus.platform_version",
            "value" : "6"
          }, {
            "key" : "omnibus.version",
            "value" : "0.5.207"
          }, {
            "key" : "omnibus.iteration",
            "value" : "1"
          }, {
            "key" : "omnibus.sha512",
            "value" : "d5bff8987682839fc51911601edd5f9c70653c853bffc9144ae8695ec6ecadab54c20bd3dba7938ebc990f6be3e88a2f26a9231ed3797c7273f8f135213e3d60"
          } ]
        } ],
        "range" : {
          "start_pos" : 0,
          "end_pos" : 5,
          "total" : 5
        }
        }
    http_version: 
  recorded_at: Thu, 01 Sep 2016 21:18:48 GMT
- request:
    method: get
    uri: https://packages.chef.io/files/unstable/delivery/0.5.207/ubuntu/12.04/delivery_0.5.207-1_amd64.deb.metadata.json
    body:
      encoding: US-ASCII
      string: ''
    headers:
      Accept-Encoding:
      - gzip;q=1.0,deflate;q=0.6,identity;q=0.3
      Accept:
      - "*/*"
      User-Agent:
      - Ruby
  response:
    status:
      code: 404
      message: Not Found
    headers:
      Content-Type:
      - application/json;charset=ISO-8859-1
      Server:
      - nginx
      X-Artifactory-Id:
      - 0feedc922c1ccc1d:739f2b45:157585d3cb1:-7f42
      Via:
      - 1.1 varnish
      - 1.1 varnish
      Fastly-Debug-Digest:
      - 2b4fa6387e630fafaf398d72c24a85201f7d3b9c1c45fb4b1fe04845cde8fd7c
      Content-Length:
      - '80'
      Accept-Ranges:
      - bytes
      Date:
      - Tue, 04 Oct 2016 16:26:31 GMT
      Age:
      - '0'
      Connection:
      - keep-alive
      X-Served-By:
      - cache-sjc3134-SJC, cache-lax8620-LAX
      X-Cache:
      - MISS, MISS
      X-Cache-Hits:
      - 0, 0
      X-Timer:
      - S1475598390.950787,VS0,VE105
    body:
      encoding: UTF-8
      string: |-
        {
          "errors" : [ {
            "status" : 404,
            "message" : "File not found."
          } ]
        }
    http_version: 
  recorded_at: Tue, 04 Oct 2016 16:26:31 GMT
- request:
    method: get
    uri: https://packages.chef.io/files/unstable/delivery/0.5.207/ubuntu/14.04/delivery_0.5.207-1_amd64.deb.metadata.json
    body:
      encoding: US-ASCII
      string: ''
    headers:
      Accept-Encoding:
      - gzip;q=1.0,deflate;q=0.6,identity;q=0.3
      Accept:
      - "*/*"
      User-Agent:
      - Ruby
  response:
    status:
      code: 404
      message: Not Found
    headers:
      Content-Type:
      - application/json;charset=ISO-8859-1
      Server:
      - nginx
      X-Artifactory-Id:
      - 0feedc922c1ccc1d:739f2b45:157585d3cb1:-7f42
      Via:
      - 1.1 varnish
      - 1.1 varnish
      Fastly-Debug-Digest:
      - 70a3bce42068cfecf1a6b4a292dd7f875a7eca2780bc9a40ff01efdd00ca66af
      Content-Length:
      - '80'
      Accept-Ranges:
      - bytes
      Date:
      - Tue, 04 Oct 2016 16:59:17 GMT
      Age:
      - '0'
      Connection:
      - keep-alive
      X-Served-By:
      - cache-sjc3149-SJC, cache-lax8641-LAX
      X-Cache:
      - MISS, MISS
      X-Cache-Hits:
      - 0, 0
      X-Timer:
      - S1475600357.718551,VS0,VE35
    body:
      encoding: UTF-8
      string: |-
        {
          "errors" : [ {
            "status" : 404,
            "message" : "File not found."
          } ]
        }
    http_version: 
  recorded_at: Tue, 04 Oct 2016 16:59:17 GMT
- request:
    method: get
    uri: https://packages.chef.io/files/unstable/delivery/0.5.207/ubuntu/16.04/delivery_0.5.207-1_amd64.deb.metadata.json
    body:
      encoding: US-ASCII
      string: ''
    headers:
      Accept-Encoding:
      - gzip;q=1.0,deflate;q=0.6,identity;q=0.3
      Accept:
      - "*/*"
      User-Agent:
      - Ruby
  response:
    status:
      code: 404
      message: Not Found
    headers:
      Content-Type:
      - application/json;charset=ISO-8859-1
      Server:
      - nginx
      X-Artifactory-Id:
      - 0feedc922c1ccc1d:739f2b45:157585d3cb1:-7f42
      Via:
      - 1.1 varnish
      - 1.1 varnish
      Fastly-Debug-Digest:
      - 454540e8d8b10f97ad28006031a3bbc5847e210545a54b77742637655c9ca806
      Content-Length:
      - '80'
      Accept-Ranges:
      - bytes
      Date:
      - Tue, 04 Oct 2016 16:59:18 GMT
      Age:
      - '0'
      Connection:
      - keep-alive
      X-Served-By:
      - cache-sjc3145-SJC, cache-lax8623-LAX
      X-Cache:
      - MISS, MISS
      X-Cache-Hits:
      - 0, 0
      X-Timer:
      - S1475600358.116734,VS0,VE32
    body:
      encoding: UTF-8
      string: |-
        {
          "errors" : [ {
            "status" : 404,
            "message" : "File not found."
          } ]
        }
    http_version: 
  recorded_at: Tue, 04 Oct 2016 16:59:18 GMT
- request:
    method: get
    uri: https://packages.chef.io/files/unstable/delivery/0.5.207/el/7/delivery-0.5.207-1.el7.x86_64.rpm.metadata.json
    body:
      encoding: US-ASCII
      string: ''
    headers:
      Accept-Encoding:
      - gzip;q=1.0,deflate;q=0.6,identity;q=0.3
      Accept:
      - "*/*"
      User-Agent:
      - Ruby
  response:
    status:
      code: 404
      message: Not Found
    headers:
      Content-Type:
      - application/json;charset=ISO-8859-1
      Server:
      - nginx
      X-Artifactory-Id:
      - 0feedc922c1ccc1d:739f2b45:157585d3cb1:-7f42
      Via:
      - 1.1 varnish
      - 1.1 varnish
      Fastly-Debug-Digest:
      - ebeb9ab09ff4b118de9a4b64072b0e2004292ee6564d9eec90757c09605af2a9
      Content-Length:
      - '80'
      Accept-Ranges:
      - bytes
      Date:
      - Tue, 04 Oct 2016 16:59:18 GMT
      Age:
      - '0'
      Connection:
      - keep-alive
      X-Served-By:
      - cache-sjc3123-SJC, cache-lax8630-LAX
      X-Cache:
      - MISS, MISS
      X-Cache-Hits:
      - 0, 0
      X-Timer:
      - S1475600358.288095,VS0,VE34
    body:
      encoding: UTF-8
      string: |-
        {
          "errors" : [ {
            "status" : 404,
            "message" : "File not found."
          } ]
        }
    http_version: 
  recorded_at: Tue, 04 Oct 2016 16:59:18 GMT
- request:
    method: get
    uri: https://packages.chef.io/files/unstable/delivery/0.5.207/el/6/delivery-0.5.207-1.el6.x86_64.rpm.metadata.json
    body:
      encoding: US-ASCII
      string: ''
    headers:
      Accept-Encoding:
      - gzip;q=1.0,deflate;q=0.6,identity;q=0.3
      Accept:
      - "*/*"
      User-Agent:
      - Ruby
  response:
    status:
      code: 404
      message: Not Found
    headers:
      Content-Type:
      - application/json;charset=ISO-8859-1
      Server:
      - nginx
      X-Artifactory-Id:
      - 0feedc922c1ccc1d:739f2b45:157585d3cb1:-7f42
      Via:
      - 1.1 varnish
      - 1.1 varnish
      Fastly-Debug-Digest:
      - c1933e598377bfed24e51108c8aeb2d5de03995b6c3a458f51b9ffb7fc4562ff
      Content-Length:
      - '80'
      Accept-Ranges:
      - bytes
      Date:
      - Tue, 04 Oct 2016 16:59:18 GMT
      Age:
      - '0'
      Connection:
      - keep-alive
      X-Served-By:
      - cache-sjc3148-SJC, cache-lax8628-LAX
      X-Cache:
      - MISS, MISS
      X-Cache-Hits:
      - 0, 0
      X-Timer:
      - S1475600358.449025,VS0,VE34
    body:
      encoding: UTF-8
      string: |-
        {
          "errors" : [ {
            "status" : 404,
            "message" : "File not found."
          } ]
        }
    http_version: 
  recorded_at: Tue, 04 Oct 2016 16:59:18 GMT
- request:
    method: get
    uri: https://packages.chef.io/files/unstable/delivery/0.5.207/ubuntu/12.04/delivery_0.5.207-1_amd64.deb.metadata.json
    body:
      encoding: US-ASCII
      string: ''
    headers:
      Accept-Encoding:
      - gzip;q=1.0,deflate;q=0.6,identity;q=0.3
      Accept:
      - "*/*"
      User-Agent:
      - Ruby
  response:
    status:
      code: 404
      message: Not Found
    headers:
      Content-Type:
      - application/json;charset=ISO-8859-1
      Server:
      - nginx
      X-Artifactory-Id:
      - 0feedc922c1ccc1d:739f2b45:157585d3cb1:-7f42
      Via:
      - 1.1 varnish
      - 1.1 varnish
      Fastly-Debug-Digest:
      - 2b4fa6387e630fafaf398d72c24a85201f7d3b9c1c45fb4b1fe04845cde8fd7c
      Content-Length:
      - '80'
      Accept-Ranges:
      - bytes
      Date:
      - Tue, 04 Oct 2016 17:01:35 GMT
      Age:
      - '2104'
      Connection:
      - keep-alive
      X-Served-By:
      - cache-sjc3134-SJC, cache-lax8636-LAX
      X-Cache:
      - MISS, HIT
      X-Cache-Hits:
      - 0, 1
      X-Timer:
      - S1475600495.060798,VS0,VE0
    body:
      encoding: UTF-8
      string: |-
        {
          "errors" : [ {
            "status" : 404,
            "message" : "File not found."
          } ]
        }
    http_version: 
  recorded_at: Tue, 04 Oct 2016 17:01:35 GMT
- request:
    method: get
    uri: https://packages.chef.io/files/unstable/delivery/0.5.207/ubuntu/14.04/delivery_0.5.207-1_amd64.deb.metadata.json
    body:
      encoding: US-ASCII
      string: ''
    headers:
      Accept-Encoding:
      - gzip;q=1.0,deflate;q=0.6,identity;q=0.3
      Accept:
      - "*/*"
      User-Agent:
      - Ruby
  response:
    status:
      code: 404
      message: Not Found
    headers:
      Content-Type:
      - application/json;charset=ISO-8859-1
      Server:
      - nginx
      X-Artifactory-Id:
      - 0feedc922c1ccc1d:739f2b45:157585d3cb1:-7f42
      Via:
      - 1.1 varnish
      - 1.1 varnish
      Fastly-Debug-Digest:
      - 70a3bce42068cfecf1a6b4a292dd7f875a7eca2780bc9a40ff01efdd00ca66af
      Content-Length:
      - '80'
      Accept-Ranges:
      - bytes
      Date:
      - Tue, 04 Oct 2016 17:01:35 GMT
      Age:
      - '137'
      Connection:
      - keep-alive
      X-Served-By:
      - cache-sjc3149-SJC, cache-lax8623-LAX
      X-Cache:
      - MISS, HIT
      X-Cache-Hits:
      - 0, 1
      X-Timer:
      - S1475600495.185386,VS0,VE0
    body:
      encoding: UTF-8
      string: |-
        {
          "errors" : [ {
            "status" : 404,
            "message" : "File not found."
          } ]
        }
    http_version: 
  recorded_at: Tue, 04 Oct 2016 17:01:35 GMT
- request:
    method: get
    uri: https://packages.chef.io/files/unstable/delivery/0.5.207/ubuntu/16.04/delivery_0.5.207-1_amd64.deb.metadata.json
    body:
      encoding: US-ASCII
      string: ''
    headers:
      Accept-Encoding:
      - gzip;q=1.0,deflate;q=0.6,identity;q=0.3
      Accept:
      - "*/*"
      User-Agent:
      - Ruby
  response:
    status:
      code: 404
      message: Not Found
    headers:
      Content-Type:
      - application/json;charset=ISO-8859-1
      Server:
      - nginx
      X-Artifactory-Id:
      - 0feedc922c1ccc1d:739f2b45:157585d3cb1:-7f42
      Via:
      - 1.1 varnish
      - 1.1 varnish
      Fastly-Debug-Digest:
      - 454540e8d8b10f97ad28006031a3bbc5847e210545a54b77742637655c9ca806
      Content-Length:
      - '80'
      Accept-Ranges:
      - bytes
      Date:
      - Tue, 04 Oct 2016 17:01:35 GMT
      Age:
      - '137'
      Connection:
      - keep-alive
      X-Served-By:
      - cache-sjc3145-SJC, cache-lax8622-LAX
      X-Cache:
      - MISS, HIT
      X-Cache-Hits:
      - 0, 1
      X-Timer:
      - S1475600495.306189,VS0,VE0
    body:
      encoding: UTF-8
      string: |-
        {
          "errors" : [ {
            "status" : 404,
            "message" : "File not found."
          } ]
        }
    http_version: 
  recorded_at: Tue, 04 Oct 2016 17:01:35 GMT
- request:
    method: get
    uri: https://packages.chef.io/files/unstable/delivery/0.5.207/el/7/delivery-0.5.207-1.el7.x86_64.rpm.metadata.json
    body:
      encoding: US-ASCII
      string: ''
    headers:
      Accept-Encoding:
      - gzip;q=1.0,deflate;q=0.6,identity;q=0.3
      Accept:
      - "*/*"
      User-Agent:
      - Ruby
  response:
    status:
      code: 404
      message: Not Found
    headers:
      Content-Type:
      - application/json;charset=ISO-8859-1
      Server:
      - nginx
      X-Artifactory-Id:
      - 0feedc922c1ccc1d:739f2b45:157585d3cb1:-7f42
      Via:
      - 1.1 varnish
      - 1.1 varnish
      Fastly-Debug-Digest:
      - ebeb9ab09ff4b118de9a4b64072b0e2004292ee6564d9eec90757c09605af2a9
      Content-Length:
      - '80'
      Accept-Ranges:
      - bytes
      Date:
      - Tue, 04 Oct 2016 17:01:35 GMT
      Age:
      - '137'
      Connection:
      - keep-alive
      X-Served-By:
      - cache-sjc3123-SJC, cache-lax8634-LAX
      X-Cache:
      - MISS, HIT
      X-Cache-Hits:
      - 0, 1
      X-Timer:
      - S1475600495.414302,VS0,VE0
    body:
      encoding: UTF-8
      string: |-
        {
          "errors" : [ {
            "status" : 404,
            "message" : "File not found."
          } ]
        }
    http_version: 
  recorded_at: Tue, 04 Oct 2016 17:01:35 GMT
- request:
    method: get
    uri: https://packages.chef.io/files/unstable/delivery/0.5.207/el/6/delivery-0.5.207-1.el6.x86_64.rpm.metadata.json
    body:
      encoding: US-ASCII
      string: ''
    headers:
      Accept-Encoding:
      - gzip;q=1.0,deflate;q=0.6,identity;q=0.3
      Accept:
      - "*/*"
      User-Agent:
      - Ruby
  response:
    status:
      code: 404
      message: Not Found
    headers:
      Content-Type:
      - application/json;charset=ISO-8859-1
      Server:
      - nginx
      X-Artifactory-Id:
      - 0feedc922c1ccc1d:739f2b45:157585d3cb1:-7f42
      Via:
      - 1.1 varnish
      - 1.1 varnish
      Fastly-Debug-Digest:
      - c1933e598377bfed24e51108c8aeb2d5de03995b6c3a458f51b9ffb7fc4562ff
      Content-Length:
      - '80'
      Accept-Ranges:
      - bytes
      Date:
      - Tue, 04 Oct 2016 17:01:35 GMT
      Age:
      - '137'
      Connection:
      - keep-alive
      X-Served-By:
      - cache-sjc3148-SJC, cache-lax8629-LAX
      X-Cache:
      - MISS, HIT
      X-Cache-Hits:
      - 0, 1
      X-Timer:
      - S1475600495.644653,VS0,VE0
    body:
      encoding: UTF-8
      string: |-
        {
          "errors" : [ {
            "status" : 404,
            "message" : "File not found."
          } ]
        }
    http_version: 
  recorded_at: Tue, 04 Oct 2016 17:01:35 GMT
- request:
    method: get
    uri: https://packages.chef.io/api/v1/unstable/delivery/versions
    body:
      encoding: US-ASCII
      string: ''
    headers:
      Accept-Encoding:
      - gzip;q=1.0,deflate;q=0.6,identity;q=0.3
      Accept:
      - "*/*"
      User-Agent:
      - Ruby
      - mixlib-install/2.1.7
  response:
    status:
      code: 200
      message: OK
    headers:
      Content-Type:
      - application/json
      Server:
      - nginx
      X-Artifactory-Id:
      - 3c031508623683e4:-49c0c854:15826b5bd31:-7f69
      Via:
      - 1.1 varnish
      - 1.1 varnish
      Fastly-Debug-Digest:
      - eab246980aa48de038db75422c20ca8c4cd0468872391c20f3479ff69670b9ee
      Content-Length:
      - '34624'
      Accept-Ranges:
      - bytes
      Date:
      - Tue, 22 Nov 2016 10:57:22 GMT
      Age:
      - '433'
      Connection:
      - keep-alive
      X-Served-By:
      - cache-sjc3127-SJC, cache-lcy1135-LCY
      X-Cache:
      - HIT, MISS
      X-Cache-Hits:
      - 1, 0
      X-Timer:
      - S1479812242.103512,VS0,VE148
    body:
      encoding: UTF-8
      string: |2

        {
        "results" : [ {
          "repo" : "omnibus-unstable-local",
          "path" : "com/getchef/delivery/0.5.512/ubuntu/12.04",
          "name" : "delivery_0.5.512-1_amd64.deb",
          "type" : "file",
          "size" : 495561320,
          "created" : "2016-11-15T08:38:22.236Z",
          "created_by" : "jenkins",
          "modified" : "2016-11-15T08:38:11.688Z",
          "modified_by" : "jenkins",
          "updated" : "2016-11-15T08:38:11.688Z",
          "artifacts" : [ {
            "modules" : [ {
              "builds" : [ {
                "build.created" : "2016-11-15T09:17:38.570Z",
                "build.created_by" : "jenkins",
                "build.name" : "delivery",
                "build.number" : "0.5.512"
              } ]
            } ]
          } ],
          "properties" : [ {
            "key" : "omnibus.version",
            "value" : "0.5.512"
          } ]
        },{
          "repo" : "omnibus-unstable-local",
          "path" : "com/getchef/delivery/0.5.512/ubuntu/14.04",
          "name" : "delivery_0.5.512-1_amd64.deb",
          "type" : "file",
          "size" : 495561320,
          "created" : "2016-11-15T08:38:35.737Z",
          "created_by" : "jenkins",
          "modified" : "2016-11-15T08:38:22.287Z",
          "modified_by" : "jenkins",
          "updated" : "2016-11-15T08:38:22.287Z",
          "artifacts" : [ {
            "modules" : [ {
              "builds" : [ {
                "build.created" : "2016-11-15T09:17:38.570Z",
                "build.created_by" : "jenkins",
                "build.name" : "delivery",
                "build.number" : "0.5.512"
              } ]
            } ]
          } ],
          "properties" : [ {
            "key" : "omnibus.version",
            "value" : "0.5.512"
          } ]
        },{
          "repo" : "omnibus-unstable-local",
          "path" : "com/getchef/delivery/0.5.512/ubuntu/16.04",
          "name" : "delivery_0.5.512-1_amd64.deb",
          "type" : "file",
          "size" : 495561320,
          "created" : "2016-11-15T08:38:49.175Z",
          "created_by" : "jenkins",
          "modified" : "2016-11-15T08:38:35.781Z",
          "modified_by" : "jenkins",
          "updated" : "2016-11-15T08:38:35.781Z",
          "artifacts" : [ {
            "modules" : [ {
              "builds" : [ {
                "build.created" : "2016-11-15T09:17:38.570Z",
                "build.created_by" : "jenkins",
                "build.name" : "delivery",
                "build.number" : "0.5.512"
              } ]
            } ]
          } ],
          "properties" : [ {
            "key" : "omnibus.version",
            "value" : "0.5.512"
          } ]
        },{
          "repo" : "omnibus-unstable-local",
          "path" : "com/getchef/delivery/0.5.512/el/7",
          "name" : "delivery-0.5.512-1.el7.x86_64.rpm",
          "type" : "file",
          "size" : 494638359,
          "created" : "2016-11-15T08:48:58.950Z",
          "created_by" : "jenkins",
          "modified" : "2016-11-15T08:48:48.467Z",
          "modified_by" : "jenkins",
          "updated" : "2016-11-15T08:48:48.467Z",
          "artifacts" : [ {
            "modules" : [ {
              "builds" : [ {
                "build.created" : "2016-11-15T09:17:38.570Z",
                "build.created_by" : "jenkins",
                "build.name" : "delivery",
                "build.number" : "0.5.512"
              } ]
            } ]
          } ],
          "properties" : [ {
            "key" : "omnibus.version",
            "value" : "0.5.512"
          } ]
        },{
          "repo" : "omnibus-unstable-local",
          "path" : "com/getchef/delivery/0.5.512/el/6",
          "name" : "delivery-0.5.512-1.el6.x86_64.rpm",
          "type" : "file",
          "size" : 493908225,
          "created" : "2016-11-15T09:17:36.533Z",
          "created_by" : "jenkins",
          "modified" : "2016-11-15T09:17:25.877Z",
          "modified_by" : "jenkins",
          "updated" : "2016-11-15T09:17:25.877Z",
          "artifacts" : [ {
            "modules" : [ {
              "builds" : [ {
                "build.created" : "2016-11-15T09:17:38.570Z",
                "build.created_by" : "jenkins",
                "build.name" : "delivery",
                "build.number" : "0.5.512"
              } ]
            } ]
          } ],
          "properties" : [ {
            "key" : "omnibus.version",
            "value" : "0.5.512"
          } ]
        },{
          "repo" : "omnibus-unstable-local",
          "path" : "com/getchef/delivery/0.5.513/ubuntu/12.04",
          "name" : "delivery_0.5.513-1_amd64.deb",
          "type" : "file",
          "size" : 495561570,
          "created" : "2016-11-15T10:59:16.383Z",
          "created_by" : "jenkins",
          "modified" : "2016-11-15T10:59:05.816Z",
          "modified_by" : "jenkins",
          "updated" : "2016-11-15T10:59:05.816Z",
          "artifacts" : [ {
            "modules" : [ {
              "builds" : [ {
                "build.created" : "2016-11-15T11:17:13.084Z",
                "build.created_by" : "jenkins",
                "build.name" : "delivery",
                "build.number" : "0.5.513"
              } ]
            } ]
          } ],
          "properties" : [ {
            "key" : "omnibus.version",
            "value" : "0.5.513"
          } ]
        },{
          "repo" : "omnibus-unstable-local",
          "path" : "com/getchef/delivery/0.5.513/ubuntu/14.04",
          "name" : "delivery_0.5.513-1_amd64.deb",
          "type" : "file",
          "size" : 495561570,
          "created" : "2016-11-15T10:59:29.891Z",
          "created_by" : "jenkins",
          "modified" : "2016-11-15T10:59:16.460Z",
          "modified_by" : "jenkins",
          "updated" : "2016-11-15T10:59:16.460Z",
          "artifacts" : [ {
            "modules" : [ {
              "builds" : [ {
                "build.created" : "2016-11-15T11:17:13.084Z",
                "build.created_by" : "jenkins",
                "build.name" : "delivery",
                "build.number" : "0.5.513"
              } ]
            } ]
          } ],
          "properties" : [ {
            "key" : "omnibus.version",
            "value" : "0.5.513"
          } ]
        },{
          "repo" : "omnibus-unstable-local",
          "path" : "com/getchef/delivery/0.5.513/ubuntu/16.04",
          "name" : "delivery_0.5.513-1_amd64.deb",
          "type" : "file",
          "size" : 495561570,
          "created" : "2016-11-15T10:59:43.325Z",
          "created_by" : "jenkins",
          "modified" : "2016-11-15T10:59:29.936Z",
          "modified_by" : "jenkins",
          "updated" : "2016-11-15T10:59:29.936Z",
          "artifacts" : [ {
            "modules" : [ {
              "builds" : [ {
                "build.created" : "2016-11-15T11:17:13.084Z",
                "build.created_by" : "jenkins",
                "build.name" : "delivery",
                "build.number" : "0.5.513"
              } ]
            } ]
          } ],
          "properties" : [ {
            "key" : "omnibus.version",
            "value" : "0.5.513"
          } ]
        },{
          "repo" : "omnibus-unstable-local",
          "path" : "com/getchef/delivery/0.5.513/el/7",
          "name" : "delivery-0.5.513-1.el7.x86_64.rpm",
          "type" : "file",
          "size" : 494641683,
          "created" : "2016-11-15T11:04:08.137Z",
          "created_by" : "jenkins",
          "modified" : "2016-11-15T11:03:57.668Z",
          "modified_by" : "jenkins",
          "updated" : "2016-11-15T11:03:57.668Z",
          "artifacts" : [ {
            "modules" : [ {
              "builds" : [ {
                "build.created" : "2016-11-15T11:17:13.084Z",
                "build.created_by" : "jenkins",
                "build.name" : "delivery",
                "build.number" : "0.5.513"
              } ]
            } ]
          } ],
          "properties" : [ {
            "key" : "omnibus.version",
            "value" : "0.5.513"
          } ]
        },{
          "repo" : "omnibus-unstable-local",
          "path" : "com/getchef/delivery/0.5.513/el/6",
          "name" : "delivery-0.5.513-1.el6.x86_64.rpm",
          "type" : "file",
          "size" : 493912350,
          "created" : "2016-11-15T11:17:11.035Z",
          "created_by" : "jenkins",
          "modified" : "2016-11-15T11:17:00.534Z",
          "modified_by" : "jenkins",
          "updated" : "2016-11-15T11:17:00.534Z",
          "artifacts" : [ {
            "modules" : [ {
              "builds" : [ {
                "build.created" : "2016-11-15T11:17:13.084Z",
                "build.created_by" : "jenkins",
                "build.name" : "delivery",
                "build.number" : "0.5.513"
              } ]
            } ]
          } ],
          "properties" : [ {
            "key" : "omnibus.version",
            "value" : "0.5.513"
          } ]
        },{
          "repo" : "omnibus-unstable-local",
          "path" : "com/getchef/delivery/0.5.513+git.9.3368aaa/ubuntu/12.04",
          "name" : "delivery_0.5.513+git.9.3368aaa-1_amd64.deb",
          "type" : "file",
          "size" : 495558956,
          "created" : "2016-11-15T12:19:50.383Z",
          "created_by" : "jenkins",
          "modified" : "2016-11-15T12:19:39.855Z",
          "modified_by" : "jenkins",
          "updated" : "2016-11-15T12:19:39.855Z",
          "artifacts" : [ {
            "modules" : [ {
              "builds" : [ {
                "build.created" : "2016-11-15T12:32:45.887Z",
                "build.created_by" : "jenkins",
                "build.name" : "delivery",
                "build.number" : "0.5.513+git.9.3368aaa"
              } ]
            } ]
          } ],
          "properties" : [ {
            "key" : "omnibus.version",
            "value" : "0.5.513+git.9.3368aaa"
          } ]
        },{
          "repo" : "omnibus-unstable-local",
          "path" : "com/getchef/delivery/0.5.513+git.9.3368aaa/ubuntu/14.04",
          "name" : "delivery_0.5.513+git.9.3368aaa-1_amd64.deb",
          "type" : "file",
          "size" : 495558956,
          "created" : "2016-11-15T12:20:03.934Z",
          "created_by" : "jenkins",
          "modified" : "2016-11-15T12:19:50.433Z",
          "modified_by" : "jenkins",
          "updated" : "2016-11-15T12:19:50.433Z",
          "artifacts" : [ {
            "modules" : [ {
              "builds" : [ {
                "build.created" : "2016-11-15T12:32:45.887Z",
                "build.created_by" : "jenkins",
                "build.name" : "delivery",
                "build.number" : "0.5.513+git.9.3368aaa"
              } ]
            } ]
          } ],
          "properties" : [ {
            "key" : "omnibus.version",
            "value" : "0.5.513+git.9.3368aaa"
          } ]
        },{
          "repo" : "omnibus-unstable-local",
          "path" : "com/getchef/delivery/0.5.513+git.9.3368aaa/ubuntu/16.04",
          "name" : "delivery_0.5.513+git.9.3368aaa-1_amd64.deb",
          "type" : "file",
          "size" : 495558956,
          "created" : "2016-11-15T12:20:17.343Z",
          "created_by" : "jenkins",
          "modified" : "2016-11-15T12:20:03.976Z",
          "modified_by" : "jenkins",
          "updated" : "2016-11-15T12:20:03.976Z",
          "artifacts" : [ {
            "modules" : [ {
              "builds" : [ {
                "build.created" : "2016-11-15T12:32:45.887Z",
                "build.created_by" : "jenkins",
                "build.name" : "delivery",
                "build.number" : "0.5.513+git.9.3368aaa"
              } ]
            } ]
          } ],
          "properties" : [ {
            "key" : "omnibus.version",
            "value" : "0.5.513+git.9.3368aaa"
          } ]
        },{
          "repo" : "omnibus-unstable-local",
          "path" : "com/getchef/delivery/0.5.513+git.9.3368aaa/el/7",
          "name" : "delivery-0.5.513+git.9.3368aaa-1.el7.x86_64.rpm",
          "type" : "file",
          "size" : 494640097,
          "created" : "2016-11-15T12:21:46.403Z",
          "created_by" : "jenkins",
          "modified" : "2016-11-15T12:21:35.870Z",
          "modified_by" : "jenkins",
          "updated" : "2016-11-15T12:21:35.870Z",
          "artifacts" : [ {
            "modules" : [ {
              "builds" : [ {
                "build.created" : "2016-11-15T12:32:45.887Z",
                "build.created_by" : "jenkins",
                "build.name" : "delivery",
                "build.number" : "0.5.513+git.9.3368aaa"
              } ]
            } ]
          } ],
          "properties" : [ {
            "key" : "omnibus.version",
            "value" : "0.5.513+git.9.3368aaa"
          } ]
        },{
          "repo" : "omnibus-unstable-local",
          "path" : "com/getchef/delivery/0.5.513+git.9.3368aaa/el/6",
          "name" : "delivery-0.5.513+git.9.3368aaa-1.el6.x86_64.rpm",
          "type" : "file",
          "size" : 493923843,
          "created" : "2016-11-15T12:32:44.024Z",
          "created_by" : "jenkins",
          "modified" : "2016-11-15T12:32:33.504Z",
          "modified_by" : "jenkins",
          "updated" : "2016-11-15T12:32:33.504Z",
          "artifacts" : [ {
            "modules" : [ {
              "builds" : [ {
                "build.created" : "2016-11-15T12:32:45.887Z",
                "build.created_by" : "jenkins",
                "build.name" : "delivery",
                "build.number" : "0.5.513+git.9.3368aaa"
              } ]
            } ]
          } ],
          "properties" : [ {
            "key" : "omnibus.version",
            "value" : "0.5.513+git.9.3368aaa"
          } ]
        },{
          "repo" : "omnibus-unstable-local",
          "path" : "com/getchef/delivery/0.5.514/ubuntu/12.04",
          "name" : "delivery_0.5.514-1_amd64.deb",
          "type" : "file",
          "size" : 495564686,
          "created" : "2016-11-15T15:31:50.992Z",
          "created_by" : "jenkins",
          "modified" : "2016-11-15T15:31:40.463Z",
          "modified_by" : "jenkins",
          "updated" : "2016-11-15T15:31:40.463Z",
          "artifacts" : [ {
            "modules" : [ {
              "builds" : [ {
                "build.created" : "2016-11-15T15:48:41.646Z",
                "build.created_by" : "jenkins",
                "build.name" : "delivery",
                "build.number" : "0.5.514"
              } ]
            } ]
          } ],
          "properties" : [ {
            "key" : "omnibus.version",
            "value" : "0.5.514"
          } ]
        },{
          "repo" : "omnibus-unstable-local",
          "path" : "com/getchef/delivery/0.5.514/ubuntu/14.04",
          "name" : "delivery_0.5.514-1_amd64.deb",
          "type" : "file",
          "size" : 495564686,
          "created" : "2016-11-15T15:32:04.542Z",
          "created_by" : "jenkins",
          "modified" : "2016-11-15T15:31:51.080Z",
          "modified_by" : "jenkins",
          "updated" : "2016-11-15T15:31:51.080Z",
          "artifacts" : [ {
            "modules" : [ {
              "builds" : [ {
                "build.created" : "2016-11-15T15:48:41.646Z",
                "build.created_by" : "jenkins",
                "build.name" : "delivery",
                "build.number" : "0.5.514"
              } ]
            } ]
          } ],
          "properties" : [ {
            "key" : "omnibus.version",
            "value" : "0.5.514"
          } ]
        },{
          "repo" : "omnibus-unstable-local",
          "path" : "com/getchef/delivery/0.5.514/ubuntu/16.04",
          "name" : "delivery_0.5.514-1_amd64.deb",
          "type" : "file",
          "size" : 495564686,
          "created" : "2016-11-15T15:32:17.960Z",
          "created_by" : "jenkins",
          "modified" : "2016-11-15T15:32:04.594Z",
          "modified_by" : "jenkins",
          "updated" : "2016-11-15T15:32:04.594Z",
          "artifacts" : [ {
            "modules" : [ {
              "builds" : [ {
                "build.created" : "2016-11-15T15:48:41.646Z",
                "build.created_by" : "jenkins",
                "build.name" : "delivery",
                "build.number" : "0.5.514"
              } ]
            } ]
          } ],
          "properties" : [ {
            "key" : "omnibus.version",
            "value" : "0.5.514"
          } ]
        },{
          "repo" : "omnibus-unstable-local",
          "path" : "com/getchef/delivery/0.5.514/el/7",
          "name" : "delivery-0.5.514-1.el7.x86_64.rpm",
          "type" : "file",
          "size" : 494643491,
          "created" : "2016-11-15T15:41:30.832Z",
          "created_by" : "jenkins",
          "modified" : "2016-11-15T15:41:14.290Z",
          "modified_by" : "jenkins",
          "updated" : "2016-11-15T15:41:14.290Z",
          "artifacts" : [ {
            "modules" : [ {
              "builds" : [ {
                "build.created" : "2016-11-15T15:48:41.646Z",
                "build.created_by" : "jenkins",
                "build.name" : "delivery",
                "build.number" : "0.5.514"
              } ]
            } ]
          } ],
          "properties" : [ {
            "key" : "omnibus.version",
            "value" : "0.5.514"
          } ]
        },{
          "repo" : "omnibus-unstable-local",
          "path" : "com/getchef/delivery/0.5.514/el/6",
          "name" : "delivery-0.5.514-1.el6.x86_64.rpm",
          "type" : "file",
          "size" : 493914994,
          "created" : "2016-11-15T15:48:39.993Z",
          "created_by" : "jenkins",
          "modified" : "2016-11-15T15:48:29.531Z",
          "modified_by" : "jenkins",
          "updated" : "2016-11-15T15:48:29.531Z",
          "artifacts" : [ {
            "modules" : [ {
              "builds" : [ {
                "build.created" : "2016-11-15T15:48:41.646Z",
                "build.created_by" : "jenkins",
                "build.name" : "delivery",
                "build.number" : "0.5.514"
              } ]
            } ]
          } ],
          "properties" : [ {
            "key" : "omnibus.version",
            "value" : "0.5.514"
          } ]
        },{
          "repo" : "omnibus-unstable-local",
          "path" : "com/getchef/delivery/0.5.516/ubuntu/12.04",
          "name" : "delivery_0.5.516-1_amd64.deb",
          "type" : "file",
          "size" : 495608882,
          "created" : "2016-11-15T23:11:01.732Z",
          "created_by" : "jenkins",
          "modified" : "2016-11-15T23:10:51.197Z",
          "modified_by" : "jenkins",
          "updated" : "2016-11-15T23:10:51.197Z",
          "artifacts" : [ {
            "modules" : [ {
              "builds" : [ {
                "build.created" : "2016-11-15T23:33:05.105Z",
                "build.created_by" : "jenkins",
                "build.name" : "delivery",
                "build.number" : "0.5.516"
              } ]
            } ]
          } ],
          "properties" : [ {
            "key" : "omnibus.version",
            "value" : "0.5.516"
          } ]
        },{
          "repo" : "omnibus-unstable-local",
          "path" : "com/getchef/delivery/0.5.516/ubuntu/14.04",
          "name" : "delivery_0.5.516-1_amd64.deb",
          "type" : "file",
          "size" : 495608882,
          "created" : "2016-11-15T23:11:15.504Z",
          "created_by" : "jenkins",
          "modified" : "2016-11-15T23:11:01.802Z",
          "modified_by" : "jenkins",
          "updated" : "2016-11-15T23:11:01.802Z",
          "artifacts" : [ {
            "modules" : [ {
              "builds" : [ {
                "build.created" : "2016-11-15T23:33:05.105Z",
                "build.created_by" : "jenkins",
                "build.name" : "delivery",
                "build.number" : "0.5.516"
              } ]
            } ]
          } ],
          "properties" : [ {
            "key" : "omnibus.version",
            "value" : "0.5.516"
          } ]
        },{
          "repo" : "omnibus-unstable-local",
          "path" : "com/getchef/delivery/0.5.516/ubuntu/16.04",
          "name" : "delivery_0.5.516-1_amd64.deb",
          "type" : "file",
          "size" : 495608882,
          "created" : "2016-11-15T23:11:28.941Z",
          "created_by" : "jenkins",
          "modified" : "2016-11-15T23:11:15.572Z",
          "modified_by" : "jenkins",
          "updated" : "2016-11-15T23:11:15.572Z",
          "artifacts" : [ {
            "modules" : [ {
              "builds" : [ {
                "build.created" : "2016-11-15T23:33:05.105Z",
                "build.created_by" : "jenkins",
                "build.name" : "delivery",
                "build.number" : "0.5.516"
              } ]
            } ]
          } ],
          "properties" : [ {
            "key" : "omnibus.version",
            "value" : "0.5.516"
          } ]
        },{
          "repo" : "omnibus-unstable-local",
          "path" : "com/getchef/delivery/0.5.516/el/7",
          "name" : "delivery-0.5.516-1.el7.x86_64.rpm",
          "type" : "file",
          "size" : 494702077,
          "created" : "2016-11-15T23:12:18.747Z",
          "created_by" : "jenkins",
          "modified" : "2016-11-15T23:12:08.263Z",
          "modified_by" : "jenkins",
          "updated" : "2016-11-15T23:12:08.263Z",
          "artifacts" : [ {
            "modules" : [ {
              "builds" : [ {
                "build.created" : "2016-11-15T23:33:05.105Z",
                "build.created_by" : "jenkins",
                "build.name" : "delivery",
                "build.number" : "0.5.516"
              } ]
            } ]
          } ],
          "properties" : [ {
            "key" : "omnibus.version",
            "value" : "0.5.516"
          } ]
        },{
          "repo" : "omnibus-unstable-local",
          "path" : "com/getchef/delivery/0.5.516/el/6",
          "name" : "delivery-0.5.516-1.el6.x86_64.rpm",
          "type" : "file",
          "size" : 493955559,
          "created" : "2016-11-15T23:33:02.599Z",
          "created_by" : "jenkins",
          "modified" : "2016-11-15T23:32:52.119Z",
          "modified_by" : "jenkins",
          "updated" : "2016-11-15T23:32:52.119Z",
          "artifacts" : [ {
            "modules" : [ {
              "builds" : [ {
                "build.created" : "2016-11-15T23:33:05.105Z",
                "build.created_by" : "jenkins",
                "build.name" : "delivery",
                "build.number" : "0.5.516"
              } ]
            } ]
          } ],
          "properties" : [ {
            "key" : "omnibus.version",
            "value" : "0.5.516"
          } ]
        },{
          "repo" : "omnibus-unstable-local",
          "path" : "com/getchef/delivery/0.5.517/ubuntu/12.04",
          "name" : "delivery_0.5.517-1_amd64.deb",
          "type" : "file",
          "size" : 495597714,
          "created" : "2016-11-16T01:03:49.442Z",
          "created_by" : "jenkins",
          "modified" : "2016-11-16T01:03:38.799Z",
          "modified_by" : "jenkins",
          "updated" : "2016-11-16T01:03:38.799Z",
          "artifacts" : [ {
            "modules" : [ {
              "builds" : [ {
                "build.created" : "2016-11-16T01:15:06.190Z",
                "build.created_by" : "jenkins",
                "build.name" : "delivery",
                "build.number" : "0.5.517"
              } ]
            } ]
          } ],
          "properties" : [ {
            "key" : "omnibus.version",
            "value" : "0.5.517"
          } ]
        },{
          "repo" : "omnibus-unstable-local",
          "path" : "com/getchef/delivery/0.5.517/ubuntu/14.04",
          "name" : "delivery_0.5.517-1_amd64.deb",
          "type" : "file",
          "size" : 495597714,
          "created" : "2016-11-16T01:04:02.956Z",
          "created_by" : "jenkins",
          "modified" : "2016-11-16T01:03:49.501Z",
          "modified_by" : "jenkins",
          "updated" : "2016-11-16T01:03:49.501Z",
          "artifacts" : [ {
            "modules" : [ {
              "builds" : [ {
                "build.created" : "2016-11-16T01:15:06.190Z",
                "build.created_by" : "jenkins",
                "build.name" : "delivery",
                "build.number" : "0.5.517"
              } ]
            } ]
          } ],
          "properties" : [ {
            "key" : "omnibus.version",
            "value" : "0.5.517"
          } ]
        },{
          "repo" : "omnibus-unstable-local",
          "path" : "com/getchef/delivery/0.5.517/ubuntu/16.04",
          "name" : "delivery_0.5.517-1_amd64.deb",
          "type" : "file",
          "size" : 495597714,
          "created" : "2016-11-16T01:04:16.391Z",
          "created_by" : "jenkins",
          "modified" : "2016-11-16T01:04:02.997Z",
          "modified_by" : "jenkins",
          "updated" : "2016-11-16T01:04:02.997Z",
          "artifacts" : [ {
            "modules" : [ {
              "builds" : [ {
                "build.created" : "2016-11-16T01:15:06.190Z",
                "build.created_by" : "jenkins",
                "build.name" : "delivery",
                "build.number" : "0.5.517"
              } ]
            } ]
          } ],
          "properties" : [ {
            "key" : "omnibus.version",
            "value" : "0.5.517"
          } ]
        },{
          "repo" : "omnibus-unstable-local",
          "path" : "com/getchef/delivery/0.5.517/el/7",
          "name" : "delivery-0.5.517-1.el7.x86_64.rpm",
          "type" : "file",
          "size" : 494694373,
          "created" : "2016-11-16T01:07:25.992Z",
          "created_by" : "jenkins",
          "modified" : "2016-11-16T01:07:15.447Z",
          "modified_by" : "jenkins",
          "updated" : "2016-11-16T01:07:15.447Z",
          "artifacts" : [ {
            "modules" : [ {
              "builds" : [ {
                "build.created" : "2016-11-16T01:15:06.190Z",
                "build.created_by" : "jenkins",
                "build.name" : "delivery",
                "build.number" : "0.5.517"
              } ]
            } ]
          } ],
          "properties" : [ {
            "key" : "omnibus.version",
            "value" : "0.5.517"
          } ]
        },{
          "repo" : "omnibus-unstable-local",
          "path" : "com/getchef/delivery/0.5.517/el/6",
          "name" : "delivery-0.5.517-1.el6.x86_64.rpm",
          "type" : "file",
          "size" : 493952879,
          "created" : "2016-11-16T01:15:04.588Z",
          "created_by" : "jenkins",
          "modified" : "2016-11-16T01:14:54.068Z",
          "modified_by" : "jenkins",
          "updated" : "2016-11-16T01:14:54.068Z",
          "artifacts" : [ {
            "modules" : [ {
              "builds" : [ {
                "build.created" : "2016-11-16T01:15:06.190Z",
                "build.created_by" : "jenkins",
                "build.name" : "delivery",
                "build.number" : "0.5.517"
              } ]
            } ]
          } ],
          "properties" : [ {
            "key" : "omnibus.version",
            "value" : "0.5.517"
          } ]
        },{
          "repo" : "omnibus-unstable-local",
          "path" : "com/getchef/delivery/0.5.518/ubuntu/12.04",
          "name" : "delivery_0.5.518-1_amd64.deb",
          "type" : "file",
          "size" : 495605192,
          "created" : "2016-11-16T02:57:07.393Z",
          "created_by" : "jenkins",
          "modified" : "2016-11-16T02:56:56.828Z",
          "modified_by" : "jenkins",
          "updated" : "2016-11-16T02:56:56.828Z",
          "properties" : [ {
            "key" : "omnibus.version",
            "value" : "0.5.518"
          } ]
        },{
          "repo" : "omnibus-unstable-local",
          "path" : "com/getchef/delivery/0.5.518/ubuntu/14.04",
          "name" : "delivery_0.5.518-1_amd64.deb",
          "type" : "file",
          "size" : 495605192,
          "created" : "2016-11-16T02:57:20.894Z",
          "created_by" : "jenkins",
          "modified" : "2016-11-16T02:57:07.446Z",
          "modified_by" : "jenkins",
          "updated" : "2016-11-16T02:57:07.446Z",
          "properties" : [ {
            "key" : "omnibus.version",
            "value" : "0.5.518"
          } ]
        },{
          "repo" : "omnibus-unstable-local",
          "path" : "com/getchef/delivery/0.5.518/ubuntu/16.04",
          "name" : "delivery_0.5.518-1_amd64.deb",
          "type" : "file",
          "size" : 495605192,
          "created" : "2016-11-16T02:57:34.315Z",
          "created_by" : "jenkins",
          "modified" : "2016-11-16T02:57:20.942Z",
          "modified_by" : "jenkins",
          "updated" : "2016-11-16T02:57:20.942Z",
          "properties" : [ {
            "key" : "omnibus.version",
            "value" : "0.5.518"
          } ]
        },{
          "repo" : "omnibus-unstable-local",
          "path" : "com/getchef/delivery/0.5.518/el/6",
          "name" : "delivery-0.5.518-1.el6.x86_64.rpm",
          "type" : "file",
          "size" : 493954148,
          "created" : "2016-11-16T03:05:01.420Z",
          "created_by" : "jenkins",
          "modified" : "2016-11-16T03:04:50.762Z",
          "modified_by" : "jenkins",
          "updated" : "2016-11-16T03:04:50.762Z",
          "properties" : [ {
            "key" : "omnibus.version",
            "value" : "0.5.518"
          } ]
        },{
          "repo" : "omnibus-unstable-local",
          "path" : "com/getchef/delivery/0.5.515+git.2.e6a51e2/ubuntu/12.04",
          "name" : "delivery_0.5.515+git.2.e6a51e2-1_amd64.deb",
          "type" : "file",
          "size" : 495569262,
          "created" : "2016-11-16T20:37:19.356Z",
          "created_by" : "jenkins",
          "modified" : "2016-11-16T20:37:08.776Z",
          "modified_by" : "jenkins",
          "updated" : "2016-11-16T20:37:08.776Z",
          "artifacts" : [ {
            "modules" : [ {
              "builds" : [ {
                "build.created" : "2016-11-16T20:46:57.465Z",
                "build.created_by" : "jenkins",
                "build.name" : "delivery",
                "build.number" : "0.5.515+git.2.e6a51e2"
              } ]
            } ]
          } ],
          "properties" : [ {
            "key" : "omnibus.version",
            "value" : "0.5.515+git.2.e6a51e2"
          } ]
        },{
          "repo" : "omnibus-unstable-local",
          "path" : "com/getchef/delivery/0.5.515+git.2.e6a51e2/ubuntu/14.04",
          "name" : "delivery_0.5.515+git.2.e6a51e2-1_amd64.deb",
          "type" : "file",
          "size" : 495569262,
          "created" : "2016-11-16T20:37:32.857Z",
          "created_by" : "jenkins",
          "modified" : "2016-11-16T20:37:19.402Z",
          "modified_by" : "jenkins",
          "updated" : "2016-11-16T20:37:19.402Z",
          "artifacts" : [ {
            "modules" : [ {
              "builds" : [ {
                "build.created" : "2016-11-16T20:46:57.465Z",
                "build.created_by" : "jenkins",
                "build.name" : "delivery",
                "build.number" : "0.5.515+git.2.e6a51e2"
              } ]
            } ]
          } ],
          "properties" : [ {
            "key" : "omnibus.version",
            "value" : "0.5.515+git.2.e6a51e2"
          } ]
        },{
          "repo" : "omnibus-unstable-local",
          "path" : "com/getchef/delivery/0.5.515+git.2.e6a51e2/ubuntu/16.04",
          "name" : "delivery_0.5.515+git.2.e6a51e2-1_amd64.deb",
          "type" : "file",
          "size" : 495569262,
          "created" : "2016-11-16T20:37:46.277Z",
          "created_by" : "jenkins",
          "modified" : "2016-11-16T20:37:32.901Z",
          "modified_by" : "jenkins",
          "updated" : "2016-11-16T20:37:32.901Z",
          "artifacts" : [ {
            "modules" : [ {
              "builds" : [ {
                "build.created" : "2016-11-16T20:46:57.465Z",
                "build.created_by" : "jenkins",
                "build.name" : "delivery",
                "build.number" : "0.5.515+git.2.e6a51e2"
              } ]
            } ]
          } ],
          "properties" : [ {
            "key" : "omnibus.version",
            "value" : "0.5.515+git.2.e6a51e2"
          } ]
        },{
          "repo" : "omnibus-unstable-local",
          "path" : "com/getchef/delivery/0.5.515+git.2.e6a51e2/el/7",
          "name" : "delivery-0.5.515+git.2.e6a51e2-1.el7.x86_64.rpm",
          "type" : "file",
          "size" : 494646323,
          "created" : "2016-11-16T20:38:08.326Z",
          "created_by" : "jenkins",
          "modified" : "2016-11-16T20:37:52.167Z",
          "modified_by" : "jenkins",
          "updated" : "2016-11-16T20:37:52.167Z",
          "artifacts" : [ {
            "modules" : [ {
              "builds" : [ {
                "build.created" : "2016-11-16T20:46:57.465Z",
                "build.created_by" : "jenkins",
                "build.name" : "delivery",
                "build.number" : "0.5.515+git.2.e6a51e2"
              } ]
            } ]
          } ],
          "properties" : [ {
            "key" : "omnibus.version",
            "value" : "0.5.515+git.2.e6a51e2"
          } ]
        },{
          "repo" : "omnibus-unstable-local",
          "path" : "com/getchef/delivery/0.5.515+git.2.e6a51e2/el/6",
          "name" : "delivery-0.5.515+git.2.e6a51e2-1.el6.x86_64.rpm",
          "type" : "file",
          "size" : 493919513,
          "created" : "2016-11-16T20:46:55.587Z",
          "created_by" : "jenkins",
          "modified" : "2016-11-16T20:46:45.093Z",
          "modified_by" : "jenkins",
          "updated" : "2016-11-16T20:46:45.093Z",
          "artifacts" : [ {
            "modules" : [ {
              "builds" : [ {
                "build.created" : "2016-11-16T20:46:57.465Z",
                "build.created_by" : "jenkins",
                "build.name" : "delivery",
                "build.number" : "0.5.515+git.2.e6a51e2"
              } ]
            } ]
          } ],
          "properties" : [ {
            "key" : "omnibus.version",
            "value" : "0.5.515+git.2.e6a51e2"
          } ]
        },{
          "repo" : "omnibus-unstable-local",
          "path" : "com/getchef/delivery/0.6.0/ubuntu/12.04",
          "name" : "delivery_0.6.0-1_amd64.deb",
          "type" : "file",
          "size" : 495599920,
          "created" : "2016-11-16T21:39:23.600Z",
          "created_by" : "jenkins",
          "modified" : "2016-11-16T21:39:13.070Z",
          "modified_by" : "jenkins",
          "updated" : "2016-11-16T21:39:13.070Z",
          "artifacts" : [ {
            "modules" : [ {
              "builds" : [ {
                "build.created" : "2016-11-16T22:02:54.477Z",
                "build.created_by" : "jenkins",
                "build.name" : "delivery",
                "build.number" : "0.6.0"
              } ]
            } ]
          } ],
          "properties" : [ {
            "key" : "omnibus.version",
            "value" : "0.6.0"
          } ]
        },{
          "repo" : "omnibus-unstable-local",
          "path" : "com/getchef/delivery/0.6.0/ubuntu/14.04",
          "name" : "delivery_0.6.0-1_amd64.deb",
          "type" : "file",
          "size" : 495599920,
          "created" : "2016-11-16T21:39:37.111Z",
          "created_by" : "jenkins",
          "modified" : "2016-11-16T21:39:23.654Z",
          "modified_by" : "jenkins",
          "updated" : "2016-11-16T21:39:23.654Z",
          "artifacts" : [ {
            "modules" : [ {
              "builds" : [ {
                "build.created" : "2016-11-16T22:02:54.477Z",
                "build.created_by" : "jenkins",
                "build.name" : "delivery",
                "build.number" : "0.6.0"
              } ]
            } ]
          } ],
          "properties" : [ {
            "key" : "omnibus.version",
            "value" : "0.6.0"
          } ]
        },{
          "repo" : "omnibus-unstable-local",
          "path" : "com/getchef/delivery/0.6.0/ubuntu/16.04",
          "name" : "delivery_0.6.0-1_amd64.deb",
          "type" : "file",
          "size" : 495599920,
          "created" : "2016-11-16T21:39:50.555Z",
          "created_by" : "jenkins",
          "modified" : "2016-11-16T21:39:37.154Z",
          "modified_by" : "jenkins",
          "updated" : "2016-11-16T21:39:37.154Z",
          "artifacts" : [ {
            "modules" : [ {
              "builds" : [ {
                "build.created" : "2016-11-16T22:02:54.477Z",
                "build.created_by" : "jenkins",
                "build.name" : "delivery",
                "build.number" : "0.6.0"
              } ]
            } ]
          } ],
          "properties" : [ {
            "key" : "omnibus.version",
            "value" : "0.6.0"
          } ]
        },{
          "repo" : "omnibus-unstable-local",
          "path" : "com/getchef/delivery/0.6.0/el/7",
          "name" : "delivery-0.6.0-1.el7.x86_64.rpm",
          "type" : "file",
          "size" : 494706084,
          "created" : "2016-11-16T21:40:30.416Z",
          "created_by" : "jenkins",
          "modified" : "2016-11-16T21:40:19.901Z",
          "modified_by" : "jenkins",
          "updated" : "2016-11-16T21:40:19.901Z",
          "artifacts" : [ {
            "modules" : [ {
              "builds" : [ {
                "build.created" : "2016-11-16T22:02:54.477Z",
                "build.created_by" : "jenkins",
                "build.name" : "delivery",
                "build.number" : "0.6.0"
              } ]
            } ]
          } ],
          "properties" : [ {
            "key" : "omnibus.version",
            "value" : "0.6.0"
          } ]
        },{
          "repo" : "omnibus-unstable-local",
          "path" : "com/getchef/delivery/0.6.0/el/6",
          "name" : "delivery-0.6.0-1.el6.x86_64.rpm",
          "type" : "file",
          "size" : 493953578,
          "created" : "2016-11-16T22:02:52.791Z",
          "created_by" : "jenkins",
          "modified" : "2016-11-16T22:02:42.301Z",
          "modified_by" : "jenkins",
          "updated" : "2016-11-16T22:02:42.301Z",
          "artifacts" : [ {
            "modules" : [ {
              "builds" : [ {
                "build.created" : "2016-11-16T22:02:54.477Z",
                "build.created_by" : "jenkins",
                "build.name" : "delivery",
                "build.number" : "0.6.0"
              } ]
            } ]
          } ],
          "properties" : [ {
            "key" : "omnibus.version",
            "value" : "0.6.0"
          } ]
        },{
          "repo" : "omnibus-unstable-local",
          "path" : "com/getchef/delivery/0.6.1/ubuntu/12.04",
          "name" : "delivery_0.6.1-1_amd64.deb",
          "type" : "file",
          "size" : 495600676,
          "created" : "2016-11-16T23:42:01.117Z",
          "created_by" : "jenkins",
          "modified" : "2016-11-16T23:41:50.536Z",
          "modified_by" : "jenkins",
          "updated" : "2016-11-16T23:41:50.536Z",
          "artifacts" : [ {
            "modules" : [ {
              "builds" : [ {
                "build.created" : "2016-11-16T23:54:44.365Z",
                "build.created_by" : "jenkins",
                "build.name" : "delivery",
                "build.number" : "0.6.1"
              } ]
            } ]
          } ],
          "properties" : [ {
            "key" : "omnibus.version",
            "value" : "0.6.1"
          } ]
        },{
          "repo" : "omnibus-unstable-local",
          "path" : "com/getchef/delivery/0.6.1/ubuntu/14.04",
          "name" : "delivery_0.6.1-1_amd64.deb",
          "type" : "file",
          "size" : 495600676,
          "created" : "2016-11-16T23:42:14.635Z",
          "created_by" : "jenkins",
          "modified" : "2016-11-16T23:42:01.169Z",
          "modified_by" : "jenkins",
          "updated" : "2016-11-16T23:42:01.169Z",
          "artifacts" : [ {
            "modules" : [ {
              "builds" : [ {
                "build.created" : "2016-11-16T23:54:44.365Z",
                "build.created_by" : "jenkins",
                "build.name" : "delivery",
                "build.number" : "0.6.1"
              } ]
            } ]
          } ],
          "properties" : [ {
            "key" : "omnibus.version",
            "value" : "0.6.1"
          } ]
        },{
          "repo" : "omnibus-unstable-local",
          "path" : "com/getchef/delivery/0.6.1/ubuntu/16.04",
          "name" : "delivery_0.6.1-1_amd64.deb",
          "type" : "file",
          "size" : 495600676,
          "created" : "2016-11-16T23:42:28.056Z",
          "created_by" : "jenkins",
          "modified" : "2016-11-16T23:42:14.679Z",
          "modified_by" : "jenkins",
          "updated" : "2016-11-16T23:42:14.679Z",
          "artifacts" : [ {
            "modules" : [ {
              "builds" : [ {
                "build.created" : "2016-11-16T23:54:44.365Z",
                "build.created_by" : "jenkins",
                "build.name" : "delivery",
                "build.number" : "0.6.1"
              } ]
            } ]
          } ],
          "properties" : [ {
            "key" : "omnibus.version",
            "value" : "0.6.1"
          } ]
        },{
          "repo" : "omnibus-unstable-local",
          "path" : "com/getchef/delivery/0.6.1/el/7",
          "name" : "delivery-0.6.1-1.el7.x86_64.rpm",
          "type" : "file",
          "size" : 494701502,
          "created" : "2016-11-16T23:49:54.828Z",
          "created_by" : "jenkins",
          "modified" : "2016-11-16T23:49:44.340Z",
          "modified_by" : "jenkins",
          "updated" : "2016-11-16T23:49:44.340Z",
          "artifacts" : [ {
            "modules" : [ {
              "builds" : [ {
                "build.created" : "2016-11-16T23:54:44.365Z",
                "build.created_by" : "jenkins",
                "build.name" : "delivery",
                "build.number" : "0.6.1"
              } ]
            } ]
          } ],
          "properties" : [ {
            "key" : "omnibus.version",
            "value" : "0.6.1"
          } ]
        },{
          "repo" : "omnibus-unstable-local",
          "path" : "com/getchef/delivery/0.6.1/el/6",
          "name" : "delivery-0.6.1-1.el6.x86_64.rpm",
          "type" : "file",
          "size" : 493955205,
          "created" : "2016-11-16T23:54:42.222Z",
          "created_by" : "jenkins",
          "modified" : "2016-11-16T23:54:31.659Z",
          "modified_by" : "jenkins",
          "updated" : "2016-11-16T23:54:31.659Z",
          "artifacts" : [ {
            "modules" : [ {
              "builds" : [ {
                "build.created" : "2016-11-16T23:54:44.365Z",
                "build.created_by" : "jenkins",
                "build.name" : "delivery",
                "build.number" : "0.6.1"
              } ]
            } ]
          } ],
          "properties" : [ {
            "key" : "omnibus.version",
            "value" : "0.6.1"
          } ]
        },{
          "repo" : "omnibus-unstable-local",
          "path" : "com/getchef/delivery/0.6.6+git.1.c3e74a4/el/7",
          "name" : "delivery-0.6.6+git.1.c3e74a4-1.el7.x86_64.rpm",
          "type" : "file",
          "size" : 494158758,
          "created" : "2016-11-21T10:39:53.134Z",
          "created_by" : "jenkins",
          "modified" : "2016-11-21T10:39:42.678Z",
          "modified_by" : "jenkins",
          "updated" : "2016-11-21T10:39:42.678Z",
          "properties" : [ {
            "key" : "omnibus.version",
            "value" : "0.6.6+git.1.c3e74a4"
          } ]
        },{
          "repo" : "omnibus-unstable-local",
          "path" : "com/getchef/delivery/0.6.6+git.1.c3e74a4/el/6",
          "name" : "delivery-0.6.6+git.1.c3e74a4-1.el6.x86_64.rpm",
          "type" : "file",
          "size" : 493440388,
          "created" : "2016-11-21T10:39:53.988Z",
          "created_by" : "jenkins",
          "modified" : "2016-11-21T10:39:43.388Z",
          "modified_by" : "jenkins",
          "updated" : "2016-11-21T10:39:43.388Z",
          "properties" : [ {
            "key" : "omnibus.version",
            "value" : "0.6.6+git.1.c3e74a4"
          } ]
        } ],
        "range" : {
          "start_pos" : 0,
          "end_pos" : 51,
          "total" : 51
        }
        }
    http_version: 
  recorded_at: Tue, 22 Nov 2016 10:57:22 GMT
- request:
    method: get
    uri: https://packages.chef.io/api/v1/unstable/delivery/0.6.1/artifacts
    body:
      encoding: US-ASCII
      string: ''
    headers:
      Accept-Encoding:
      - gzip;q=1.0,deflate;q=0.6,identity;q=0.3
      Accept:
      - "*/*"
      User-Agent:
      - Ruby
      - mixlib-install/2.1.7
  response:
    status:
      code: 200
      message: OK
    headers:
      Content-Type:
      - application/json
      Server:
      - nginx
      X-Artifactory-Id:
      - 3c031508623683e4:-49c0c854:15826b5bd31:-7f69
      Via:
      - 1.1 varnish
      - 1.1 varnish
      Fastly-Debug-Digest:
      - 2ad727e2bf7ad9f51ffc945534b92871bee8c89f114f70d5e19b71f0e3f7feaa
      Content-Length:
      - '9134'
      Accept-Ranges:
      - bytes
      Date:
      - Tue, 22 Nov 2016 10:57:22 GMT
      Age:
      - '432'
      Connection:
      - keep-alive
      X-Served-By:
      - cache-sjc3149-SJC, cache-lcy1139-LCY
      X-Cache:
      - HIT, MISS
      X-Cache-Hits:
      - 1, 0
      X-Timer:
      - S1479812242.412582,VS0,VE142
    body:
      encoding: UTF-8
      string: |2

        {
        "results" : [ {
          "repo" : "omnibus-unstable-local",
          "path" : "com/getchef/delivery/0.6.1/ubuntu/12.04",
          "name" : "delivery_0.6.1-1_amd64.deb",
          "properties" : [ {
            "key" : "omnibus.platform",
            "value" : "ubuntu"
          }, {
            "key" : "md5",
            "value" : "f22309feb44ed4ed172c8260ea0ecfef"
          }, {
            "key" : "omnibus.iteration",
            "value" : "1"
          }, {
            "key" : "omnibus.sha512",
            "value" : "e7ecc4fbb535697393610038b5009ef38958f050c1f9fc21aae85a07ff608e05d2aafd8ed77549e1419c055dbf6167bcc409e47f99df55908751861c709fc4c2"
          }, {
            "key" : "delivery.sha",
            "value" : "bc82442dccfe887166eb7c330d9bb9c9689f3d6c"
          }, {
            "key" : "sha1",
            "value" : "7ddd0371598586bc8d4a688afe076230f2b9f046"
          }, {
            "key" : "sha256",
            "value" : "3a7c9cb37f2960ce7e473152399779098f15ad94caa4be22ecf34f08ef70b284"
          }, {
            "key" : "sha512",
            "value" : "e7ecc4fbb535697393610038b5009ef38958f050c1f9fc21aae85a07ff608e05d2aafd8ed77549e1419c055dbf6167bcc409e47f99df55908751861c709fc4c2"
          }, {
            "key" : "omnibus.architecture",
            "value" : "x86_64"
          }, {
            "key" : "omnibus.md5",
            "value" : "f22309feb44ed4ed172c8260ea0ecfef"
          }, {
            "key" : "omnibus.version",
            "value" : "0.6.1"
          }, {
            "key" : "omnibus.platform_version",
            "value" : "12.04"
          }, {
            "key" : "omnibus.project",
            "value" : "delivery"
          }, {
            "key" : "omnibus.sha256",
            "value" : "3a7c9cb37f2960ce7e473152399779098f15ad94caa4be22ecf34f08ef70b284"
          }, {
            "key" : "delivery.change",
            "value" : "0ca18734-082a-45f8-bb64-bf346b887a96"
          }, {
            "key" : "omnibus.sha1",
            "value" : "7ddd0371598586bc8d4a688afe076230f2b9f046"
          }, {
            "key" : "omnibus.license",
            "value" : "Chef-MLSA"
          }, {
            "key" : "build.name",
            "value" : "delivery"
          }, {
            "key" : "build.number",
            "value" : "0.6.1"
          } ]
        },{
          "repo" : "omnibus-unstable-local",
          "path" : "com/getchef/delivery/0.6.1/ubuntu/14.04",
          "name" : "delivery_0.6.1-1_amd64.deb",
          "properties" : [ {
            "key" : "omnibus.iteration",
            "value" : "1"
          }, {
            "key" : "omnibus.sha256",
            "value" : "3a7c9cb37f2960ce7e473152399779098f15ad94caa4be22ecf34f08ef70b284"
          }, {
            "key" : "sha512",
            "value" : "e7ecc4fbb535697393610038b5009ef38958f050c1f9fc21aae85a07ff608e05d2aafd8ed77549e1419c055dbf6167bcc409e47f99df55908751861c709fc4c2"
          }, {
            "key" : "delivery.sha",
            "value" : "bc82442dccfe887166eb7c330d9bb9c9689f3d6c"
          }, {
            "key" : "omnibus.platform",
            "value" : "ubuntu"
          }, {
            "key" : "omnibus.sha1",
            "value" : "7ddd0371598586bc8d4a688afe076230f2b9f046"
          }, {
            "key" : "build.name",
            "value" : "delivery"
          }, {
            "key" : "build.number",
            "value" : "0.6.1"
          }, {
            "key" : "omnibus.architecture",
            "value" : "x86_64"
          }, {
            "key" : "omnibus.license",
            "value" : "Chef-MLSA"
          }, {
            "key" : "omnibus.md5",
            "value" : "f22309feb44ed4ed172c8260ea0ecfef"
          }, {
            "key" : "md5",
            "value" : "f22309feb44ed4ed172c8260ea0ecfef"
          }, {
            "key" : "omnibus.sha512",
            "value" : "e7ecc4fbb535697393610038b5009ef38958f050c1f9fc21aae85a07ff608e05d2aafd8ed77549e1419c055dbf6167bcc409e47f99df55908751861c709fc4c2"
          }, {
            "key" : "omnibus.version",
            "value" : "0.6.1"
          }, {
            "key" : "sha256",
            "value" : "3a7c9cb37f2960ce7e473152399779098f15ad94caa4be22ecf34f08ef70b284"
          }, {
            "key" : "delivery.change",
            "value" : "0ca18734-082a-45f8-bb64-bf346b887a96"
          }, {
            "key" : "sha1",
            "value" : "7ddd0371598586bc8d4a688afe076230f2b9f046"
          }, {
            "key" : "omnibus.platform_version",
            "value" : "14.04"
          }, {
            "key" : "omnibus.project",
            "value" : "delivery"
          } ]
        },{
          "repo" : "omnibus-unstable-local",
          "path" : "com/getchef/delivery/0.6.1/ubuntu/16.04",
          "name" : "delivery_0.6.1-1_amd64.deb",
          "properties" : [ {
            "key" : "omnibus.sha512",
            "value" : "e7ecc4fbb535697393610038b5009ef38958f050c1f9fc21aae85a07ff608e05d2aafd8ed77549e1419c055dbf6167bcc409e47f99df55908751861c709fc4c2"
          }, {
            "key" : "omnibus.platform_version",
            "value" : "16.04"
          }, {
            "key" : "omnibus.md5",
            "value" : "f22309feb44ed4ed172c8260ea0ecfef"
          }, {
            "key" : "omnibus.sha256",
            "value" : "3a7c9cb37f2960ce7e473152399779098f15ad94caa4be22ecf34f08ef70b284"
          }, {
            "key" : "omnibus.platform",
            "value" : "ubuntu"
          }, {
            "key" : "sha512",
            "value" : "e7ecc4fbb535697393610038b5009ef38958f050c1f9fc21aae85a07ff608e05d2aafd8ed77549e1419c055dbf6167bcc409e47f99df55908751861c709fc4c2"
          }, {
            "key" : "delivery.sha",
            "value" : "bc82442dccfe887166eb7c330d9bb9c9689f3d6c"
          }, {
            "key" : "delivery.change",
            "value" : "0ca18734-082a-45f8-bb64-bf346b887a96"
          }, {
            "key" : "omnibus.iteration",
            "value" : "1"
          }, {
            "key" : "sha1",
            "value" : "7ddd0371598586bc8d4a688afe076230f2b9f046"
          }, {
            "key" : "omnibus.architecture",
            "value" : "x86_64"
          }, {
            "key" : "omnibus.project",
            "value" : "delivery"
          }, {
            "key" : "build.name",
            "value" : "delivery"
          }, {
            "key" : "build.number",
            "value" : "0.6.1"
          }, {
            "key" : "omnibus.sha1",
            "value" : "7ddd0371598586bc8d4a688afe076230f2b9f046"
          }, {
            "key" : "md5",
            "value" : "f22309feb44ed4ed172c8260ea0ecfef"
          }, {
            "key" : "sha256",
            "value" : "3a7c9cb37f2960ce7e473152399779098f15ad94caa4be22ecf34f08ef70b284"
          }, {
            "key" : "omnibus.version",
            "value" : "0.6.1"
          }, {
            "key" : "omnibus.license",
            "value" : "Chef-MLSA"
          } ]
        },{
          "repo" : "omnibus-unstable-local",
          "path" : "com/getchef/delivery/0.6.1/el/7",
          "name" : "delivery-0.6.1-1.el7.x86_64.rpm",
          "properties" : [ {
            "key" : "omnibus.md5",
            "value" : "c555f304946ecba1b41eb53230e5a0b4"
          }, {
            "key" : "build.name",
            "value" : "delivery"
          }, {
            "key" : "omnibus.license",
            "value" : "Chef-MLSA"
          }, {
            "key" : "omnibus.iteration",
            "value" : "1"
          }, {
            "key" : "omnibus.sha1",
            "value" : "ed1bb5b105a72d636743c53a9fd36f9f7a43d0e7"
          }, {
            "key" : "delivery.change",
            "value" : "0ca18734-082a-45f8-bb64-bf346b887a96"
          }, {
            "key" : "omnibus.sha256",
            "value" : "b12960d76cf8dfa655841c01243039c1869e20589b58ba9b6488a885e99039bc"
          }, {
            "key" : "omnibus.version",
            "value" : "0.6.1"
          }, {
            "key" : "omnibus.platform_version",
            "value" : "7"
          }, {
            "key" : "sha512",
            "value" : "27e45cc2ce621be2bb6f4a3ab4ed2953fb629b3682ed2b70348c2a8692ebd139b76d30c511f603a022fa1a0352b958785e969a9ea3d8f20f436feafa583611e8"
          }, {
            "key" : "sha256",
            "value" : "b12960d76cf8dfa655841c01243039c1869e20589b58ba9b6488a885e99039bc"
          }, {
            "key" : "omnibus.architecture",
            "value" : "x86_64"
          }, {
            "key" : "sha1",
            "value" : "ed1bb5b105a72d636743c53a9fd36f9f7a43d0e7"
          }, {
            "key" : "omnibus.sha512",
            "value" : "27e45cc2ce621be2bb6f4a3ab4ed2953fb629b3682ed2b70348c2a8692ebd139b76d30c511f603a022fa1a0352b958785e969a9ea3d8f20f436feafa583611e8"
          }, {
            "key" : "delivery.sha",
            "value" : "bc82442dccfe887166eb7c330d9bb9c9689f3d6c"
          }, {
            "key" : "omnibus.project",
            "value" : "delivery"
          }, {
            "key" : "build.number",
            "value" : "0.6.1"
          }, {
            "key" : "md5",
            "value" : "c555f304946ecba1b41eb53230e5a0b4"
          }, {
            "key" : "omnibus.platform",
            "value" : "el"
          } ]
        },{
          "repo" : "omnibus-unstable-local",
          "path" : "com/getchef/delivery/0.6.1/el/6",
          "name" : "delivery-0.6.1-1.el6.x86_64.rpm",
          "properties" : [ {
            "key" : "omnibus.sha256",
            "value" : "5109a529af44407d79c97d34aba77843e2c42b9252c7932a4a397c8a07eaa800"
          }, {
            "key" : "omnibus.version",
            "value" : "0.6.1"
          }, {
            "key" : "build.number",
            "value" : "0.6.1"
          }, {
            "key" : "delivery.change",
            "value" : "0ca18734-082a-45f8-bb64-bf346b887a96"
          }, {
            "key" : "omnibus.md5",
            "value" : "10ec3bb96b36d69efa9796a665aa51cf"
          }, {
            "key" : "omnibus.platform_version",
            "value" : "6"
          }, {
            "key" : "omnibus.architecture",
            "value" : "x86_64"
          }, {
            "key" : "sha256",
            "value" : "5109a529af44407d79c97d34aba77843e2c42b9252c7932a4a397c8a07eaa800"
          }, {
            "key" : "delivery.sha",
            "value" : "bc82442dccfe887166eb7c330d9bb9c9689f3d6c"
          }, {
            "key" : "md5",
            "value" : "10ec3bb96b36d69efa9796a665aa51cf"
          }, {
            "key" : "omnibus.platform",
            "value" : "el"
          }, {
            "key" : "omnibus.sha1",
            "value" : "282970569eee856076b4d2c56c21c8ebbe866640"
          }, {
            "key" : "sha1",
            "value" : "282970569eee856076b4d2c56c21c8ebbe866640"
          }, {
            "key" : "omnibus.iteration",
            "value" : "1"
          }, {
            "key" : "omnibus.license",
            "value" : "Chef-MLSA"
          }, {
            "key" : "sha512",
            "value" : "df6722b203180f2162463232c203a472cea38e7f18a7136dcdb6147c89e12198c20c3694cb26da614073e855287b004451c0482f3c50307806cf167e4b141333"
          }, {
            "key" : "omnibus.project",
            "value" : "delivery"
          }, {
            "key" : "omnibus.sha512",
            "value" : "df6722b203180f2162463232c203a472cea38e7f18a7136dcdb6147c89e12198c20c3694cb26da614073e855287b004451c0482f3c50307806cf167e4b141333"
          }, {
            "key" : "build.name",
            "value" : "delivery"
          } ]
        } ],
        "range" : {
          "start_pos" : 0,
          "end_pos" : 5,
          "total" : 5
        }
        }
    http_version: 
  recorded_at: Tue, 22 Nov 2016 10:57:22 GMT
- request:
    method: get
    uri: https://packages.chef.io/api/v1/unstable/delivery/versions
    body:
      encoding: US-ASCII
      string: ''
    headers:
      Accept-Encoding:
      - gzip;q=1.0,deflate;q=0.6,identity;q=0.3
      Accept:
      - "*/*"
      User-Agent:
      - Ruby
      - mixlib-install/2.1.7
  response:
    status:
      code: 200
      message: OK
    headers:
      Content-Type:
      - application/json
      Server:
      - nginx
      X-Artifactory-Id:
      - 3c031508623683e4:-49c0c854:15826b5bd31:-7f69
      Via:
      - 1.1 varnish
      - 1.1 varnish
      Fastly-Debug-Digest:
      - eab246980aa48de038db75422c20ca8c4cd0468872391c20f3479ff69670b9ee
      Content-Length:
      - '34624'
      Accept-Ranges:
      - bytes
      Date:
      - Tue, 22 Nov 2016 10:57:22 GMT
      Age:
      - '433'
      Connection:
      - keep-alive
      X-Served-By:
      - cache-sjc3127-SJC, cache-lcy1140-LCY
      X-Cache:
      - HIT, HIT
      X-Cache-Hits:
      - 1, 1
      X-Timer:
      - S1479812242.629297,VS0,VE0
    body:
      encoding: UTF-8
      string: |2

        {
        "results" : [ {
          "repo" : "omnibus-unstable-local",
          "path" : "com/getchef/delivery/0.5.512/ubuntu/12.04",
          "name" : "delivery_0.5.512-1_amd64.deb",
          "type" : "file",
          "size" : 495561320,
          "created" : "2016-11-15T08:38:22.236Z",
          "created_by" : "jenkins",
          "modified" : "2016-11-15T08:38:11.688Z",
          "modified_by" : "jenkins",
          "updated" : "2016-11-15T08:38:11.688Z",
          "artifacts" : [ {
            "modules" : [ {
              "builds" : [ {
                "build.created" : "2016-11-15T09:17:38.570Z",
                "build.created_by" : "jenkins",
                "build.name" : "delivery",
                "build.number" : "0.5.512"
              } ]
            } ]
          } ],
          "properties" : [ {
            "key" : "omnibus.version",
            "value" : "0.5.512"
          } ]
        },{
          "repo" : "omnibus-unstable-local",
          "path" : "com/getchef/delivery/0.5.512/ubuntu/14.04",
          "name" : "delivery_0.5.512-1_amd64.deb",
          "type" : "file",
          "size" : 495561320,
          "created" : "2016-11-15T08:38:35.737Z",
          "created_by" : "jenkins",
          "modified" : "2016-11-15T08:38:22.287Z",
          "modified_by" : "jenkins",
          "updated" : "2016-11-15T08:38:22.287Z",
          "artifacts" : [ {
            "modules" : [ {
              "builds" : [ {
                "build.created" : "2016-11-15T09:17:38.570Z",
                "build.created_by" : "jenkins",
                "build.name" : "delivery",
                "build.number" : "0.5.512"
              } ]
            } ]
          } ],
          "properties" : [ {
            "key" : "omnibus.version",
            "value" : "0.5.512"
          } ]
        },{
          "repo" : "omnibus-unstable-local",
          "path" : "com/getchef/delivery/0.5.512/ubuntu/16.04",
          "name" : "delivery_0.5.512-1_amd64.deb",
          "type" : "file",
          "size" : 495561320,
          "created" : "2016-11-15T08:38:49.175Z",
          "created_by" : "jenkins",
          "modified" : "2016-11-15T08:38:35.781Z",
          "modified_by" : "jenkins",
          "updated" : "2016-11-15T08:38:35.781Z",
          "artifacts" : [ {
            "modules" : [ {
              "builds" : [ {
                "build.created" : "2016-11-15T09:17:38.570Z",
                "build.created_by" : "jenkins",
                "build.name" : "delivery",
                "build.number" : "0.5.512"
              } ]
            } ]
          } ],
          "properties" : [ {
            "key" : "omnibus.version",
            "value" : "0.5.512"
          } ]
        },{
          "repo" : "omnibus-unstable-local",
          "path" : "com/getchef/delivery/0.5.512/el/7",
          "name" : "delivery-0.5.512-1.el7.x86_64.rpm",
          "type" : "file",
          "size" : 494638359,
          "created" : "2016-11-15T08:48:58.950Z",
          "created_by" : "jenkins",
          "modified" : "2016-11-15T08:48:48.467Z",
          "modified_by" : "jenkins",
          "updated" : "2016-11-15T08:48:48.467Z",
          "artifacts" : [ {
            "modules" : [ {
              "builds" : [ {
                "build.created" : "2016-11-15T09:17:38.570Z",
                "build.created_by" : "jenkins",
                "build.name" : "delivery",
                "build.number" : "0.5.512"
              } ]
            } ]
          } ],
          "properties" : [ {
            "key" : "omnibus.version",
            "value" : "0.5.512"
          } ]
        },{
          "repo" : "omnibus-unstable-local",
          "path" : "com/getchef/delivery/0.5.512/el/6",
          "name" : "delivery-0.5.512-1.el6.x86_64.rpm",
          "type" : "file",
          "size" : 493908225,
          "created" : "2016-11-15T09:17:36.533Z",
          "created_by" : "jenkins",
          "modified" : "2016-11-15T09:17:25.877Z",
          "modified_by" : "jenkins",
          "updated" : "2016-11-15T09:17:25.877Z",
          "artifacts" : [ {
            "modules" : [ {
              "builds" : [ {
                "build.created" : "2016-11-15T09:17:38.570Z",
                "build.created_by" : "jenkins",
                "build.name" : "delivery",
                "build.number" : "0.5.512"
              } ]
            } ]
          } ],
          "properties" : [ {
            "key" : "omnibus.version",
            "value" : "0.5.512"
          } ]
        },{
          "repo" : "omnibus-unstable-local",
          "path" : "com/getchef/delivery/0.5.513/ubuntu/12.04",
          "name" : "delivery_0.5.513-1_amd64.deb",
          "type" : "file",
          "size" : 495561570,
          "created" : "2016-11-15T10:59:16.383Z",
          "created_by" : "jenkins",
          "modified" : "2016-11-15T10:59:05.816Z",
          "modified_by" : "jenkins",
          "updated" : "2016-11-15T10:59:05.816Z",
          "artifacts" : [ {
            "modules" : [ {
              "builds" : [ {
                "build.created" : "2016-11-15T11:17:13.084Z",
                "build.created_by" : "jenkins",
                "build.name" : "delivery",
                "build.number" : "0.5.513"
              } ]
            } ]
          } ],
          "properties" : [ {
            "key" : "omnibus.version",
            "value" : "0.5.513"
          } ]
        },{
          "repo" : "omnibus-unstable-local",
          "path" : "com/getchef/delivery/0.5.513/ubuntu/14.04",
          "name" : "delivery_0.5.513-1_amd64.deb",
          "type" : "file",
          "size" : 495561570,
          "created" : "2016-11-15T10:59:29.891Z",
          "created_by" : "jenkins",
          "modified" : "2016-11-15T10:59:16.460Z",
          "modified_by" : "jenkins",
          "updated" : "2016-11-15T10:59:16.460Z",
          "artifacts" : [ {
            "modules" : [ {
              "builds" : [ {
                "build.created" : "2016-11-15T11:17:13.084Z",
                "build.created_by" : "jenkins",
                "build.name" : "delivery",
                "build.number" : "0.5.513"
              } ]
            } ]
          } ],
          "properties" : [ {
            "key" : "omnibus.version",
            "value" : "0.5.513"
          } ]
        },{
          "repo" : "omnibus-unstable-local",
          "path" : "com/getchef/delivery/0.5.513/ubuntu/16.04",
          "name" : "delivery_0.5.513-1_amd64.deb",
          "type" : "file",
          "size" : 495561570,
          "created" : "2016-11-15T10:59:43.325Z",
          "created_by" : "jenkins",
          "modified" : "2016-11-15T10:59:29.936Z",
          "modified_by" : "jenkins",
          "updated" : "2016-11-15T10:59:29.936Z",
          "artifacts" : [ {
            "modules" : [ {
              "builds" : [ {
                "build.created" : "2016-11-15T11:17:13.084Z",
                "build.created_by" : "jenkins",
                "build.name" : "delivery",
                "build.number" : "0.5.513"
              } ]
            } ]
          } ],
          "properties" : [ {
            "key" : "omnibus.version",
            "value" : "0.5.513"
          } ]
        },{
          "repo" : "omnibus-unstable-local",
          "path" : "com/getchef/delivery/0.5.513/el/7",
          "name" : "delivery-0.5.513-1.el7.x86_64.rpm",
          "type" : "file",
          "size" : 494641683,
          "created" : "2016-11-15T11:04:08.137Z",
          "created_by" : "jenkins",
          "modified" : "2016-11-15T11:03:57.668Z",
          "modified_by" : "jenkins",
          "updated" : "2016-11-15T11:03:57.668Z",
          "artifacts" : [ {
            "modules" : [ {
              "builds" : [ {
                "build.created" : "2016-11-15T11:17:13.084Z",
                "build.created_by" : "jenkins",
                "build.name" : "delivery",
                "build.number" : "0.5.513"
              } ]
            } ]
          } ],
          "properties" : [ {
            "key" : "omnibus.version",
            "value" : "0.5.513"
          } ]
        },{
          "repo" : "omnibus-unstable-local",
          "path" : "com/getchef/delivery/0.5.513/el/6",
          "name" : "delivery-0.5.513-1.el6.x86_64.rpm",
          "type" : "file",
          "size" : 493912350,
          "created" : "2016-11-15T11:17:11.035Z",
          "created_by" : "jenkins",
          "modified" : "2016-11-15T11:17:00.534Z",
          "modified_by" : "jenkins",
          "updated" : "2016-11-15T11:17:00.534Z",
          "artifacts" : [ {
            "modules" : [ {
              "builds" : [ {
                "build.created" : "2016-11-15T11:17:13.084Z",
                "build.created_by" : "jenkins",
                "build.name" : "delivery",
                "build.number" : "0.5.513"
              } ]
            } ]
          } ],
          "properties" : [ {
            "key" : "omnibus.version",
            "value" : "0.5.513"
          } ]
        },{
          "repo" : "omnibus-unstable-local",
          "path" : "com/getchef/delivery/0.5.513+git.9.3368aaa/ubuntu/12.04",
          "name" : "delivery_0.5.513+git.9.3368aaa-1_amd64.deb",
          "type" : "file",
          "size" : 495558956,
          "created" : "2016-11-15T12:19:50.383Z",
          "created_by" : "jenkins",
          "modified" : "2016-11-15T12:19:39.855Z",
          "modified_by" : "jenkins",
          "updated" : "2016-11-15T12:19:39.855Z",
          "artifacts" : [ {
            "modules" : [ {
              "builds" : [ {
                "build.created" : "2016-11-15T12:32:45.887Z",
                "build.created_by" : "jenkins",
                "build.name" : "delivery",
                "build.number" : "0.5.513+git.9.3368aaa"
              } ]
            } ]
          } ],
          "properties" : [ {
            "key" : "omnibus.version",
            "value" : "0.5.513+git.9.3368aaa"
          } ]
        },{
          "repo" : "omnibus-unstable-local",
          "path" : "com/getchef/delivery/0.5.513+git.9.3368aaa/ubuntu/14.04",
          "name" : "delivery_0.5.513+git.9.3368aaa-1_amd64.deb",
          "type" : "file",
          "size" : 495558956,
          "created" : "2016-11-15T12:20:03.934Z",
          "created_by" : "jenkins",
          "modified" : "2016-11-15T12:19:50.433Z",
          "modified_by" : "jenkins",
          "updated" : "2016-11-15T12:19:50.433Z",
          "artifacts" : [ {
            "modules" : [ {
              "builds" : [ {
                "build.created" : "2016-11-15T12:32:45.887Z",
                "build.created_by" : "jenkins",
                "build.name" : "delivery",
                "build.number" : "0.5.513+git.9.3368aaa"
              } ]
            } ]
          } ],
          "properties" : [ {
            "key" : "omnibus.version",
            "value" : "0.5.513+git.9.3368aaa"
          } ]
        },{
          "repo" : "omnibus-unstable-local",
          "path" : "com/getchef/delivery/0.5.513+git.9.3368aaa/ubuntu/16.04",
          "name" : "delivery_0.5.513+git.9.3368aaa-1_amd64.deb",
          "type" : "file",
          "size" : 495558956,
          "created" : "2016-11-15T12:20:17.343Z",
          "created_by" : "jenkins",
          "modified" : "2016-11-15T12:20:03.976Z",
          "modified_by" : "jenkins",
          "updated" : "2016-11-15T12:20:03.976Z",
          "artifacts" : [ {
            "modules" : [ {
              "builds" : [ {
                "build.created" : "2016-11-15T12:32:45.887Z",
                "build.created_by" : "jenkins",
                "build.name" : "delivery",
                "build.number" : "0.5.513+git.9.3368aaa"
              } ]
            } ]
          } ],
          "properties" : [ {
            "key" : "omnibus.version",
            "value" : "0.5.513+git.9.3368aaa"
          } ]
        },{
          "repo" : "omnibus-unstable-local",
          "path" : "com/getchef/delivery/0.5.513+git.9.3368aaa/el/7",
          "name" : "delivery-0.5.513+git.9.3368aaa-1.el7.x86_64.rpm",
          "type" : "file",
          "size" : 494640097,
          "created" : "2016-11-15T12:21:46.403Z",
          "created_by" : "jenkins",
          "modified" : "2016-11-15T12:21:35.870Z",
          "modified_by" : "jenkins",
          "updated" : "2016-11-15T12:21:35.870Z",
          "artifacts" : [ {
            "modules" : [ {
              "builds" : [ {
                "build.created" : "2016-11-15T12:32:45.887Z",
                "build.created_by" : "jenkins",
                "build.name" : "delivery",
                "build.number" : "0.5.513+git.9.3368aaa"
              } ]
            } ]
          } ],
          "properties" : [ {
            "key" : "omnibus.version",
            "value" : "0.5.513+git.9.3368aaa"
          } ]
        },{
          "repo" : "omnibus-unstable-local",
          "path" : "com/getchef/delivery/0.5.513+git.9.3368aaa/el/6",
          "name" : "delivery-0.5.513+git.9.3368aaa-1.el6.x86_64.rpm",
          "type" : "file",
          "size" : 493923843,
          "created" : "2016-11-15T12:32:44.024Z",
          "created_by" : "jenkins",
          "modified" : "2016-11-15T12:32:33.504Z",
          "modified_by" : "jenkins",
          "updated" : "2016-11-15T12:32:33.504Z",
          "artifacts" : [ {
            "modules" : [ {
              "builds" : [ {
                "build.created" : "2016-11-15T12:32:45.887Z",
                "build.created_by" : "jenkins",
                "build.name" : "delivery",
                "build.number" : "0.5.513+git.9.3368aaa"
              } ]
            } ]
          } ],
          "properties" : [ {
            "key" : "omnibus.version",
            "value" : "0.5.513+git.9.3368aaa"
          } ]
        },{
          "repo" : "omnibus-unstable-local",
          "path" : "com/getchef/delivery/0.5.514/ubuntu/12.04",
          "name" : "delivery_0.5.514-1_amd64.deb",
          "type" : "file",
          "size" : 495564686,
          "created" : "2016-11-15T15:31:50.992Z",
          "created_by" : "jenkins",
          "modified" : "2016-11-15T15:31:40.463Z",
          "modified_by" : "jenkins",
          "updated" : "2016-11-15T15:31:40.463Z",
          "artifacts" : [ {
            "modules" : [ {
              "builds" : [ {
                "build.created" : "2016-11-15T15:48:41.646Z",
                "build.created_by" : "jenkins",
                "build.name" : "delivery",
                "build.number" : "0.5.514"
              } ]
            } ]
          } ],
          "properties" : [ {
            "key" : "omnibus.version",
            "value" : "0.5.514"
          } ]
        },{
          "repo" : "omnibus-unstable-local",
          "path" : "com/getchef/delivery/0.5.514/ubuntu/14.04",
          "name" : "delivery_0.5.514-1_amd64.deb",
          "type" : "file",
          "size" : 495564686,
          "created" : "2016-11-15T15:32:04.542Z",
          "created_by" : "jenkins",
          "modified" : "2016-11-15T15:31:51.080Z",
          "modified_by" : "jenkins",
          "updated" : "2016-11-15T15:31:51.080Z",
          "artifacts" : [ {
            "modules" : [ {
              "builds" : [ {
                "build.created" : "2016-11-15T15:48:41.646Z",
                "build.created_by" : "jenkins",
                "build.name" : "delivery",
                "build.number" : "0.5.514"
              } ]
            } ]
          } ],
          "properties" : [ {
            "key" : "omnibus.version",
            "value" : "0.5.514"
          } ]
        },{
          "repo" : "omnibus-unstable-local",
          "path" : "com/getchef/delivery/0.5.514/ubuntu/16.04",
          "name" : "delivery_0.5.514-1_amd64.deb",
          "type" : "file",
          "size" : 495564686,
          "created" : "2016-11-15T15:32:17.960Z",
          "created_by" : "jenkins",
          "modified" : "2016-11-15T15:32:04.594Z",
          "modified_by" : "jenkins",
          "updated" : "2016-11-15T15:32:04.594Z",
          "artifacts" : [ {
            "modules" : [ {
              "builds" : [ {
                "build.created" : "2016-11-15T15:48:41.646Z",
                "build.created_by" : "jenkins",
                "build.name" : "delivery",
                "build.number" : "0.5.514"
              } ]
            } ]
          } ],
          "properties" : [ {
            "key" : "omnibus.version",
            "value" : "0.5.514"
          } ]
        },{
          "repo" : "omnibus-unstable-local",
          "path" : "com/getchef/delivery/0.5.514/el/7",
          "name" : "delivery-0.5.514-1.el7.x86_64.rpm",
          "type" : "file",
          "size" : 494643491,
          "created" : "2016-11-15T15:41:30.832Z",
          "created_by" : "jenkins",
          "modified" : "2016-11-15T15:41:14.290Z",
          "modified_by" : "jenkins",
          "updated" : "2016-11-15T15:41:14.290Z",
          "artifacts" : [ {
            "modules" : [ {
              "builds" : [ {
                "build.created" : "2016-11-15T15:48:41.646Z",
                "build.created_by" : "jenkins",
                "build.name" : "delivery",
                "build.number" : "0.5.514"
              } ]
            } ]
          } ],
          "properties" : [ {
            "key" : "omnibus.version",
            "value" : "0.5.514"
          } ]
        },{
          "repo" : "omnibus-unstable-local",
          "path" : "com/getchef/delivery/0.5.514/el/6",
          "name" : "delivery-0.5.514-1.el6.x86_64.rpm",
          "type" : "file",
          "size" : 493914994,
          "created" : "2016-11-15T15:48:39.993Z",
          "created_by" : "jenkins",
          "modified" : "2016-11-15T15:48:29.531Z",
          "modified_by" : "jenkins",
          "updated" : "2016-11-15T15:48:29.531Z",
          "artifacts" : [ {
            "modules" : [ {
              "builds" : [ {
                "build.created" : "2016-11-15T15:48:41.646Z",
                "build.created_by" : "jenkins",
                "build.name" : "delivery",
                "build.number" : "0.5.514"
              } ]
            } ]
          } ],
          "properties" : [ {
            "key" : "omnibus.version",
            "value" : "0.5.514"
          } ]
        },{
          "repo" : "omnibus-unstable-local",
          "path" : "com/getchef/delivery/0.5.516/ubuntu/12.04",
          "name" : "delivery_0.5.516-1_amd64.deb",
          "type" : "file",
          "size" : 495608882,
          "created" : "2016-11-15T23:11:01.732Z",
          "created_by" : "jenkins",
          "modified" : "2016-11-15T23:10:51.197Z",
          "modified_by" : "jenkins",
          "updated" : "2016-11-15T23:10:51.197Z",
          "artifacts" : [ {
            "modules" : [ {
              "builds" : [ {
                "build.created" : "2016-11-15T23:33:05.105Z",
                "build.created_by" : "jenkins",
                "build.name" : "delivery",
                "build.number" : "0.5.516"
              } ]
            } ]
          } ],
          "properties" : [ {
            "key" : "omnibus.version",
            "value" : "0.5.516"
          } ]
        },{
          "repo" : "omnibus-unstable-local",
          "path" : "com/getchef/delivery/0.5.516/ubuntu/14.04",
          "name" : "delivery_0.5.516-1_amd64.deb",
          "type" : "file",
          "size" : 495608882,
          "created" : "2016-11-15T23:11:15.504Z",
          "created_by" : "jenkins",
          "modified" : "2016-11-15T23:11:01.802Z",
          "modified_by" : "jenkins",
          "updated" : "2016-11-15T23:11:01.802Z",
          "artifacts" : [ {
            "modules" : [ {
              "builds" : [ {
                "build.created" : "2016-11-15T23:33:05.105Z",
                "build.created_by" : "jenkins",
                "build.name" : "delivery",
                "build.number" : "0.5.516"
              } ]
            } ]
          } ],
          "properties" : [ {
            "key" : "omnibus.version",
            "value" : "0.5.516"
          } ]
        },{
          "repo" : "omnibus-unstable-local",
          "path" : "com/getchef/delivery/0.5.516/ubuntu/16.04",
          "name" : "delivery_0.5.516-1_amd64.deb",
          "type" : "file",
          "size" : 495608882,
          "created" : "2016-11-15T23:11:28.941Z",
          "created_by" : "jenkins",
          "modified" : "2016-11-15T23:11:15.572Z",
          "modified_by" : "jenkins",
          "updated" : "2016-11-15T23:11:15.572Z",
          "artifacts" : [ {
            "modules" : [ {
              "builds" : [ {
                "build.created" : "2016-11-15T23:33:05.105Z",
                "build.created_by" : "jenkins",
                "build.name" : "delivery",
                "build.number" : "0.5.516"
              } ]
            } ]
          } ],
          "properties" : [ {
            "key" : "omnibus.version",
            "value" : "0.5.516"
          } ]
        },{
          "repo" : "omnibus-unstable-local",
          "path" : "com/getchef/delivery/0.5.516/el/7",
          "name" : "delivery-0.5.516-1.el7.x86_64.rpm",
          "type" : "file",
          "size" : 494702077,
          "created" : "2016-11-15T23:12:18.747Z",
          "created_by" : "jenkins",
          "modified" : "2016-11-15T23:12:08.263Z",
          "modified_by" : "jenkins",
          "updated" : "2016-11-15T23:12:08.263Z",
          "artifacts" : [ {
            "modules" : [ {
              "builds" : [ {
                "build.created" : "2016-11-15T23:33:05.105Z",
                "build.created_by" : "jenkins",
                "build.name" : "delivery",
                "build.number" : "0.5.516"
              } ]
            } ]
          } ],
          "properties" : [ {
            "key" : "omnibus.version",
            "value" : "0.5.516"
          } ]
        },{
          "repo" : "omnibus-unstable-local",
          "path" : "com/getchef/delivery/0.5.516/el/6",
          "name" : "delivery-0.5.516-1.el6.x86_64.rpm",
          "type" : "file",
          "size" : 493955559,
          "created" : "2016-11-15T23:33:02.599Z",
          "created_by" : "jenkins",
          "modified" : "2016-11-15T23:32:52.119Z",
          "modified_by" : "jenkins",
          "updated" : "2016-11-15T23:32:52.119Z",
          "artifacts" : [ {
            "modules" : [ {
              "builds" : [ {
                "build.created" : "2016-11-15T23:33:05.105Z",
                "build.created_by" : "jenkins",
                "build.name" : "delivery",
                "build.number" : "0.5.516"
              } ]
            } ]
          } ],
          "properties" : [ {
            "key" : "omnibus.version",
            "value" : "0.5.516"
          } ]
        },{
          "repo" : "omnibus-unstable-local",
          "path" : "com/getchef/delivery/0.5.517/ubuntu/12.04",
          "name" : "delivery_0.5.517-1_amd64.deb",
          "type" : "file",
          "size" : 495597714,
          "created" : "2016-11-16T01:03:49.442Z",
          "created_by" : "jenkins",
          "modified" : "2016-11-16T01:03:38.799Z",
          "modified_by" : "jenkins",
          "updated" : "2016-11-16T01:03:38.799Z",
          "artifacts" : [ {
            "modules" : [ {
              "builds" : [ {
                "build.created" : "2016-11-16T01:15:06.190Z",
                "build.created_by" : "jenkins",
                "build.name" : "delivery",
                "build.number" : "0.5.517"
              } ]
            } ]
          } ],
          "properties" : [ {
            "key" : "omnibus.version",
            "value" : "0.5.517"
          } ]
        },{
          "repo" : "omnibus-unstable-local",
          "path" : "com/getchef/delivery/0.5.517/ubuntu/14.04",
          "name" : "delivery_0.5.517-1_amd64.deb",
          "type" : "file",
          "size" : 495597714,
          "created" : "2016-11-16T01:04:02.956Z",
          "created_by" : "jenkins",
          "modified" : "2016-11-16T01:03:49.501Z",
          "modified_by" : "jenkins",
          "updated" : "2016-11-16T01:03:49.501Z",
          "artifacts" : [ {
            "modules" : [ {
              "builds" : [ {
                "build.created" : "2016-11-16T01:15:06.190Z",
                "build.created_by" : "jenkins",
                "build.name" : "delivery",
                "build.number" : "0.5.517"
              } ]
            } ]
          } ],
          "properties" : [ {
            "key" : "omnibus.version",
            "value" : "0.5.517"
          } ]
        },{
          "repo" : "omnibus-unstable-local",
          "path" : "com/getchef/delivery/0.5.517/ubuntu/16.04",
          "name" : "delivery_0.5.517-1_amd64.deb",
          "type" : "file",
          "size" : 495597714,
          "created" : "2016-11-16T01:04:16.391Z",
          "created_by" : "jenkins",
          "modified" : "2016-11-16T01:04:02.997Z",
          "modified_by" : "jenkins",
          "updated" : "2016-11-16T01:04:02.997Z",
          "artifacts" : [ {
            "modules" : [ {
              "builds" : [ {
                "build.created" : "2016-11-16T01:15:06.190Z",
                "build.created_by" : "jenkins",
                "build.name" : "delivery",
                "build.number" : "0.5.517"
              } ]
            } ]
          } ],
          "properties" : [ {
            "key" : "omnibus.version",
            "value" : "0.5.517"
          } ]
        },{
          "repo" : "omnibus-unstable-local",
          "path" : "com/getchef/delivery/0.5.517/el/7",
          "name" : "delivery-0.5.517-1.el7.x86_64.rpm",
          "type" : "file",
          "size" : 494694373,
          "created" : "2016-11-16T01:07:25.992Z",
          "created_by" : "jenkins",
          "modified" : "2016-11-16T01:07:15.447Z",
          "modified_by" : "jenkins",
          "updated" : "2016-11-16T01:07:15.447Z",
          "artifacts" : [ {
            "modules" : [ {
              "builds" : [ {
                "build.created" : "2016-11-16T01:15:06.190Z",
                "build.created_by" : "jenkins",
                "build.name" : "delivery",
                "build.number" : "0.5.517"
              } ]
            } ]
          } ],
          "properties" : [ {
            "key" : "omnibus.version",
            "value" : "0.5.517"
          } ]
        },{
          "repo" : "omnibus-unstable-local",
          "path" : "com/getchef/delivery/0.5.517/el/6",
          "name" : "delivery-0.5.517-1.el6.x86_64.rpm",
          "type" : "file",
          "size" : 493952879,
          "created" : "2016-11-16T01:15:04.588Z",
          "created_by" : "jenkins",
          "modified" : "2016-11-16T01:14:54.068Z",
          "modified_by" : "jenkins",
          "updated" : "2016-11-16T01:14:54.068Z",
          "artifacts" : [ {
            "modules" : [ {
              "builds" : [ {
                "build.created" : "2016-11-16T01:15:06.190Z",
                "build.created_by" : "jenkins",
                "build.name" : "delivery",
                "build.number" : "0.5.517"
              } ]
            } ]
          } ],
          "properties" : [ {
            "key" : "omnibus.version",
            "value" : "0.5.517"
          } ]
        },{
          "repo" : "omnibus-unstable-local",
          "path" : "com/getchef/delivery/0.5.518/ubuntu/12.04",
          "name" : "delivery_0.5.518-1_amd64.deb",
          "type" : "file",
          "size" : 495605192,
          "created" : "2016-11-16T02:57:07.393Z",
          "created_by" : "jenkins",
          "modified" : "2016-11-16T02:56:56.828Z",
          "modified_by" : "jenkins",
          "updated" : "2016-11-16T02:56:56.828Z",
          "properties" : [ {
            "key" : "omnibus.version",
            "value" : "0.5.518"
          } ]
        },{
          "repo" : "omnibus-unstable-local",
          "path" : "com/getchef/delivery/0.5.518/ubuntu/14.04",
          "name" : "delivery_0.5.518-1_amd64.deb",
          "type" : "file",
          "size" : 495605192,
          "created" : "2016-11-16T02:57:20.894Z",
          "created_by" : "jenkins",
          "modified" : "2016-11-16T02:57:07.446Z",
          "modified_by" : "jenkins",
          "updated" : "2016-11-16T02:57:07.446Z",
          "properties" : [ {
            "key" : "omnibus.version",
            "value" : "0.5.518"
          } ]
        },{
          "repo" : "omnibus-unstable-local",
          "path" : "com/getchef/delivery/0.5.518/ubuntu/16.04",
          "name" : "delivery_0.5.518-1_amd64.deb",
          "type" : "file",
          "size" : 495605192,
          "created" : "2016-11-16T02:57:34.315Z",
          "created_by" : "jenkins",
          "modified" : "2016-11-16T02:57:20.942Z",
          "modified_by" : "jenkins",
          "updated" : "2016-11-16T02:57:20.942Z",
          "properties" : [ {
            "key" : "omnibus.version",
            "value" : "0.5.518"
          } ]
        },{
          "repo" : "omnibus-unstable-local",
          "path" : "com/getchef/delivery/0.5.518/el/6",
          "name" : "delivery-0.5.518-1.el6.x86_64.rpm",
          "type" : "file",
          "size" : 493954148,
          "created" : "2016-11-16T03:05:01.420Z",
          "created_by" : "jenkins",
          "modified" : "2016-11-16T03:04:50.762Z",
          "modified_by" : "jenkins",
          "updated" : "2016-11-16T03:04:50.762Z",
          "properties" : [ {
            "key" : "omnibus.version",
            "value" : "0.5.518"
          } ]
        },{
          "repo" : "omnibus-unstable-local",
          "path" : "com/getchef/delivery/0.5.515+git.2.e6a51e2/ubuntu/12.04",
          "name" : "delivery_0.5.515+git.2.e6a51e2-1_amd64.deb",
          "type" : "file",
          "size" : 495569262,
          "created" : "2016-11-16T20:37:19.356Z",
          "created_by" : "jenkins",
          "modified" : "2016-11-16T20:37:08.776Z",
          "modified_by" : "jenkins",
          "updated" : "2016-11-16T20:37:08.776Z",
          "artifacts" : [ {
            "modules" : [ {
              "builds" : [ {
                "build.created" : "2016-11-16T20:46:57.465Z",
                "build.created_by" : "jenkins",
                "build.name" : "delivery",
                "build.number" : "0.5.515+git.2.e6a51e2"
              } ]
            } ]
          } ],
          "properties" : [ {
            "key" : "omnibus.version",
            "value" : "0.5.515+git.2.e6a51e2"
          } ]
        },{
          "repo" : "omnibus-unstable-local",
          "path" : "com/getchef/delivery/0.5.515+git.2.e6a51e2/ubuntu/14.04",
          "name" : "delivery_0.5.515+git.2.e6a51e2-1_amd64.deb",
          "type" : "file",
          "size" : 495569262,
          "created" : "2016-11-16T20:37:32.857Z",
          "created_by" : "jenkins",
          "modified" : "2016-11-16T20:37:19.402Z",
          "modified_by" : "jenkins",
          "updated" : "2016-11-16T20:37:19.402Z",
          "artifacts" : [ {
            "modules" : [ {
              "builds" : [ {
                "build.created" : "2016-11-16T20:46:57.465Z",
                "build.created_by" : "jenkins",
                "build.name" : "delivery",
                "build.number" : "0.5.515+git.2.e6a51e2"
              } ]
            } ]
          } ],
          "properties" : [ {
            "key" : "omnibus.version",
            "value" : "0.5.515+git.2.e6a51e2"
          } ]
        },{
          "repo" : "omnibus-unstable-local",
          "path" : "com/getchef/delivery/0.5.515+git.2.e6a51e2/ubuntu/16.04",
          "name" : "delivery_0.5.515+git.2.e6a51e2-1_amd64.deb",
          "type" : "file",
          "size" : 495569262,
          "created" : "2016-11-16T20:37:46.277Z",
          "created_by" : "jenkins",
          "modified" : "2016-11-16T20:37:32.901Z",
          "modified_by" : "jenkins",
          "updated" : "2016-11-16T20:37:32.901Z",
          "artifacts" : [ {
            "modules" : [ {
              "builds" : [ {
                "build.created" : "2016-11-16T20:46:57.465Z",
                "build.created_by" : "jenkins",
                "build.name" : "delivery",
                "build.number" : "0.5.515+git.2.e6a51e2"
              } ]
            } ]
          } ],
          "properties" : [ {
            "key" : "omnibus.version",
            "value" : "0.5.515+git.2.e6a51e2"
          } ]
        },{
          "repo" : "omnibus-unstable-local",
          "path" : "com/getchef/delivery/0.5.515+git.2.e6a51e2/el/7",
          "name" : "delivery-0.5.515+git.2.e6a51e2-1.el7.x86_64.rpm",
          "type" : "file",
          "size" : 494646323,
          "created" : "2016-11-16T20:38:08.326Z",
          "created_by" : "jenkins",
          "modified" : "2016-11-16T20:37:52.167Z",
          "modified_by" : "jenkins",
          "updated" : "2016-11-16T20:37:52.167Z",
          "artifacts" : [ {
            "modules" : [ {
              "builds" : [ {
                "build.created" : "2016-11-16T20:46:57.465Z",
                "build.created_by" : "jenkins",
                "build.name" : "delivery",
                "build.number" : "0.5.515+git.2.e6a51e2"
              } ]
            } ]
          } ],
          "properties" : [ {
            "key" : "omnibus.version",
            "value" : "0.5.515+git.2.e6a51e2"
          } ]
        },{
          "repo" : "omnibus-unstable-local",
          "path" : "com/getchef/delivery/0.5.515+git.2.e6a51e2/el/6",
          "name" : "delivery-0.5.515+git.2.e6a51e2-1.el6.x86_64.rpm",
          "type" : "file",
          "size" : 493919513,
          "created" : "2016-11-16T20:46:55.587Z",
          "created_by" : "jenkins",
          "modified" : "2016-11-16T20:46:45.093Z",
          "modified_by" : "jenkins",
          "updated" : "2016-11-16T20:46:45.093Z",
          "artifacts" : [ {
            "modules" : [ {
              "builds" : [ {
                "build.created" : "2016-11-16T20:46:57.465Z",
                "build.created_by" : "jenkins",
                "build.name" : "delivery",
                "build.number" : "0.5.515+git.2.e6a51e2"
              } ]
            } ]
          } ],
          "properties" : [ {
            "key" : "omnibus.version",
            "value" : "0.5.515+git.2.e6a51e2"
          } ]
        },{
          "repo" : "omnibus-unstable-local",
          "path" : "com/getchef/delivery/0.6.0/ubuntu/12.04",
          "name" : "delivery_0.6.0-1_amd64.deb",
          "type" : "file",
          "size" : 495599920,
          "created" : "2016-11-16T21:39:23.600Z",
          "created_by" : "jenkins",
          "modified" : "2016-11-16T21:39:13.070Z",
          "modified_by" : "jenkins",
          "updated" : "2016-11-16T21:39:13.070Z",
          "artifacts" : [ {
            "modules" : [ {
              "builds" : [ {
                "build.created" : "2016-11-16T22:02:54.477Z",
                "build.created_by" : "jenkins",
                "build.name" : "delivery",
                "build.number" : "0.6.0"
              } ]
            } ]
          } ],
          "properties" : [ {
            "key" : "omnibus.version",
            "value" : "0.6.0"
          } ]
        },{
          "repo" : "omnibus-unstable-local",
          "path" : "com/getchef/delivery/0.6.0/ubuntu/14.04",
          "name" : "delivery_0.6.0-1_amd64.deb",
          "type" : "file",
          "size" : 495599920,
          "created" : "2016-11-16T21:39:37.111Z",
          "created_by" : "jenkins",
          "modified" : "2016-11-16T21:39:23.654Z",
          "modified_by" : "jenkins",
          "updated" : "2016-11-16T21:39:23.654Z",
          "artifacts" : [ {
            "modules" : [ {
              "builds" : [ {
                "build.created" : "2016-11-16T22:02:54.477Z",
                "build.created_by" : "jenkins",
                "build.name" : "delivery",
                "build.number" : "0.6.0"
              } ]
            } ]
          } ],
          "properties" : [ {
            "key" : "omnibus.version",
            "value" : "0.6.0"
          } ]
        },{
          "repo" : "omnibus-unstable-local",
          "path" : "com/getchef/delivery/0.6.0/ubuntu/16.04",
          "name" : "delivery_0.6.0-1_amd64.deb",
          "type" : "file",
          "size" : 495599920,
          "created" : "2016-11-16T21:39:50.555Z",
          "created_by" : "jenkins",
          "modified" : "2016-11-16T21:39:37.154Z",
          "modified_by" : "jenkins",
          "updated" : "2016-11-16T21:39:37.154Z",
          "artifacts" : [ {
            "modules" : [ {
              "builds" : [ {
                "build.created" : "2016-11-16T22:02:54.477Z",
                "build.created_by" : "jenkins",
                "build.name" : "delivery",
                "build.number" : "0.6.0"
              } ]
            } ]
          } ],
          "properties" : [ {
            "key" : "omnibus.version",
            "value" : "0.6.0"
          } ]
        },{
          "repo" : "omnibus-unstable-local",
          "path" : "com/getchef/delivery/0.6.0/el/7",
          "name" : "delivery-0.6.0-1.el7.x86_64.rpm",
          "type" : "file",
          "size" : 494706084,
          "created" : "2016-11-16T21:40:30.416Z",
          "created_by" : "jenkins",
          "modified" : "2016-11-16T21:40:19.901Z",
          "modified_by" : "jenkins",
          "updated" : "2016-11-16T21:40:19.901Z",
          "artifacts" : [ {
            "modules" : [ {
              "builds" : [ {
                "build.created" : "2016-11-16T22:02:54.477Z",
                "build.created_by" : "jenkins",
                "build.name" : "delivery",
                "build.number" : "0.6.0"
              } ]
            } ]
          } ],
          "properties" : [ {
            "key" : "omnibus.version",
            "value" : "0.6.0"
          } ]
        },{
          "repo" : "omnibus-unstable-local",
          "path" : "com/getchef/delivery/0.6.0/el/6",
          "name" : "delivery-0.6.0-1.el6.x86_64.rpm",
          "type" : "file",
          "size" : 493953578,
          "created" : "2016-11-16T22:02:52.791Z",
          "created_by" : "jenkins",
          "modified" : "2016-11-16T22:02:42.301Z",
          "modified_by" : "jenkins",
          "updated" : "2016-11-16T22:02:42.301Z",
          "artifacts" : [ {
            "modules" : [ {
              "builds" : [ {
                "build.created" : "2016-11-16T22:02:54.477Z",
                "build.created_by" : "jenkins",
                "build.name" : "delivery",
                "build.number" : "0.6.0"
              } ]
            } ]
          } ],
          "properties" : [ {
            "key" : "omnibus.version",
            "value" : "0.6.0"
          } ]
        },{
          "repo" : "omnibus-unstable-local",
          "path" : "com/getchef/delivery/0.6.1/ubuntu/12.04",
          "name" : "delivery_0.6.1-1_amd64.deb",
          "type" : "file",
          "size" : 495600676,
          "created" : "2016-11-16T23:42:01.117Z",
          "created_by" : "jenkins",
          "modified" : "2016-11-16T23:41:50.536Z",
          "modified_by" : "jenkins",
          "updated" : "2016-11-16T23:41:50.536Z",
          "artifacts" : [ {
            "modules" : [ {
              "builds" : [ {
                "build.created" : "2016-11-16T23:54:44.365Z",
                "build.created_by" : "jenkins",
                "build.name" : "delivery",
                "build.number" : "0.6.1"
              } ]
            } ]
          } ],
          "properties" : [ {
            "key" : "omnibus.version",
            "value" : "0.6.1"
          } ]
        },{
          "repo" : "omnibus-unstable-local",
          "path" : "com/getchef/delivery/0.6.1/ubuntu/14.04",
          "name" : "delivery_0.6.1-1_amd64.deb",
          "type" : "file",
          "size" : 495600676,
          "created" : "2016-11-16T23:42:14.635Z",
          "created_by" : "jenkins",
          "modified" : "2016-11-16T23:42:01.169Z",
          "modified_by" : "jenkins",
          "updated" : "2016-11-16T23:42:01.169Z",
          "artifacts" : [ {
            "modules" : [ {
              "builds" : [ {
                "build.created" : "2016-11-16T23:54:44.365Z",
                "build.created_by" : "jenkins",
                "build.name" : "delivery",
                "build.number" : "0.6.1"
              } ]
            } ]
          } ],
          "properties" : [ {
            "key" : "omnibus.version",
            "value" : "0.6.1"
          } ]
        },{
          "repo" : "omnibus-unstable-local",
          "path" : "com/getchef/delivery/0.6.1/ubuntu/16.04",
          "name" : "delivery_0.6.1-1_amd64.deb",
          "type" : "file",
          "size" : 495600676,
          "created" : "2016-11-16T23:42:28.056Z",
          "created_by" : "jenkins",
          "modified" : "2016-11-16T23:42:14.679Z",
          "modified_by" : "jenkins",
          "updated" : "2016-11-16T23:42:14.679Z",
          "artifacts" : [ {
            "modules" : [ {
              "builds" : [ {
                "build.created" : "2016-11-16T23:54:44.365Z",
                "build.created_by" : "jenkins",
                "build.name" : "delivery",
                "build.number" : "0.6.1"
              } ]
            } ]
          } ],
          "properties" : [ {
            "key" : "omnibus.version",
            "value" : "0.6.1"
          } ]
        },{
          "repo" : "omnibus-unstable-local",
          "path" : "com/getchef/delivery/0.6.1/el/7",
          "name" : "delivery-0.6.1-1.el7.x86_64.rpm",
          "type" : "file",
          "size" : 494701502,
          "created" : "2016-11-16T23:49:54.828Z",
          "created_by" : "jenkins",
          "modified" : "2016-11-16T23:49:44.340Z",
          "modified_by" : "jenkins",
          "updated" : "2016-11-16T23:49:44.340Z",
          "artifacts" : [ {
            "modules" : [ {
              "builds" : [ {
                "build.created" : "2016-11-16T23:54:44.365Z",
                "build.created_by" : "jenkins",
                "build.name" : "delivery",
                "build.number" : "0.6.1"
              } ]
            } ]
          } ],
          "properties" : [ {
            "key" : "omnibus.version",
            "value" : "0.6.1"
          } ]
        },{
          "repo" : "omnibus-unstable-local",
          "path" : "com/getchef/delivery/0.6.1/el/6",
          "name" : "delivery-0.6.1-1.el6.x86_64.rpm",
          "type" : "file",
          "size" : 493955205,
          "created" : "2016-11-16T23:54:42.222Z",
          "created_by" : "jenkins",
          "modified" : "2016-11-16T23:54:31.659Z",
          "modified_by" : "jenkins",
          "updated" : "2016-11-16T23:54:31.659Z",
          "artifacts" : [ {
            "modules" : [ {
              "builds" : [ {
                "build.created" : "2016-11-16T23:54:44.365Z",
                "build.created_by" : "jenkins",
                "build.name" : "delivery",
                "build.number" : "0.6.1"
              } ]
            } ]
          } ],
          "properties" : [ {
            "key" : "omnibus.version",
            "value" : "0.6.1"
          } ]
        },{
          "repo" : "omnibus-unstable-local",
          "path" : "com/getchef/delivery/0.6.6+git.1.c3e74a4/el/7",
          "name" : "delivery-0.6.6+git.1.c3e74a4-1.el7.x86_64.rpm",
          "type" : "file",
          "size" : 494158758,
          "created" : "2016-11-21T10:39:53.134Z",
          "created_by" : "jenkins",
          "modified" : "2016-11-21T10:39:42.678Z",
          "modified_by" : "jenkins",
          "updated" : "2016-11-21T10:39:42.678Z",
          "properties" : [ {
            "key" : "omnibus.version",
            "value" : "0.6.6+git.1.c3e74a4"
          } ]
        },{
          "repo" : "omnibus-unstable-local",
          "path" : "com/getchef/delivery/0.6.6+git.1.c3e74a4/el/6",
          "name" : "delivery-0.6.6+git.1.c3e74a4-1.el6.x86_64.rpm",
          "type" : "file",
          "size" : 493440388,
          "created" : "2016-11-21T10:39:53.988Z",
          "created_by" : "jenkins",
          "modified" : "2016-11-21T10:39:43.388Z",
          "modified_by" : "jenkins",
          "updated" : "2016-11-21T10:39:43.388Z",
          "properties" : [ {
            "key" : "omnibus.version",
            "value" : "0.6.6+git.1.c3e74a4"
          } ]
        } ],
        "range" : {
          "start_pos" : 0,
          "end_pos" : 51,
          "total" : 51
        }
        }
    http_version: 
  recorded_at: Tue, 22 Nov 2016 10:57:22 GMT
- request:
    method: get
    uri: https://packages.chef.io/api/v1/unstable/delivery/0.6.1/artifacts
    body:
      encoding: US-ASCII
      string: ''
    headers:
      Accept-Encoding:
      - gzip;q=1.0,deflate;q=0.6,identity;q=0.3
      Accept:
      - "*/*"
      User-Agent:
      - Ruby
      - mixlib-install/2.1.7
  response:
    status:
      code: 200
      message: OK
    headers:
      Content-Type:
      - application/json
      Server:
      - nginx
      X-Artifactory-Id:
      - 3c031508623683e4:-49c0c854:15826b5bd31:-7f69
      Via:
      - 1.1 varnish
      - 1.1 varnish
      Fastly-Debug-Digest:
      - 2ad727e2bf7ad9f51ffc945534b92871bee8c89f114f70d5e19b71f0e3f7feaa
      Content-Length:
      - '9134'
      Accept-Ranges:
      - bytes
      Date:
      - Tue, 22 Nov 2016 10:57:22 GMT
      Age:
      - '432'
      Connection:
      - keep-alive
      X-Served-By:
      - cache-sjc3149-SJC, cache-lcy1147-LCY
      X-Cache:
      - HIT, HIT
      X-Cache-Hits:
      - 1, 1
      X-Timer:
      - S1479812242.716585,VS0,VE0
    body:
      encoding: UTF-8
      string: |2

        {
        "results" : [ {
          "repo" : "omnibus-unstable-local",
          "path" : "com/getchef/delivery/0.6.1/ubuntu/12.04",
          "name" : "delivery_0.6.1-1_amd64.deb",
          "properties" : [ {
            "key" : "omnibus.platform",
            "value" : "ubuntu"
          }, {
            "key" : "md5",
            "value" : "f22309feb44ed4ed172c8260ea0ecfef"
          }, {
            "key" : "omnibus.iteration",
            "value" : "1"
          }, {
            "key" : "omnibus.sha512",
            "value" : "e7ecc4fbb535697393610038b5009ef38958f050c1f9fc21aae85a07ff608e05d2aafd8ed77549e1419c055dbf6167bcc409e47f99df55908751861c709fc4c2"
          }, {
            "key" : "delivery.sha",
            "value" : "bc82442dccfe887166eb7c330d9bb9c9689f3d6c"
          }, {
            "key" : "sha1",
            "value" : "7ddd0371598586bc8d4a688afe076230f2b9f046"
          }, {
            "key" : "sha256",
            "value" : "3a7c9cb37f2960ce7e473152399779098f15ad94caa4be22ecf34f08ef70b284"
          }, {
            "key" : "sha512",
            "value" : "e7ecc4fbb535697393610038b5009ef38958f050c1f9fc21aae85a07ff608e05d2aafd8ed77549e1419c055dbf6167bcc409e47f99df55908751861c709fc4c2"
          }, {
            "key" : "omnibus.architecture",
            "value" : "x86_64"
          }, {
            "key" : "omnibus.md5",
            "value" : "f22309feb44ed4ed172c8260ea0ecfef"
          }, {
            "key" : "omnibus.version",
            "value" : "0.6.1"
          }, {
            "key" : "omnibus.platform_version",
            "value" : "12.04"
          }, {
            "key" : "omnibus.project",
            "value" : "delivery"
          }, {
            "key" : "omnibus.sha256",
            "value" : "3a7c9cb37f2960ce7e473152399779098f15ad94caa4be22ecf34f08ef70b284"
          }, {
            "key" : "delivery.change",
            "value" : "0ca18734-082a-45f8-bb64-bf346b887a96"
          }, {
            "key" : "omnibus.sha1",
            "value" : "7ddd0371598586bc8d4a688afe076230f2b9f046"
          }, {
            "key" : "omnibus.license",
            "value" : "Chef-MLSA"
          }, {
            "key" : "build.name",
            "value" : "delivery"
          }, {
            "key" : "build.number",
            "value" : "0.6.1"
          } ]
        },{
          "repo" : "omnibus-unstable-local",
          "path" : "com/getchef/delivery/0.6.1/ubuntu/14.04",
          "name" : "delivery_0.6.1-1_amd64.deb",
          "properties" : [ {
            "key" : "omnibus.iteration",
            "value" : "1"
          }, {
            "key" : "omnibus.sha256",
            "value" : "3a7c9cb37f2960ce7e473152399779098f15ad94caa4be22ecf34f08ef70b284"
          }, {
            "key" : "sha512",
            "value" : "e7ecc4fbb535697393610038b5009ef38958f050c1f9fc21aae85a07ff608e05d2aafd8ed77549e1419c055dbf6167bcc409e47f99df55908751861c709fc4c2"
          }, {
            "key" : "delivery.sha",
            "value" : "bc82442dccfe887166eb7c330d9bb9c9689f3d6c"
          }, {
            "key" : "omnibus.platform",
            "value" : "ubuntu"
          }, {
            "key" : "omnibus.sha1",
            "value" : "7ddd0371598586bc8d4a688afe076230f2b9f046"
          }, {
            "key" : "build.name",
            "value" : "delivery"
          }, {
            "key" : "build.number",
            "value" : "0.6.1"
          }, {
            "key" : "omnibus.architecture",
            "value" : "x86_64"
          }, {
            "key" : "omnibus.license",
            "value" : "Chef-MLSA"
          }, {
            "key" : "omnibus.md5",
            "value" : "f22309feb44ed4ed172c8260ea0ecfef"
          }, {
            "key" : "md5",
            "value" : "f22309feb44ed4ed172c8260ea0ecfef"
          }, {
            "key" : "omnibus.sha512",
            "value" : "e7ecc4fbb535697393610038b5009ef38958f050c1f9fc21aae85a07ff608e05d2aafd8ed77549e1419c055dbf6167bcc409e47f99df55908751861c709fc4c2"
          }, {
            "key" : "omnibus.version",
            "value" : "0.6.1"
          }, {
            "key" : "sha256",
            "value" : "3a7c9cb37f2960ce7e473152399779098f15ad94caa4be22ecf34f08ef70b284"
          }, {
            "key" : "delivery.change",
            "value" : "0ca18734-082a-45f8-bb64-bf346b887a96"
          }, {
            "key" : "sha1",
            "value" : "7ddd0371598586bc8d4a688afe076230f2b9f046"
          }, {
            "key" : "omnibus.platform_version",
            "value" : "14.04"
          }, {
            "key" : "omnibus.project",
            "value" : "delivery"
          } ]
        },{
          "repo" : "omnibus-unstable-local",
          "path" : "com/getchef/delivery/0.6.1/ubuntu/16.04",
          "name" : "delivery_0.6.1-1_amd64.deb",
          "properties" : [ {
            "key" : "omnibus.sha512",
            "value" : "e7ecc4fbb535697393610038b5009ef38958f050c1f9fc21aae85a07ff608e05d2aafd8ed77549e1419c055dbf6167bcc409e47f99df55908751861c709fc4c2"
          }, {
            "key" : "omnibus.platform_version",
            "value" : "16.04"
          }, {
            "key" : "omnibus.md5",
            "value" : "f22309feb44ed4ed172c8260ea0ecfef"
          }, {
            "key" : "omnibus.sha256",
            "value" : "3a7c9cb37f2960ce7e473152399779098f15ad94caa4be22ecf34f08ef70b284"
          }, {
            "key" : "omnibus.platform",
            "value" : "ubuntu"
          }, {
            "key" : "sha512",
            "value" : "e7ecc4fbb535697393610038b5009ef38958f050c1f9fc21aae85a07ff608e05d2aafd8ed77549e1419c055dbf6167bcc409e47f99df55908751861c709fc4c2"
          }, {
            "key" : "delivery.sha",
            "value" : "bc82442dccfe887166eb7c330d9bb9c9689f3d6c"
          }, {
            "key" : "delivery.change",
            "value" : "0ca18734-082a-45f8-bb64-bf346b887a96"
          }, {
            "key" : "omnibus.iteration",
            "value" : "1"
          }, {
            "key" : "sha1",
            "value" : "7ddd0371598586bc8d4a688afe076230f2b9f046"
          }, {
            "key" : "omnibus.architecture",
            "value" : "x86_64"
          }, {
            "key" : "omnibus.project",
            "value" : "delivery"
          }, {
            "key" : "build.name",
            "value" : "delivery"
          }, {
            "key" : "build.number",
            "value" : "0.6.1"
          }, {
            "key" : "omnibus.sha1",
            "value" : "7ddd0371598586bc8d4a688afe076230f2b9f046"
          }, {
            "key" : "md5",
            "value" : "f22309feb44ed4ed172c8260ea0ecfef"
          }, {
            "key" : "sha256",
            "value" : "3a7c9cb37f2960ce7e473152399779098f15ad94caa4be22ecf34f08ef70b284"
          }, {
            "key" : "omnibus.version",
            "value" : "0.6.1"
          }, {
            "key" : "omnibus.license",
            "value" : "Chef-MLSA"
          } ]
        },{
          "repo" : "omnibus-unstable-local",
          "path" : "com/getchef/delivery/0.6.1/el/7",
          "name" : "delivery-0.6.1-1.el7.x86_64.rpm",
          "properties" : [ {
            "key" : "omnibus.md5",
            "value" : "c555f304946ecba1b41eb53230e5a0b4"
          }, {
            "key" : "build.name",
            "value" : "delivery"
          }, {
            "key" : "omnibus.license",
            "value" : "Chef-MLSA"
          }, {
            "key" : "omnibus.iteration",
            "value" : "1"
          }, {
            "key" : "omnibus.sha1",
            "value" : "ed1bb5b105a72d636743c53a9fd36f9f7a43d0e7"
          }, {
            "key" : "delivery.change",
            "value" : "0ca18734-082a-45f8-bb64-bf346b887a96"
          }, {
            "key" : "omnibus.sha256",
            "value" : "b12960d76cf8dfa655841c01243039c1869e20589b58ba9b6488a885e99039bc"
          }, {
            "key" : "omnibus.version",
            "value" : "0.6.1"
          }, {
            "key" : "omnibus.platform_version",
            "value" : "7"
          }, {
            "key" : "sha512",
            "value" : "27e45cc2ce621be2bb6f4a3ab4ed2953fb629b3682ed2b70348c2a8692ebd139b76d30c511f603a022fa1a0352b958785e969a9ea3d8f20f436feafa583611e8"
          }, {
            "key" : "sha256",
            "value" : "b12960d76cf8dfa655841c01243039c1869e20589b58ba9b6488a885e99039bc"
          }, {
            "key" : "omnibus.architecture",
            "value" : "x86_64"
          }, {
            "key" : "sha1",
            "value" : "ed1bb5b105a72d636743c53a9fd36f9f7a43d0e7"
          }, {
            "key" : "omnibus.sha512",
            "value" : "27e45cc2ce621be2bb6f4a3ab4ed2953fb629b3682ed2b70348c2a8692ebd139b76d30c511f603a022fa1a0352b958785e969a9ea3d8f20f436feafa583611e8"
          }, {
            "key" : "delivery.sha",
            "value" : "bc82442dccfe887166eb7c330d9bb9c9689f3d6c"
          }, {
            "key" : "omnibus.project",
            "value" : "delivery"
          }, {
            "key" : "build.number",
            "value" : "0.6.1"
          }, {
            "key" : "md5",
            "value" : "c555f304946ecba1b41eb53230e5a0b4"
          }, {
            "key" : "omnibus.platform",
            "value" : "el"
          } ]
        },{
          "repo" : "omnibus-unstable-local",
          "path" : "com/getchef/delivery/0.6.1/el/6",
          "name" : "delivery-0.6.1-1.el6.x86_64.rpm",
          "properties" : [ {
            "key" : "omnibus.sha256",
            "value" : "5109a529af44407d79c97d34aba77843e2c42b9252c7932a4a397c8a07eaa800"
          }, {
            "key" : "omnibus.version",
            "value" : "0.6.1"
          }, {
            "key" : "build.number",
            "value" : "0.6.1"
          }, {
            "key" : "delivery.change",
            "value" : "0ca18734-082a-45f8-bb64-bf346b887a96"
          }, {
            "key" : "omnibus.md5",
            "value" : "10ec3bb96b36d69efa9796a665aa51cf"
          }, {
            "key" : "omnibus.platform_version",
            "value" : "6"
          }, {
            "key" : "omnibus.architecture",
            "value" : "x86_64"
          }, {
            "key" : "sha256",
            "value" : "5109a529af44407d79c97d34aba77843e2c42b9252c7932a4a397c8a07eaa800"
          }, {
            "key" : "delivery.sha",
            "value" : "bc82442dccfe887166eb7c330d9bb9c9689f3d6c"
          }, {
            "key" : "md5",
            "value" : "10ec3bb96b36d69efa9796a665aa51cf"
          }, {
            "key" : "omnibus.platform",
            "value" : "el"
          }, {
            "key" : "omnibus.sha1",
            "value" : "282970569eee856076b4d2c56c21c8ebbe866640"
          }, {
            "key" : "sha1",
            "value" : "282970569eee856076b4d2c56c21c8ebbe866640"
          }, {
            "key" : "omnibus.iteration",
            "value" : "1"
          }, {
            "key" : "omnibus.license",
            "value" : "Chef-MLSA"
          }, {
            "key" : "sha512",
            "value" : "df6722b203180f2162463232c203a472cea38e7f18a7136dcdb6147c89e12198c20c3694cb26da614073e855287b004451c0482f3c50307806cf167e4b141333"
          }, {
            "key" : "omnibus.project",
            "value" : "delivery"
          }, {
            "key" : "omnibus.sha512",
            "value" : "df6722b203180f2162463232c203a472cea38e7f18a7136dcdb6147c89e12198c20c3694cb26da614073e855287b004451c0482f3c50307806cf167e4b141333"
          }, {
            "key" : "build.name",
            "value" : "delivery"
          } ]
        } ],
        "range" : {
          "start_pos" : 0,
          "end_pos" : 5,
          "total" : 5
        }
        }
    http_version: 
  recorded_at: Tue, 22 Nov 2016 10:57:22 GMT
recorded_with: VCR 3.0.3
