---
http_interactions:
- request:
    method: get
    uri: https://packages.chef.io/api/v1/stable/chefdk/0.3.0/artifacts
    body:
      encoding: US-ASCII
      string: ''
    headers:
      Accept-Encoding:
      - gzip;q=1.0,deflate;q=0.6,identity;q=0.3
      Accept:
      - "*/*"
      User-Agent:
      - Ruby
  response:
    status:
      code: 200
      message: OK
    headers:
      Content-Type:
      - application/json
      Server:
      - nginx
      X-Artifactory-Id:
      - c1ec6ca2696a3944:3eed5ced:156c20cd259:-7f6b
      Via:
      - 1.1 varnish
      - 1.1 varnish
      Fastly-Debug-Digest:
      - 3ae6a9b381c9dc97d21888dfc7522f90e4a1f8d86040f8d801b74fab2ec9bdf6
      Content-Length:
      - '10049'
      Accept-Ranges:
      - bytes
      Date:
      - Thu, 01 Sep 2016 20:16:44 GMT
      Age:
      - '0'
      Connection:
      - keep-alive
      X-Served-By:
      - cache-sjc3128-SJC, cache-den6022-DEN
      X-Cache:
      - MISS, MISS
      X-Cache-Hits:
      - 0, 0
      X-Timer:
      - S1472761004.740005,VS0,VE81
    body:
      encoding: UTF-8
      string: |2

        {
        "results" : [ {
          "repo" : "omnibus-stable-local",
          "path" : "com/getchef/chefdk/0.3.0/debian/6",
          "name" : "chefdk_0.3.0-1_amd64.deb",
          "properties" : [ {
            "key" : "omnibus.version",
            "value" : "0.3.0"
          }, {
            "key" : "omnibus.project",
            "value" : "chefdk"
          }, {
            "key" : "omnibus.sha512",
            "value" : "d5efa9b7e6b6edb89464a991c443bf0d871338049999015f106d73f19e88dd1de95afc350e2e04523ae4093815e282ad3122d88a073266cbee779dcc908edc33"
          }, {
            "key" : "omnibus.platform",
            "value" : "debian"
          }, {
            "key" : "omnibus.iteration",
            "value" : "1"
          }, {
            "key" : "omnibus.platform_version",
            "value" : "6"
          }, {
            "key" : "omnibus.sha256",
            "value" : "6953b43954c22376c47d35ebe0c3a26fa5707aeee4925e5bd4888388c7030ea7"
          }, {
            "key" : "omnibus.architecture",
            "value" : "x86_64"
          }, {
            "key" : "omnibus.md5",
            "value" : "86a79f6fa54de26c533b24188f78e15c"
          }, {
            "key" : "omnibus.sha1",
            "value" : "ade92f1d227ad9f48ac21ad4b0c47932504b35e0"
          } ]
        },{
          "repo" : "omnibus-stable-local",
          "path" : "com/getchef/chefdk/0.3.0/debian/7",
          "name" : "chefdk_0.3.0-1_amd64.deb",
          "properties" : [ {
            "key" : "omnibus.version",
            "value" : "0.3.0"
          }, {
            "key" : "omnibus.md5",
            "value" : "86a79f6fa54de26c533b24188f78e15c"
          }, {
            "key" : "omnibus.sha1",
            "value" : "ade92f1d227ad9f48ac21ad4b0c47932504b35e0"
          }, {
            "key" : "omnibus.platform",
            "value" : "debian"
          }, {
            "key" : "omnibus.architecture",
            "value" : "x86_64"
          }, {
            "key" : "omnibus.sha512",
            "value" : "d5efa9b7e6b6edb89464a991c443bf0d871338049999015f106d73f19e88dd1de95afc350e2e04523ae4093815e282ad3122d88a073266cbee779dcc908edc33"
          }, {
            "key" : "omnibus.iteration",
            "value" : "1"
          }, {
            "key" : "omnibus.platform_version",
            "value" : "7"
          }, {
            "key" : "omnibus.sha256",
            "value" : "6953b43954c22376c47d35ebe0c3a26fa5707aeee4925e5bd4888388c7030ea7"
          }, {
            "key" : "omnibus.project",
            "value" : "chefdk"
          } ]
        },{
          "repo" : "omnibus-stable-local",
          "path" : "com/getchef/chefdk/0.3.0/el/6",
          "name" : "chefdk-0.3.0-1.x86_64.rpm",
          "properties" : [ {
            "key" : "omnibus.platform",
            "value" : "el"
          }, {
            "key" : "omnibus.architecture",
            "value" : "x86_64"
          }, {
            "key" : "omnibus.sha512",
            "value" : "21f60f744d0355b9bbce548c2da0f787a9e893ef06a468b46147ac1cd9ab4aa3b73978fdcdf24f79d96d1888ba6875eb03b8fecadd5218136215ca8fbc3a0f6a"
          }, {
            "key" : "omnibus.platform_version",
            "value" : "6"
          }, {
            "key" : "omnibus.md5",
            "value" : "62fc6db2e7c3467f26a090755af55c97"
          }, {
            "key" : "omnibus.iteration",
            "value" : "1"
          }, {
            "key" : "omnibus.sha1",
            "value" : "344b4edecbd11da1a8ed50e11494de7d1448874c"
          }, {
            "key" : "omnibus.project",
            "value" : "chefdk"
          }, {
            "key" : "omnibus.sha256",
            "value" : "99b53c708afc7fb5b7c01ec86a550bcbfe1a7c8176fc45723c0b92335b43ee3a"
          }, {
            "key" : "omnibus.version",
            "value" : "0.3.0"
          } ]
        },{
          "repo" : "omnibus-stable-local",
          "path" : "com/getchef/chefdk/0.3.0/mac_os_x/10.8",
          "name" : "chefdk-0.3.0-1.dmg",
          "properties" : [ {
            "key" : "omnibus.iteration",
            "value" : "1"
          }, {
            "key" : "omnibus.platform",
            "value" : "mac_os_x"
          }, {
            "key" : "omnibus.project",
            "value" : "chefdk"
          }, {
            "key" : "omnibus.sha256",
            "value" : "ad64ee257d8ab1966e2cb47c365c92343f19edf33f8884488d7aeaa4eeab7f62"
          }, {
            "key" : "omnibus.version",
            "value" : "0.3.0"
          }, {
            "key" : "omnibus.sha1",
            "value" : "e255181ee8b5915a9a2fa26f0657dc423432ae90"
          }, {
            "key" : "omnibus.platform_version",
            "value" : "10.8"
          }, {
            "key" : "omnibus.architecture",
            "value" : "x86_64"
          }, {
            "key" : "omnibus.md5",
            "value" : "0ddc6c1612545f172aa8b0039cd77b8a"
          }, {
            "key" : "omnibus.sha512",
            "value" : "c04c46a579a4af311cab74e59d69dd9a8d19e236b6b9ca6b19232a664ace37bfb28eebb32fdef9cd22531901dc53bde08c1ea41ac56a9fcb375c0a59fb8b5b01"
          } ]
        },{
          "repo" : "omnibus-stable-local",
          "path" : "com/getchef/chefdk/0.3.0/mac_os_x/10.8",
          "name" : "chefdk-0.3.0-1.pkg",
          "properties" : [ {
            "key" : "omnibus.iteration",
            "value" : "1"
          }, {
            "key" : "omnibus.sha512",
            "value" : "cca9bac0dc003556d78a432e3f5ff09ab14485bebedb3526dab1580bebcf5adbf5b54e86a28e12f143f4e65b0a7140b0b22d4e7c4c6c7c99ca17b286a61adce5"
          }, {
            "key" : "omnibus.platform",
            "value" : "mac_os_x"
          }, {
            "key" : "omnibus.md5",
            "value" : "85ff8c986d1c5ac55a965613fd757681"
          }, {
            "key" : "omnibus.sha1",
            "value" : "6ea7c9f73cd60b42cde3c5228960a493a296e810"
          }, {
            "key" : "omnibus.project",
            "value" : "chefdk"
          }, {
            "key" : "omnibus.version",
            "value" : "0.3.0"
          }, {
            "key" : "omnibus.sha256",
            "value" : "0499ee9d5d2a690851afe94a6ab5d4b26ed5a1e5337db642438c3fed4dc40633"
          }, {
            "key" : "omnibus.architecture",
            "value" : "x86_64"
          }, {
            "key" : "omnibus.platform_version",
            "value" : "10.8"
          } ]
        },{
          "repo" : "omnibus-stable-local",
          "path" : "com/getchef/chefdk/0.3.0/mac_os_x/10.9",
          "name" : "chefdk-0.3.0-1.dmg",
          "properties" : [ {
            "key" : "omnibus.iteration",
            "value" : "1"
          }, {
            "key" : "omnibus.architecture",
            "value" : "x86_64"
          }, {
            "key" : "omnibus.project",
            "value" : "chefdk"
          }, {
            "key" : "omnibus.sha1",
            "value" : "e255181ee8b5915a9a2fa26f0657dc423432ae90"
          }, {
            "key" : "omnibus.sha256",
            "value" : "ad64ee257d8ab1966e2cb47c365c92343f19edf33f8884488d7aeaa4eeab7f62"
          }, {
            "key" : "omnibus.platform",
            "value" : "mac_os_x"
          }, {
            "key" : "omnibus.version",
            "value" : "0.3.0"
          }, {
            "key" : "omnibus.sha512",
            "value" : "c04c46a579a4af311cab74e59d69dd9a8d19e236b6b9ca6b19232a664ace37bfb28eebb32fdef9cd22531901dc53bde08c1ea41ac56a9fcb375c0a59fb8b5b01"
          }, {
            "key" : "omnibus.md5",
            "value" : "0ddc6c1612545f172aa8b0039cd77b8a"
          }, {
            "key" : "omnibus.platform_version",
            "value" : "10.9"
          } ]
        },{
          "repo" : "omnibus-stable-local",
          "path" : "com/getchef/chefdk/0.3.0/mac_os_x/10.9",
          "name" : "chefdk-0.3.0-1.pkg",
          "properties" : [ {
            "key" : "omnibus.iteration",
            "value" : "1"
          }, {
            "key" : "omnibus.md5",
            "value" : "85ff8c986d1c5ac55a965613fd757681"
          }, {
            "key" : "omnibus.platform",
            "value" : "mac_os_x"
          }, {
            "key" : "omnibus.platform_version",
            "value" : "10.9"
          }, {
            "key" : "omnibus.architecture",
            "value" : "x86_64"
          }, {
            "key" : "omnibus.project",
            "value" : "chefdk"
          }, {
            "key" : "omnibus.sha256",
            "value" : "0499ee9d5d2a690851afe94a6ab5d4b26ed5a1e5337db642438c3fed4dc40633"
          }, {
            "key" : "omnibus.sha512",
            "value" : "cca9bac0dc003556d78a432e3f5ff09ab14485bebedb3526dab1580bebcf5adbf5b54e86a28e12f143f4e65b0a7140b0b22d4e7c4c6c7c99ca17b286a61adce5"
          }, {
            "key" : "omnibus.sha1",
            "value" : "6ea7c9f73cd60b42cde3c5228960a493a296e810"
          }, {
            "key" : "omnibus.version",
            "value" : "0.3.0"
          } ]
        },{
          "repo" : "omnibus-stable-local",
          "path" : "com/getchef/chefdk/0.3.0/ubuntu/12.04",
          "name" : "chefdk_0.3.0-1_amd64.deb",
          "properties" : [ {
            "key" : "omnibus.iteration",
            "value" : "1"
          }, {
            "key" : "omnibus.sha1",
            "value" : "7ca605116d624c3fad112f14dd3e7542e57ad552"
          }, {
            "key" : "omnibus.md5",
            "value" : "8c658c64df47a60dcd52f5c9399c3833"
          }, {
            "key" : "omnibus.architecture",
            "value" : "x86_64"
          }, {
            "key" : "omnibus.platform",
            "value" : "ubuntu"
          }, {
            "key" : "omnibus.platform_version",
            "value" : "12.04"
          }, {
            "key" : "omnibus.sha256",
            "value" : "88e84dfdf6ed16b1018d76f033a176a13c845a86de2f00ad733112b92c98bff0"
          }, {
            "key" : "omnibus.sha512",
            "value" : "3e7e4c39d13e48724d96610999139e7207ea8cc907ab37cd4508a47c246a6793b6c843fd3ba9823076bf3973939f943a0796258f70640cfb1c0308ef179436b1"
          }, {
            "key" : "omnibus.version",
            "value" : "0.3.0"
          }, {
            "key" : "omnibus.project",
            "value" : "chefdk"
          } ]
        },{
          "repo" : "omnibus-stable-local",
          "path" : "com/getchef/chefdk/0.3.0/ubuntu/13.10",
          "name" : "chefdk_0.3.0-1_amd64.deb",
          "properties" : [ {
            "key" : "omnibus.sha1",
            "value" : "7ca605116d624c3fad112f14dd3e7542e57ad552"
          }, {
            "key" : "omnibus.md5",
            "value" : "8c658c64df47a60dcd52f5c9399c3833"
          }, {
            "key" : "omnibus.platform_version",
            "value" : "13.10"
          }, {
            "key" : "omnibus.project",
            "value" : "chefdk"
          }, {
            "key" : "omnibus.platform",
            "value" : "ubuntu"
          }, {
            "key" : "omnibus.architecture",
            "value" : "x86_64"
          }, {
            "key" : "omnibus.version",
            "value" : "0.3.0"
          }, {
            "key" : "omnibus.sha256",
            "value" : "88e84dfdf6ed16b1018d76f033a176a13c845a86de2f00ad733112b92c98bff0"
          }, {
            "key" : "omnibus.sha512",
            "value" : "3e7e4c39d13e48724d96610999139e7207ea8cc907ab37cd4508a47c246a6793b6c843fd3ba9823076bf3973939f943a0796258f70640cfb1c0308ef179436b1"
          }, {
            "key" : "omnibus.iteration",
            "value" : "1"
          } ]
        },{
          "repo" : "omnibus-stable-local",
          "path" : "com/getchef/chefdk/0.3.0/windows/2008r2",
          "name" : "chefdk-0.3.0-1.msi",
          "properties" : [ {
            "key" : "omnibus.sha1",
            "value" : "357bcfd27e84ceeeb712f503dfed5f8b000ed0c4"
          }, {
            "key" : "omnibus.version",
            "value" : "0.3.0"
          }, {
            "key" : "omnibus.platform",
            "value" : "windows"
          }, {
            "key" : "omnibus.project",
            "value" : "chefdk"
          }, {
            "key" : "omnibus.iteration",
            "value" : "1"
          }, {
            "key" : "omnibus.architecture",
            "value" : "x86_64"
          }, {
            "key" : "omnibus.md5",
            "value" : "bd2c1b44e92634a8238bfd4346c8795c"
          }, {
            "key" : "omnibus.platform_version",
            "value" : "2008r2"
          }, {
            "key" : "omnibus.sha256",
            "value" : "504ba8dc10af35090fc3c33ed43ec9cdb90821e44b00263f7dc2bc26acfc7978"
          }, {
            "key" : "omnibus.sha512",
            "value" : "a573eba29b3689c539685f8e4660999ba37fa7e85cdfd2344ee91281141aa041bb181fada2984db81717bf91a641e43da2a7ef78c6af8bd39ced843565f6ccf7"
          } ]
        } ],
        "range" : {
          "start_pos" : 0,
          "end_pos" : 10,
          "total" : 10
        }
        }
    http_version: 
  recorded_at: Thu, 01 Sep 2016 20:16:49 GMT
- request:
    method: get
    uri: https://packages.chef.io/files/stable/chefdk/0.3.0/debian/6/chefdk_0.3.0-1_amd64.deb.metadata.json
    body:
      encoding: US-ASCII
      string: ''
    headers:
      Accept-Encoding:
      - gzip;q=1.0,deflate;q=0.6,identity;q=0.3
      Accept:
      - "*/*"
      User-Agent:
      - Ruby
  response:
    status:
      code: 404
      message: Not Found
    headers:
      Content-Type:
      - application/json;charset=ISO-8859-1
      Server:
      - nginx
      X-Artifactory-Id:
      - 0feedc922c1ccc1d:739f2b45:157585d3cb1:-7f42
      Via:
      - 1.1 varnish
      - 1.1 varnish
      Fastly-Debug-Digest:
      - 55807427ef8212eb0f0589364b82e5eb64ef0e9824e372956d40d98a7d2cda25
      Content-Length:
      - '80'
      Accept-Ranges:
      - bytes
      Date:
      - Tue, 04 Oct 2016 16:29:03 GMT
      Age:
      - '148'
      Connection:
      - keep-alive
      X-Served-By:
      - cache-sjc3126-SJC, cache-lax8621-LAX
      X-Cache:
      - MISS, HIT
      X-Cache-Hits:
      - 0, 1
      X-Timer:
      - S1475598543.276939,VS0,VE2
    body:
      encoding: UTF-8
      string: |-
        {
          "errors" : [ {
            "status" : 404,
            "message" : "File not found."
          } ]
        }
    http_version: 
  recorded_at: Tue, 04 Oct 2016 16:29:03 GMT
- request:
    method: get
    uri: https://packages.chef.io/files/stable/chefdk/0.3.0/debian/7/chefdk_0.3.0-1_amd64.deb.metadata.json
    body:
      encoding: US-ASCII
      string: ''
    headers:
      Accept-Encoding:
      - gzip;q=1.0,deflate;q=0.6,identity;q=0.3
      Accept:
      - "*/*"
      User-Agent:
      - Ruby
  response:
    status:
      code: 404
      message: Not Found
    headers:
      Content-Type:
      - application/json;charset=ISO-8859-1
      Server:
      - nginx
      X-Artifactory-Id:
      - 0feedc922c1ccc1d:739f2b45:157585d3cb1:-7f42
      Via:
      - 1.1 varnish
      - 1.1 varnish
      Fastly-Debug-Digest:
      - f0c37c74cd7927f4c069f7e3943d58173a532fc1b2d174854a2614cc4eac4119
      Content-Length:
      - '80'
      Accept-Ranges:
      - bytes
      Date:
      - Tue, 04 Oct 2016 17:02:45 GMT
      Age:
      - '0'
      Connection:
      - keep-alive
      X-Served-By:
      - cache-sjc3147-SJC, cache-lax8623-LAX
      X-Cache:
      - MISS, MISS
      X-Cache-Hits:
      - 0, 0
      X-Timer:
      - S1475600565.398954,VS0,VE34
    body:
      encoding: UTF-8
      string: |-
        {
          "errors" : [ {
            "status" : 404,
            "message" : "File not found."
          } ]
        }
    http_version: 
  recorded_at: Tue, 04 Oct 2016 17:02:45 GMT
- request:
    method: get
    uri: https://packages.chef.io/files/stable/chefdk/0.3.0/el/6/chefdk-0.3.0-1.x86_64.rpm.metadata.json
    body:
      encoding: US-ASCII
      string: ''
    headers:
      Accept-Encoding:
      - gzip;q=1.0,deflate;q=0.6,identity;q=0.3
      Accept:
      - "*/*"
      User-Agent:
      - Ruby
  response:
    status:
      code: 404
      message: Not Found
    headers:
      Content-Type:
      - application/json;charset=ISO-8859-1
      Server:
      - nginx
      X-Artifactory-Id:
      - 0feedc922c1ccc1d:739f2b45:157585d3cb1:-7f42
      Via:
      - 1.1 varnish
      - 1.1 varnish
      Fastly-Debug-Digest:
      - 490b0e90f8106afb8321c2b3e82d3db829ab738fce09b9de990bce081250b9a8
      Content-Length:
      - '80'
      Accept-Ranges:
      - bytes
      Date:
      - Tue, 04 Oct 2016 17:02:45 GMT
      Age:
      - '0'
      Connection:
      - keep-alive
      X-Served-By:
      - cache-sjc3129-SJC, cache-lax8630-LAX
      X-Cache:
      - MISS, MISS
      X-Cache-Hits:
      - 0, 0
      X-Timer:
      - S1475600565.556950,VS0,VE33
    body:
      encoding: UTF-8
      string: |-
        {
          "errors" : [ {
            "status" : 404,
            "message" : "File not found."
          } ]
        }
    http_version: 
  recorded_at: Tue, 04 Oct 2016 17:02:45 GMT
- request:
    method: get
    uri: https://packages.chef.io/files/stable/chefdk/0.3.0/mac_os_x/10.8/chefdk-0.3.0-1.dmg.metadata.json
    body:
      encoding: US-ASCII
      string: ''
    headers:
      Accept-Encoding:
      - gzip;q=1.0,deflate;q=0.6,identity;q=0.3
      Accept:
      - "*/*"
      User-Agent:
      - Ruby
  response:
    status:
      code: 404
      message: Not Found
    headers:
      Content-Type:
      - application/json;charset=ISO-8859-1
      Server:
      - nginx
      X-Artifactory-Id:
      - 0feedc922c1ccc1d:739f2b45:157585d3cb1:-7f42
      Via:
      - 1.1 varnish
      - 1.1 varnish
      Fastly-Debug-Digest:
      - 9298f2a2f63265e9a16963d2c96d0eecfd1eba858f0c8f92da947c52705d0210
      Content-Length:
      - '80'
      Accept-Ranges:
      - bytes
      Date:
      - Tue, 04 Oct 2016 17:02:45 GMT
      Age:
      - '0'
      Connection:
      - keep-alive
      X-Served-By:
      - cache-sjc3146-SJC, cache-lax8644-LAX
      X-Cache:
      - MISS, MISS
      X-Cache-Hits:
      - 0, 0
      X-Timer:
      - S1475600565.705368,VS0,VE33
    body:
      encoding: UTF-8
      string: |-
        {
          "errors" : [ {
            "status" : 404,
            "message" : "File not found."
          } ]
        }
    http_version: 
  recorded_at: Tue, 04 Oct 2016 17:02:45 GMT
- request:
    method: get
    uri: https://packages.chef.io/files/stable/chefdk/0.3.0/mac_os_x/10.8/chefdk-0.3.0-1.pkg.metadata.json
    body:
      encoding: US-ASCII
      string: ''
    headers:
      Accept-Encoding:
      - gzip;q=1.0,deflate;q=0.6,identity;q=0.3
      Accept:
      - "*/*"
      User-Agent:
      - Ruby
  response:
    status:
      code: 404
      message: Not Found
    headers:
      Content-Type:
      - application/json;charset=ISO-8859-1
      Server:
      - nginx
      X-Artifactory-Id:
      - 0feedc922c1ccc1d:739f2b45:157585d3cb1:-7f42
      Via:
      - 1.1 varnish
      - 1.1 varnish
      Fastly-Debug-Digest:
      - 7a3d27e1bf32f1c2e04436fd01d34b8f4ddc91b7bfea2e8872f5893bcdcabc6b
      Content-Length:
      - '80'
      Accept-Ranges:
      - bytes
      Date:
      - Tue, 04 Oct 2016 17:02:45 GMT
      Age:
      - '0'
      Connection:
      - keep-alive
      X-Served-By:
      - cache-sjc3151-SJC, cache-lax8624-LAX
      X-Cache:
      - MISS, MISS
      X-Cache-Hits:
      - 0, 0
      X-Timer:
      - S1475600565.866512,VS0,VE32
    body:
      encoding: UTF-8
      string: |-
        {
          "errors" : [ {
            "status" : 404,
            "message" : "File not found."
          } ]
        }
    http_version: 
  recorded_at: Tue, 04 Oct 2016 17:02:45 GMT
- request:
    method: get
    uri: https://packages.chef.io/files/stable/chefdk/0.3.0/mac_os_x/10.9/chefdk-0.3.0-1.dmg.metadata.json
    body:
      encoding: US-ASCII
      string: ''
    headers:
      Accept-Encoding:
      - gzip;q=1.0,deflate;q=0.6,identity;q=0.3
      Accept:
      - "*/*"
      User-Agent:
      - Ruby
  response:
    status:
      code: 404
      message: Not Found
    headers:
      Content-Type:
      - application/json;charset=ISO-8859-1
      Server:
      - nginx
      X-Artifactory-Id:
      - 0feedc922c1ccc1d:739f2b45:157585d3cb1:-7f42
      Via:
      - 1.1 varnish
      - 1.1 varnish
      Fastly-Debug-Digest:
      - fa4bacdbb2c58d33a0b75e224b70cedaa9d532ab21282a4cf2cf0b5b16e9c356
      Content-Length:
      - '80'
      Accept-Ranges:
      - bytes
      Date:
      - Tue, 04 Oct 2016 17:02:46 GMT
      Age:
      - '0'
      Connection:
      - keep-alive
      X-Served-By:
      - cache-sjc3136-SJC, cache-lax8642-LAX
      X-Cache:
      - MISS, MISS
      X-Cache-Hits:
      - 0, 0
      X-Timer:
      - S1475600566.018721,VS0,VE33
    body:
      encoding: UTF-8
      string: |-
        {
          "errors" : [ {
            "status" : 404,
            "message" : "File not found."
          } ]
        }
    http_version: 
  recorded_at: Tue, 04 Oct 2016 17:02:46 GMT
- request:
    method: get
    uri: https://packages.chef.io/files/stable/chefdk/0.3.0/mac_os_x/10.9/chefdk-0.3.0-1.pkg.metadata.json
    body:
      encoding: US-ASCII
      string: ''
    headers:
      Accept-Encoding:
      - gzip;q=1.0,deflate;q=0.6,identity;q=0.3
      Accept:
      - "*/*"
      User-Agent:
      - Ruby
  response:
    status:
      code: 404
      message: Not Found
    headers:
      Content-Type:
      - application/json;charset=ISO-8859-1
      Server:
      - nginx
      X-Artifactory-Id:
      - 0feedc922c1ccc1d:739f2b45:157585d3cb1:-7f42
      Via:
      - 1.1 varnish
      - 1.1 varnish
      Fastly-Debug-Digest:
      - 6959482b7f1d43a93298fe0e8a7c4e5024f1249f971f2e49c8e4b96285aa7f25
      Content-Length:
      - '80'
      Accept-Ranges:
      - bytes
      Date:
      - Tue, 04 Oct 2016 17:02:46 GMT
      Age:
      - '0'
      Connection:
      - keep-alive
      X-Served-By:
      - cache-sjc3151-SJC, cache-lax8626-LAX
      X-Cache:
      - MISS, MISS
      X-Cache-Hits:
      - 0, 0
      X-Timer:
      - S1475600566.166606,VS0,VE32
    body:
      encoding: UTF-8
      string: |-
        {
          "errors" : [ {
            "status" : 404,
            "message" : "File not found."
          } ]
        }
    http_version: 
  recorded_at: Tue, 04 Oct 2016 17:02:46 GMT
- request:
    method: get
    uri: https://packages.chef.io/files/stable/chefdk/0.3.0/ubuntu/12.04/chefdk_0.3.0-1_amd64.deb.metadata.json
    body:
      encoding: US-ASCII
      string: ''
    headers:
      Accept-Encoding:
      - gzip;q=1.0,deflate;q=0.6,identity;q=0.3
      Accept:
      - "*/*"
      User-Agent:
      - Ruby
  response:
    status:
      code: 404
      message: Not Found
    headers:
      Content-Type:
      - application/json;charset=ISO-8859-1
      Server:
      - nginx
      X-Artifactory-Id:
      - 0feedc922c1ccc1d:739f2b45:157585d3cb1:-7f42
      Via:
      - 1.1 varnish
      - 1.1 varnish
      Fastly-Debug-Digest:
      - 7f17a69cac0345a10f0bf506ba77e8513eafac5564cbb9842b93431ea6b4daba
      Content-Length:
      - '80'
      Accept-Ranges:
      - bytes
      Date:
      - Tue, 04 Oct 2016 17:02:46 GMT
      Age:
      - '0'
      Connection:
      - keep-alive
      X-Served-By:
      - cache-sjc3150-SJC, cache-lax8627-LAX
      X-Cache:
      - MISS, MISS
      X-Cache-Hits:
      - 0, 0
      X-Timer:
      - S1475600566.326962,VS0,VE40
    body:
      encoding: UTF-8
      string: |-
        {
          "errors" : [ {
            "status" : 404,
            "message" : "File not found."
          } ]
        }
    http_version: 
  recorded_at: Tue, 04 Oct 2016 17:02:46 GMT
- request:
    method: get
    uri: https://packages.chef.io/files/stable/chefdk/0.3.0/ubuntu/13.10/chefdk_0.3.0-1_amd64.deb.metadata.json
    body:
      encoding: US-ASCII
      string: ''
    headers:
      Accept-Encoding:
      - gzip;q=1.0,deflate;q=0.6,identity;q=0.3
      Accept:
      - "*/*"
      User-Agent:
      - Ruby
  response:
    status:
      code: 404
      message: Not Found
    headers:
      Content-Type:
      - application/json;charset=ISO-8859-1
      Server:
      - nginx
      X-Artifactory-Id:
      - 0feedc922c1ccc1d:739f2b45:157585d3cb1:-7f42
      Via:
      - 1.1 varnish
      - 1.1 varnish
      Fastly-Debug-Digest:
      - 08b425b1c3f95bee2129169a69ea29b197bfab1ae0d203c23a149b347ebc8c9e
      Content-Length:
      - '80'
      Accept-Ranges:
      - bytes
      Date:
      - Tue, 04 Oct 2016 17:02:46 GMT
      Age:
      - '0'
      Connection:
      - keep-alive
      X-Served-By:
      - cache-sjc3122-SJC, cache-lax8628-LAX
      X-Cache:
      - MISS, MISS
      X-Cache-Hits:
      - 0, 0
      X-Timer:
      - S1475600566.481599,VS0,VE33
    body:
      encoding: UTF-8
      string: |-
        {
          "errors" : [ {
            "status" : 404,
            "message" : "File not found."
          } ]
        }
    http_version: 
  recorded_at: Tue, 04 Oct 2016 17:02:46 GMT
- request:
    method: get
    uri: https://packages.chef.io/files/stable/chefdk/0.3.0/windows/2008r2/chefdk-0.3.0-1.msi.metadata.json
    body:
      encoding: US-ASCII
      string: ''
    headers:
      Accept-Encoding:
      - gzip;q=1.0,deflate;q=0.6,identity;q=0.3
      Accept:
      - "*/*"
      User-Agent:
      - Ruby
  response:
    status:
      code: 404
      message: Not Found
    headers:
      Content-Type:
      - application/json;charset=ISO-8859-1
      Server:
      - nginx
      X-Artifactory-Id:
      - 0feedc922c1ccc1d:739f2b45:157585d3cb1:-7f42
      Via:
      - 1.1 varnish
      - 1.1 varnish
      Fastly-Debug-Digest:
      - b462b5a857b1ebda4e8bcbddb070cdd1e99f01e39820105cadef1d1ab5524a6b
      Content-Length:
      - '80'
      Accept-Ranges:
      - bytes
      Date:
      - Tue, 04 Oct 2016 17:02:46 GMT
      Age:
      - '0'
      Connection:
      - keep-alive
      X-Served-By:
      - cache-sjc3147-SJC, cache-lax8641-LAX
      X-Cache:
      - MISS, MISS
      X-Cache-Hits:
      - 0, 0
      X-Timer:
      - S1475600566.779215,VS0,VE32
    body:
      encoding: UTF-8
      string: |-
        {
          "errors" : [ {
            "status" : 404,
            "message" : "File not found."
          } ]
        }
    http_version: 
  recorded_at: Tue, 04 Oct 2016 17:02:46 GMT
recorded_with: VCR 3.0.3
