---
http_interactions:
- request:
    method: get
    uri: https://mixlib-install%40chef:a83d3a2ffad50eb9a2230f281a2e19b70fe0db2d@bintray.com/api/v1/packages/chef/stable/compliance/versions/_latest
    body:
      encoding: US-ASCII
      string: ''
    headers:
      Accept-Encoding:
      - gzip;q=1.0,deflate;q=0.6,identity;q=0.3
      Accept:
      - "*/*"
      User-Agent:
      - Ruby
  response:
    status:
      code: 200
      message: OK
    headers:
      Server:
      - nginx
      Date:
      - Thu, 21 Jul 2016 20:04:02 GMT
      Content-Type:
      - application/json
      Transfer-Encoding:
      - chunked
      Connection:
      - keep-alive
      X-Ratelimit-Limit:
      - '0'
      X-Ratelimit-Remaining:
      - '0'
      Strict-Transport-Security:
      - max-age=0
    body:
      encoding: UTF-8
      string: '{"name":"1.3.1","desc":"","package":"compliance","repo":"stable","owner":"chef","labels":[],"attribute_names":["project","version","iteration"],"created":"2016-05-31T14:22:15.274Z","updated":"2016-05-31T14:24:09.579Z","released":"","ordinal":25.0}'
    http_version: 
  recorded_at: Thu, 21 Jul 2016 20:04:01 GMT
- request:
    method: get
    uri: https://mixlib-install%40chef:a83d3a2ffad50eb9a2230f281a2e19b70fe0db2d@bintray.com/api/v1/packages/chef/stable/compliance/versions/1.3.1/files
    body:
      encoding: US-ASCII
      string: ''
    headers:
      Accept-Encoding:
      - gzip;q=1.0,deflate;q=0.6,identity;q=0.3
      Accept:
      - "*/*"
      User-Agent:
      - Ruby
  response:
    status:
      code: 200
      message: OK
    headers:
      Server:
      - nginx
      Date:
      - Thu, 21 Jul 2016 20:04:03 GMT
      Content-Type:
      - application/json
      Transfer-Encoding:
      - chunked
      Connection:
      - keep-alive
      X-Ratelimit-Limit:
      - '0'
      X-Ratelimit-Remaining:
      - '0'
      Strict-Transport-Security:
      - max-age=0
    body:
      encoding: UTF-8
      string: '[{"name":"chef-compliance-1.3.1-1.el6.x86_64.rpm","path":"el/6/chef-compliance-1.3.1-1.el6.x86_64.rpm","repo":"stable","package":"compliance","version":"1.3.1","owner":"chef","created":"2016-05-31T14:22:34.857Z","size":116943777,"sha1":"0835159bc557b39c13dcc86b4b065a200b953f2a","sha256":"a3efef917a15ca17680950ea7c39656fd43d248173e88af05bd7e1e33b8067a0"},{"name":"chef-compliance-1.3.1-1.el6.x86_64.rpm.asc","path":"el/6/chef-compliance-1.3.1-1.el6.x86_64.rpm.asc","repo":"stable","package":"compliance","version":"1.3.1","owner":"chef","created":"2016-05-31T14:23:08.250Z","size":183,"sha1":"dbdfac1a083357512542ea43437ba7fa71e3aa18","sha256":"9100d41af8b53982025619b7f97cd608c1a5d04aa9a75bea5eedadcb6d3cf0e6"},{"name":"chef-compliance-1.3.1-1.el7.x86_64.rpm","path":"el/7/chef-compliance-1.3.1-1.el7.x86_64.rpm","repo":"stable","package":"compliance","version":"1.3.1","owner":"chef","created":"2016-05-31T14:22:32.719Z","size":122220133,"sha1":"d821b39184c67f2aa08d47feee5c8231b0161a03","sha256":"8b29e35f8c6ebcefbe5b9686326e727dfeeb0a0311f4aaa1bc3b96946e628e75"},{"name":"chef-compliance-1.3.1-1.el7.x86_64.rpm.asc","path":"el/7/chef-compliance-1.3.1-1.el7.x86_64.rpm.asc","repo":"stable","package":"compliance","version":"1.3.1","owner":"chef","created":"2016-05-31T14:23:12.521Z","size":183,"sha1":"9a7e01580c5b7912f85b3473bba12ca74220381d","sha256":"eb3ba1383b8ceb776e2435c8702cd79942348bf65fbf3b41c947d88589156784"},{"name":"chef-compliance_1.3.1-1_amd64.deb","path":"ubuntu/12.04/chef-compliance_1.3.1-1_amd64.deb","repo":"stable","package":"compliance","version":"1.3.1","owner":"chef","created":"2016-05-31T14:23:06.044Z","size":115177240,"sha1":"5ed4fc0daa7ad10f7f6f72ddf8307a19e1f4e762","sha256":"5e7c26916f565bd70884ac1b4702343bd480fb548eba34477f81f2a6783a465a"},{"name":"chef-compliance_1.3.1-1_amd64.deb.asc","path":"ubuntu/12.04/chef-compliance_1.3.1-1_amd64.deb.asc","repo":"stable","package":"compliance","version":"1.3.1","owner":"chef","created":"2016-05-31T14:23:58.009Z","size":183,"sha1":"0893ab00bd36b477cb7adb7a7342875b376159a4","sha256":"b4eb017db23efe9e719b82eb4e79a7d9ccf80c44da0d16dc8bedbefdca910797"},{"name":"chef-compliance_1.3.1-1_amd64.deb","path":"ubuntu/14.04/chef-compliance_1.3.1-1_amd64.deb","repo":"stable","package":"compliance","version":"1.3.1","owner":"chef","created":"2016-05-31T14:22:38.584Z","size":115177240,"sha1":"5ed4fc0daa7ad10f7f6f72ddf8307a19e1f4e762","sha256":"5e7c26916f565bd70884ac1b4702343bd480fb548eba34477f81f2a6783a465a"},{"name":"chef-compliance_1.3.1-1_amd64.deb.asc","path":"ubuntu/14.04/chef-compliance_1.3.1-1_amd64.deb.asc","repo":"stable","package":"compliance","version":"1.3.1","owner":"chef","created":"2016-05-31T14:23:14.016Z","size":183,"sha1":"86b6500e969f3a15e0c3f9c251be2ef0560f53ff","sha256":"61b345ed913006e588d34048431610380e429702f647193203d1c0f32a083adc"}]'
    http_version: 
  recorded_at: Thu, 21 Jul 2016 20:04:03 GMT
- request:
    method: get
    uri: https://mixlib-install%40chef:a83d3a2ffad50eb9a2230f281a2e19b70fe0db2d@bintray.com/api/v1/packages/chef/stable/compliance/versions/_latest
    body:
      encoding: US-ASCII
      string: ''
    headers:
      Accept-Encoding:
      - gzip;q=1.0,deflate;q=0.6,identity;q=0.3
      Accept:
      - "*/*"
      User-Agent:
      - Ruby
  response:
    status:
      code: 200
      message: OK
    headers:
      Server:
      - nginx
      Date:
      - Thu, 21 Jul 2016 20:04:04 GMT
      Content-Type:
      - application/json
      Transfer-Encoding:
      - chunked
      Connection:
      - keep-alive
      X-Ratelimit-Limit:
      - '0'
      X-Ratelimit-Remaining:
      - '0'
      Strict-Transport-Security:
      - max-age=0
    body:
      encoding: UTF-8
      string: '{"name":"1.3.1","desc":"","package":"compliance","repo":"stable","owner":"chef","labels":[],"attribute_names":["project","version","iteration"],"created":"2016-05-31T14:22:15.274Z","updated":"2016-05-31T14:24:09.579Z","released":"","ordinal":25.0}'
    http_version: 
  recorded_at: Thu, 21 Jul 2016 20:04:04 GMT
- request:
    method: get
    uri: https://mixlib-install%40chef:a83d3a2ffad50eb9a2230f281a2e19b70fe0db2d@bintray.com/api/v1/packages/chef/stable/compliance/versions/1.3.1/files
    body:
      encoding: US-ASCII
      string: ''
    headers:
      Accept-Encoding:
      - gzip;q=1.0,deflate;q=0.6,identity;q=0.3
      Accept:
      - "*/*"
      User-Agent:
      - Ruby
  response:
    status:
      code: 200
      message: OK
    headers:
      Server:
      - nginx
      Date:
      - Thu, 21 Jul 2016 20:04:05 GMT
      Content-Type:
      - application/json
      Transfer-Encoding:
      - chunked
      Connection:
      - keep-alive
      X-Ratelimit-Limit:
      - '0'
      X-Ratelimit-Remaining:
      - '0'
      Strict-Transport-Security:
      - max-age=0
    body:
      encoding: UTF-8
      string: '[{"name":"chef-compliance-1.3.1-1.el6.x86_64.rpm","path":"el/6/chef-compliance-1.3.1-1.el6.x86_64.rpm","repo":"stable","package":"compliance","version":"1.3.1","owner":"chef","created":"2016-05-31T14:22:34.857Z","size":116943777,"sha1":"0835159bc557b39c13dcc86b4b065a200b953f2a","sha256":"a3efef917a15ca17680950ea7c39656fd43d248173e88af05bd7e1e33b8067a0"},{"name":"chef-compliance-1.3.1-1.el6.x86_64.rpm.asc","path":"el/6/chef-compliance-1.3.1-1.el6.x86_64.rpm.asc","repo":"stable","package":"compliance","version":"1.3.1","owner":"chef","created":"2016-05-31T14:23:08.250Z","size":183,"sha1":"dbdfac1a083357512542ea43437ba7fa71e3aa18","sha256":"9100d41af8b53982025619b7f97cd608c1a5d04aa9a75bea5eedadcb6d3cf0e6"},{"name":"chef-compliance-1.3.1-1.el7.x86_64.rpm","path":"el/7/chef-compliance-1.3.1-1.el7.x86_64.rpm","repo":"stable","package":"compliance","version":"1.3.1","owner":"chef","created":"2016-05-31T14:22:32.719Z","size":122220133,"sha1":"d821b39184c67f2aa08d47feee5c8231b0161a03","sha256":"8b29e35f8c6ebcefbe5b9686326e727dfeeb0a0311f4aaa1bc3b96946e628e75"},{"name":"chef-compliance-1.3.1-1.el7.x86_64.rpm.asc","path":"el/7/chef-compliance-1.3.1-1.el7.x86_64.rpm.asc","repo":"stable","package":"compliance","version":"1.3.1","owner":"chef","created":"2016-05-31T14:23:12.521Z","size":183,"sha1":"9a7e01580c5b7912f85b3473bba12ca74220381d","sha256":"eb3ba1383b8ceb776e2435c8702cd79942348bf65fbf3b41c947d88589156784"},{"name":"chef-compliance_1.3.1-1_amd64.deb","path":"ubuntu/12.04/chef-compliance_1.3.1-1_amd64.deb","repo":"stable","package":"compliance","version":"1.3.1","owner":"chef","created":"2016-05-31T14:23:06.044Z","size":115177240,"sha1":"5ed4fc0daa7ad10f7f6f72ddf8307a19e1f4e762","sha256":"5e7c26916f565bd70884ac1b4702343bd480fb548eba34477f81f2a6783a465a"},{"name":"chef-compliance_1.3.1-1_amd64.deb.asc","path":"ubuntu/12.04/chef-compliance_1.3.1-1_amd64.deb.asc","repo":"stable","package":"compliance","version":"1.3.1","owner":"chef","created":"2016-05-31T14:23:58.009Z","size":183,"sha1":"0893ab00bd36b477cb7adb7a7342875b376159a4","sha256":"b4eb017db23efe9e719b82eb4e79a7d9ccf80c44da0d16dc8bedbefdca910797"},{"name":"chef-compliance_1.3.1-1_amd64.deb","path":"ubuntu/14.04/chef-compliance_1.3.1-1_amd64.deb","repo":"stable","package":"compliance","version":"1.3.1","owner":"chef","created":"2016-05-31T14:22:38.584Z","size":115177240,"sha1":"5ed4fc0daa7ad10f7f6f72ddf8307a19e1f4e762","sha256":"5e7c26916f565bd70884ac1b4702343bd480fb548eba34477f81f2a6783a465a"},{"name":"chef-compliance_1.3.1-1_amd64.deb.asc","path":"ubuntu/14.04/chef-compliance_1.3.1-1_amd64.deb.asc","repo":"stable","package":"compliance","version":"1.3.1","owner":"chef","created":"2016-05-31T14:23:14.016Z","size":183,"sha1":"86b6500e969f3a15e0c3f9c251be2ef0560f53ff","sha256":"61b345ed913006e588d34048431610380e429702f647193203d1c0f32a083adc"}]'
    http_version: 
  recorded_at: Thu, 21 Jul 2016 20:04:05 GMT
recorded_with: VCR 3.0.3
